
Discarded input sections

 .text          0x0000000000000000        0x0 build/obj/boot.o
 .data          0x0000000000000000        0x0 build/obj/boot.o
 .bss           0x0000000000000000        0x0 build/obj/boot.o
 .text          0x0000000000000000        0x0 build/obj/vectors.o
 .data          0x0000000000000000        0x0 build/obj/vectors.o
 .bss           0x0000000000000000        0x0 build/obj/vectors.o
 .data          0x0000000000000000        0x0 build/obj/crt0.o
 .bss           0x0000000000000000        0x0 build/obj/crt0.o
 .data          0x0000000000000000        0x0 build/obj/chcoreasm.o
 .bss           0x0000000000000000        0x0 build/obj/chcoreasm.o
 .text          0x0000000000000000        0x0 build/obj/crt1.o (symbol from plugin)
 .text          0x0000000000000000        0x0 /tmp/ccyCft7W.ltrans0.ltrans.o
 .data          0x0000000000000000        0x0 /tmp/ccyCft7W.ltrans0.ltrans.o
 .bss           0x0000000000000000        0x0 /tmp/ccyCft7W.ltrans0.ltrans.o
 .text          0x0000000000000000        0x0 build/obj/chsys.o (symbol from plugin)
 .text          0x0000000000000000        0x0 build/obj/chdebug.o (symbol from plugin)
 .text          0x0000000000000000        0x0 build/obj/chtrace.o (symbol from plugin)
 .text          0x0000000000000000        0x0 build/obj/chvt.o (symbol from plugin)
 .text          0x0000000000000000        0x0 build/obj/chschd.o (symbol from plugin)
 .text          0x0000000000000000        0x0 build/obj/chthreads.o (symbol from plugin)
 .text          0x0000000000000000        0x0 build/obj/chregistry.o (symbol from plugin)
 .text          0x0000000000000000        0x0 build/obj/chsem.o (symbol from plugin)
 .text          0x0000000000000000        0x0 build/obj/chmtx.o (symbol from plugin)
 .text          0x0000000000000000        0x0 build/obj/chcond.o (symbol from plugin)
 .text          0x0000000000000000        0x0 build/obj/chevents.o (symbol from plugin)
 .text          0x0000000000000000        0x0 build/obj/chmsg.o (symbol from plugin)
 .text          0x0000000000000000        0x0 build/obj/chdynamic.o (symbol from plugin)
 .text          0x0000000000000000        0x0 build/obj/chmboxes.o (symbol from plugin)
 .text          0x0000000000000000        0x0 build/obj/chmemcore.o (symbol from plugin)
 .text          0x0000000000000000        0x0 build/obj/chheap.o (symbol from plugin)
 .text          0x0000000000000000        0x0 build/obj/chmempools.o (symbol from plugin)
 .text          0x0000000000000000        0x0 build/obj/chfactory.o (symbol from plugin)
 .text          0x0000000000000000        0x0 build/obj/chcore.o (symbol from plugin)
 .text          0x0000000000000000        0x0 build/obj/osal.o (symbol from plugin)
 .text          0x0000000000000000        0x0 build/obj/hal.o (symbol from plugin)
 .text          0x0000000000000000        0x0 build/obj/hal_st.o (symbol from plugin)
 .text          0x0000000000000000        0x0 build/obj/hal_buffers.o (symbol from plugin)
 .text          0x0000000000000000        0x0 build/obj/hal_queues.o (symbol from plugin)
 .text          0x0000000000000000        0x0 build/obj/hal_mmcsd.o (symbol from plugin)
 .text          0x0000000000000000        0x0 build/obj/hal_pal.o (symbol from plugin)
 .text          0x0000000000000000        0x0 build/obj/hal_lld.o (symbol from plugin)
 .text          0x0000000000000000        0x0 build/obj/hal_st_lld.o (symbol from plugin)
 .text          0x0000000000000000        0x0 build/obj/aic.o (symbol from plugin)
 .text          0x0000000000000000        0x0 build/obj/sama_matrix.o (symbol from plugin)
 .text          0x0000000000000000        0x0 build/obj/sama_cache.o (symbol from plugin)
 .text          0x0000000000000000        0x0 build/obj/sama_xdmac.o (symbol from plugin)
 .text          0x0000000000000000        0x0 build/obj/hal_pal_lld.o (symbol from plugin)
 .text          0x0000000000000000        0x0 build/obj/hal_uart_lld.o (symbol from plugin)
 .text          0x0000000000000000        0x0 build/obj/board.o (symbol from plugin)
 .text          0x0000000000000000        0x0 build/obj/main.o (symbol from plugin)

Memory Configuration

Name             Origin             Length             Attributes
flash            0x0000000000200000 0x0000000000010000
ram0             0x0000000000210000 0x0000000000010000
ram1             0x0000000000000000 0x0000000000000000
ram2             0x0000000000000000 0x0000000000000000
ram3             0x0000000000000000 0x0000000000000000
ram4             0x0000000000000000 0x0000000000000000
ram5             0x0000000000000000 0x0000000000000000
ram6             0x0000000000000000 0x0000000000000000
ram7             0x0000000000000000 0x0000000000000000
*default*        0x0000000000000000 0xffffffffffffffff

Linker script and memory map

LOAD build/obj/boot.o
LOAD build/obj/vectors.o
LOAD build/obj/crt0.o
LOAD build/obj/chcoreasm.o
LOAD build/obj/crt1.o
LOAD /tmp/ccyCft7W.ltrans0.ltrans.o
LOAD build/obj/chsys.o
LOAD build/obj/chdebug.o
LOAD build/obj/chtrace.o
LOAD build/obj/chvt.o
LOAD build/obj/chschd.o
LOAD build/obj/chthreads.o
LOAD build/obj/chregistry.o
LOAD build/obj/chsem.o
LOAD build/obj/chmtx.o
LOAD build/obj/chcond.o
LOAD build/obj/chevents.o
LOAD build/obj/chmsg.o
LOAD build/obj/chdynamic.o
LOAD build/obj/chmboxes.o
LOAD build/obj/chmemcore.o
LOAD build/obj/chheap.o
LOAD build/obj/chmempools.o
LOAD build/obj/chfactory.o
LOAD build/obj/chcore.o
LOAD build/obj/osal.o
LOAD build/obj/hal.o
LOAD build/obj/hal_st.o
LOAD build/obj/hal_buffers.o
LOAD build/obj/hal_queues.o
LOAD build/obj/hal_mmcsd.o
LOAD build/obj/hal_pal.o
LOAD build/obj/hal_lld.o
LOAD build/obj/hal_st_lld.o
LOAD build/obj/aic.o
LOAD build/obj/sama_matrix.o
LOAD build/obj/sama_cache.o
LOAD build/obj/sama_xdmac.o
LOAD build/obj/hal_pal_lld.o
LOAD build/obj/hal_uart_lld.o
LOAD build/obj/board.o
LOAD build/obj/main.o
                0x0000000000000858                __stacks_total_size__ = (((((__und_stack_size__ + __abt_stack_size__) + __fiq_stack_size__) + __irq_stack_size__) + __svc_stack_size__) + __sys_stack_size__)
                0x0000000000210000                __ram0_start__ = ORIGIN (ram0)
                0x0000000000010000                __ram0_size__ = LENGTH (ram0)
                0x0000000000220000                __ram0_end__ = (__ram0_start__ + __ram0_size__)
                0x0000000000000000                __ram1_start__ = ORIGIN (ram1)
                0x0000000000000000                __ram1_size__ = LENGTH (ram1)
                0x0000000000000000                __ram1_end__ = (__ram1_start__ + __ram1_size__)
                0x0000000000000000                __ram2_start__ = ORIGIN (ram2)
                0x0000000000000000                __ram2_size__ = LENGTH (ram2)
                0x0000000000000000                __ram2_end__ = (__ram2_start__ + __ram2_size__)
                0x0000000000000000                __ram3_start__ = ORIGIN (ram3)
                0x0000000000000000                __ram3_size__ = LENGTH (ram3)
                0x0000000000000000                __ram3_end__ = (__ram3_start__ + __ram3_size__)
                0x0000000000000000                __ram4_start__ = ORIGIN (ram4)
                0x0000000000000000                __ram4_size__ = LENGTH (ram4)
                0x0000000000000000                __ram4_end__ = (__ram4_start__ + __ram4_size__)
                0x0000000000000000                __ram5_start__ = ORIGIN (ram5)
                0x0000000000000000                __ram5_size__ = LENGTH (ram5)
                0x0000000000000000                __ram5_end__ = (__ram5_start__ + __ram5_size__)
                0x0000000000000000                __ram6_start__ = ORIGIN (ram6)
                0x0000000000000000                __ram6_size__ = LENGTH (ram6)
                0x0000000000000000                __ram6_end__ = (__ram6_start__ + __ram6_size__)
                0x0000000000000000                __ram7_start__ = ORIGIN (ram7)
                0x0000000000000000                __ram7_size__ = LENGTH (ram7)
                0x0000000000000000                __ram7_end__ = (__ram7_start__ + __ram7_size__)
                0x0000000000000000                . = 0x0
                0x0000000000000000                _text = .

startup         0x0000000000200000       0xc4
 *(.vectors)
 .vectors       0x0000000000200000       0x40 build/obj/vectors.o
                0x0000000000200000                _start
                0x000000000020003c                Irq_Handler
                0x000000000020003c                Abort_Handler
                0x000000000020003c                Swi_Handler
                0x000000000020003c                Prefetch_Handler
                0x000000000020003c                _unhandled_exception
                0x000000000020003c                Und_Handler
 *(.boot)
 .boot          0x0000000000200040       0x78 build/obj/boot.o
                0x0000000000200040                Boot_Handler
 *fill*         0x00000000002000b8        0x8 
 .boot          0x00000000002000c0        0x4 build/obj/vectors.o

constructors    0x00000000002000c4        0x0
                [!provide]                        PROVIDE (__init_array_start, .)
 *(SORT(.init_array.*))
 *(.init_array)
                [!provide]                        PROVIDE (__init_array_end, .)

destructors     0x00000000002000c4        0x0
                [!provide]                        PROVIDE (__fini_array_start, .)
 *(.fini_array)
 *(SORT(.fini_array.*))
                [!provide]                        PROVIDE (__fini_array_end, .)

.text           0x00000000002000d0      0x754
 *(.text)
 .text          0x00000000002000d0       0xcc build/obj/crt0.o
                0x00000000002000d0                Reset_Handler
 *fill*         0x000000000020019c        0x4 
 .text          0x00000000002001a0      0x188 build/obj/chcoreasm.o
                0x00000000002001a0                _port_switch_arm
                0x00000000002001b0                Mon_Irq_Handler
                0x00000000002001fc                Mon_Fiq_Handler
                0x000000000020029c                Fiq_Handler
                0x0000000000200300                _port_thread_start
 *(.text.*)
 *fill*         0x0000000000200328        0x8 
 .text.mtxSetSlaveSplitAddr
                0x0000000000200330       0x64 /tmp/ccyCft7W.ltrans0.ltrans.o
 *fill*         0x0000000000200394        0xc 
 .text.mtxConfigSlaveSec
                0x00000000002003a0       0x30 /tmp/ccyCft7W.ltrans0.ltrans.o
 .text.go2ns    0x00000000002003d0       0x5c /tmp/ccyCft7W.ltrans0.ltrans.o
 *fill*         0x000000000020042c        0x4 
 .text.sama_clock_init
                0x0000000000200430      0x1fc /tmp/ccyCft7W.ltrans0.ltrans.o
 *fill*         0x000000000020062c        0x4 
 .text.chSchReadyAheadI
                0x0000000000200630       0x3c /tmp/ccyCft7W.ltrans0.ltrans.o
 *fill*         0x000000000020066c        0x4 
 .text.chSchReadyI
                0x0000000000200670       0x3c /tmp/ccyCft7W.ltrans0.ltrans.o
 *fill*         0x00000000002006ac        0x4 
 .text.chSchGoSleepS
                0x00000000002006b0       0x38 /tmp/ccyCft7W.ltrans0.ltrans.o
 *fill*         0x00000000002006e8        0x8 
 .text.chThdExitS
                0x00000000002006f0       0x70 /tmp/ccyCft7W.ltrans0.ltrans.o
 .text.main     0x0000000000200760       0x48 /tmp/ccyCft7W.ltrans0.ltrans.o
                0x0000000000200760                main
 *fill*         0x00000000002007a8        0x8 
 .text.__early_init
                0x00000000002007b0        0xc /tmp/ccyCft7W.ltrans0.ltrans.o
                0x00000000002007b0                __early_init
 *fill*         0x00000000002007bc        0x4 
 .text.chThdExit
                0x00000000002007c0       0x10 /tmp/ccyCft7W.ltrans0.ltrans.o
                0x00000000002007c0                chThdExit
 .text.chSchDoReschedule
                0x00000000002007d0       0x40 /tmp/ccyCft7W.ltrans0.ltrans.o
                0x00000000002007d0                chSchDoReschedule
 .text.__default_exit
                0x0000000000200810        0x4 /tmp/ccyCft7W.ltrans0.ltrans.o
                0x0000000000200810                __default_exit
 *fill*         0x0000000000200814        0xc 
 .text.__late_init
                0x0000000000200820        0x4 /tmp/ccyCft7W.ltrans0.ltrans.o
                0x0000000000200820                __late_init
 *(.rodata)
 *(.rodata.*)
 *(.glue_7t)
 .glue_7t       0x0000000000200824        0x0 linker stubs
 *(.glue_7)
 .glue_7        0x0000000000200824        0x0 linker stubs
 *(.gcc*)

.vfp11_veneer   0x0000000000200824        0x0
 .vfp11_veneer  0x0000000000200824        0x0 linker stubs

.v4_bx          0x0000000000200824        0x0
 .v4_bx         0x0000000000200824        0x0 linker stubs

.iplt           0x0000000000200824        0x0
 .iplt          0x0000000000200824        0x0 build/obj/boot.o

.rel.dyn        0x0000000000200824        0x0
 .rel.iplt      0x0000000000200824        0x0 build/obj/boot.o

.ARM.extab
 *(.ARM.extab* .gnu.linkonce.armextab.*)

.ARM.exidx      0x0000000000200824        0x0
                [!provide]                        PROVIDE (__exidx_start, .)
 *(.ARM.exidx* .gnu.linkonce.armexidx.*)
                [!provide]                        PROVIDE (__exidx_end, .)

.eh_frame_hdr
 *(.eh_frame_hdr)

.eh_frame
 *(.eh_frame)

.textalign      0x0000000000200824        0x4
                0x0000000000200828                . = ALIGN (0x8)
 *fill*         0x0000000000200824        0x4 
                0x0000000000200828                . = ALIGN (0x4)
                0x0000000000200828                _etext = .
                0x0000000000200828                _textdata = _etext

.stacks         0x0000000000210000      0x858
                0x0000000000210000                . = ALIGN (0x8)
                0x0000000000210000                __stacks_base__ = .
                0x0000000000210000                __main_thread_stack_base__ = .
                0x0000000000210858                . = (. + __stacks_total_size__)
 *fill*         0x0000000000210000      0x858 
                0x0000000000210858                . = ALIGN (0x8)
                0x0000000000210858                __stacks_end__ = .

.data           0x0000000000210858        0x0 load address 0x0000000000200828
                0x0000000000210858                . = ALIGN (0x4)
                0x0000000000210858                PROVIDE (_data, .)
 *(.data)
 *(.data.*)
 *(.ramtext)
                0x0000000000210858                . = ALIGN (0x4)
                0x0000000000210858                PROVIDE (_edata, .)

.igot.plt       0x0000000000210858        0x0 load address 0x0000000000200828
 .igot.plt      0x0000000000210858        0x0 build/obj/boot.o

.bss            0x0000000000210858       0x78 load address 0x0000000000200828
                0x0000000000210858                . = ALIGN (0x4)
                0x0000000000210858                PROVIDE (_bss_start, .)
 *(.bss)
 *(.bss.*)
 .bss.ch        0x0000000000210858       0x78 /tmp/ccyCft7W.ltrans0.ltrans.o
 *(COMMON)
                0x00000000002108d0                . = ALIGN (0x4)
                0x00000000002108d0                PROVIDE (_bss_end, .)
                [!provide]                        PROVIDE (end, .)

.ram0           0x00000000002108d0        0x0 load address 0x0000000000200828
                0x00000000002108d0                . = ALIGN (0x4)
 *(.ram0)
 *(.ram0.*)
                0x00000000002108d0                . = ALIGN (0x4)
                0x00000000002108d0                __ram0_free__ = .

.ram1           0x0000000000000000        0x0
                0x0000000000000000                . = ALIGN (0x4)
 *(.ram1)
 *(.ram1.*)
                0x0000000000000000                . = ALIGN (0x4)
                0x0000000000000000                __ram1_free__ = .

.ram2           0x0000000000000000        0x0
                0x0000000000000000                . = ALIGN (0x4)
 *(.ram2)
 *(.ram2.*)
                0x0000000000000000                . = ALIGN (0x4)
                0x0000000000000000                __ram2_free__ = .

.ram3           0x0000000000000000        0x0
                0x0000000000000000                . = ALIGN (0x4)
 *(.ram3)
 *(.ram3.*)
                0x0000000000000000                . = ALIGN (0x4)
                0x0000000000000000                __ram3_free__ = .

.ram4           0x0000000000000000        0x0
                0x0000000000000000                . = ALIGN (0x4)
 *(.ram4)
 *(.ram4.*)
                0x0000000000000000                . = ALIGN (0x4)
                0x0000000000000000                __ram4_free__ = .

.ram5           0x0000000000000000        0x0
                0x0000000000000000                . = ALIGN (0x4)
 *(.ram5)
 *(.ram5.*)
                0x0000000000000000                . = ALIGN (0x4)
                0x0000000000000000                __ram5_free__ = .

.ram6           0x0000000000000000        0x0
                0x0000000000000000                . = ALIGN (0x4)
 *(.ram6)
 *(.ram6.*)
                0x0000000000000000                . = ALIGN (0x4)
                0x0000000000000000                __ram6_free__ = .

.ram7           0x0000000000000000        0x0
                0x0000000000000000                . = ALIGN (0x4)
 *(.ram7)
 *(.ram7.*)
                0x0000000000000000                . = ALIGN (0x4)
                0x0000000000000000                __ram7_free__ = .
                0x00000000002108d0                __heap_base__ = __ram0_free__
                0x0000000000220000                __heap_end__ = __ram0_end__
                0x0000000000000008                __und_stack_size__ = 0x8
                0x0000000000000008                __abt_stack_size__ = 0x8
                0x0000000000000040                __fiq_stack_size__ = 0x40
                0x0000000000000400                __irq_stack_size__ = 0x400
                0x0000000000000008                __svc_stack_size__ = 0x8
                0x0000000000000400                __sys_stack_size__ = 0x400
START GROUP
LOAD /home/chibi/Atmel/arm-gnu-toolchain/bin/../lib/gcc/arm-none-eabi/5.3.1/armv7-a/arm-softfp-vfpv4-d16/libgcc.a
LOAD /home/chibi/Atmel/arm-gnu-toolchain/bin/../lib/gcc/arm-none-eabi/5.3.1/../../../../arm-none-eabi/lib/armv7-a/arm-softfp-vfpv4-d16/libg.a
LOAD /home/chibi/Atmel/arm-gnu-toolchain/bin/../lib/gcc/arm-none-eabi/5.3.1/../../../../arm-none-eabi/lib/armv7-a/arm-softfp-vfpv4-d16/libc.a
END GROUP
OUTPUT(build/ch.elf elf32-littlearm)

.ARM.attributes
                0x0000000000000000       0x33
 .ARM.attributes
                0x0000000000000000       0x27 build/obj/boot.o
 .ARM.attributes
                0x0000000000000027       0x27 build/obj/vectors.o
 .ARM.attributes
                0x000000000000004e       0x27 build/obj/crt0.o
 .ARM.attributes
                0x0000000000000075       0x27 build/obj/chcoreasm.o
 .ARM.attributes
                0x000000000000009c       0x37 /tmp/ccyCft7W.ltrans0.ltrans.o

.comment        0x0000000000000000       0x59
 .comment       0x0000000000000000       0x59 /tmp/ccyCft7W.ltrans0.ltrans.o
                                         0x5a (size before relaxing)

.debug_line     0x0000000000000000      0x6ca
 .debug_line    0x0000000000000000       0x86 build/obj/boot.o
 .debug_line    0x0000000000000086       0x80 build/obj/vectors.o
 .debug_line    0x0000000000000106       0xa0 build/obj/crt0.o
 .debug_line    0x00000000000001a6       0xd9 build/obj/chcoreasm.o
 .debug_line    0x000000000000027f      0x44b /tmp/ccyCft7W.ltrans0.ltrans.o

.debug_info     0x0000000000000000     0x12aa
 .debug_info    0x0000000000000000       0x9d build/obj/boot.o
 .debug_info    0x000000000000009d       0x9a build/obj/vectors.o
 .debug_info    0x0000000000000137       0x9b build/obj/crt0.o
 .debug_info    0x00000000000001d2       0xa4 build/obj/chcoreasm.o
 .debug_info    0x0000000000000276     0x1034 /tmp/ccyCft7W.ltrans0.ltrans.o

.debug_abbrev   0x0000000000000000      0x3be
 .debug_abbrev  0x0000000000000000       0x14 build/obj/boot.o
 .debug_abbrev  0x0000000000000014       0x12 build/obj/vectors.o
 .debug_abbrev  0x0000000000000026       0x14 build/obj/crt0.o
 .debug_abbrev  0x000000000000003a       0x14 build/obj/chcoreasm.o
 .debug_abbrev  0x000000000000004e      0x370 /tmp/ccyCft7W.ltrans0.ltrans.o

.debug_aranges  0x0000000000000000      0x110
 .debug_aranges
                0x0000000000000000       0x20 build/obj/boot.o
 .debug_aranges
                0x0000000000000020       0x28 build/obj/vectors.o
 .debug_aranges
                0x0000000000000048       0x20 build/obj/crt0.o
 .debug_aranges
                0x0000000000000068       0x20 build/obj/chcoreasm.o
 .debug_aranges
                0x0000000000000088       0x88 /tmp/ccyCft7W.ltrans0.ltrans.o

.debug_ranges   0x0000000000000000       0x98
 .debug_ranges  0x0000000000000000       0x20 build/obj/vectors.o
 .debug_ranges  0x0000000000000020       0x78 /tmp/ccyCft7W.ltrans0.ltrans.o

.debug_loc      0x0000000000000000      0x4a1
 .debug_loc     0x0000000000000000      0x4a1 /tmp/ccyCft7W.ltrans0.ltrans.o

.debug_str      0x0000000000000000      0x909
 .debug_str     0x0000000000000000      0x909 /tmp/ccyCft7W.ltrans0.ltrans.o
                                        0x95d (size before relaxing)

.debug_frame    0x0000000000000000      0x138
 .debug_frame   0x0000000000000000      0x138 /tmp/ccyCft7W.ltrans0.ltrans.o

Cross Reference Table

Symbol                                            File
Abort_Handler                                     build/obj/vectors.o
Boot_Handler                                      build/obj/boot.o
Fiq_Handler                                       build/obj/chcoreasm.o
                                                  build/obj/vectors.o
Irq_Handler                                       build/obj/vectors.o
Mon_Fiq_Handler                                   build/obj/chcoreasm.o
Mon_Irq_Handler                                   build/obj/chcoreasm.o
PIT_Handler                                       build/obj/hal_st_lld.o (symbol from plugin)
Prefetch_Handler                                  build/obj/vectors.o
Reset_Handler                                     build/obj/crt0.o
                                                  build/obj/vectors.o
                                                  build/obj/boot.o
Swi_Handler                                       build/obj/vectors.o
Und_Handler                                       build/obj/vectors.o
__abt_stack_size__                                build/obj/crt0.o
__default_exit                                    /tmp/ccyCft7W.ltrans0.ltrans.o
                                                  build/obj/crt1.o (symbol from plugin)
                                                  build/obj/crt0.o
__early_init                                      /tmp/ccyCft7W.ltrans0.ltrans.o
                                                  build/obj/board.o (symbol from plugin)
                                                  build/obj/crt1.o (symbol from plugin)
                                                  build/obj/crt0.o
__fiq_stack_size__                                build/obj/crt0.o
__heap_base__                                     build/obj/chmemcore.o (symbol from plugin)
__heap_end__                                      build/obj/chmemcore.o (symbol from plugin)
__irq_stack_size__                                build/obj/crt0.o
__late_init                                       /tmp/ccyCft7W.ltrans0.ltrans.o
                                                  build/obj/crt1.o (symbol from plugin)
                                                  build/obj/crt0.o
__stacks_end__                                    build/obj/crt0.o
__svc_stack_size__                                build/obj/crt0.o
__und_stack_size__                                build/obj/crt0.o
_bss_end                                          build/obj/crt0.o
_bss_start                                        build/obj/crt0.o
_core_init                                        build/obj/chmemcore.o (symbol from plugin)
                                                  build/obj/chsys.o (symbol from plugin)
_data                                             build/obj/crt0.o
_edata                                            build/obj/crt0.o
_factory_init                                     build/obj/chfactory.o (symbol from plugin)
_heap_init                                        build/obj/chheap.o (symbol from plugin)
                                                  build/obj/chsys.o (symbol from plugin)
_pal_lld_setgroupmode                             build/obj/hal_pal_lld.o (symbol from plugin)
                                                  build/obj/hal_pal.o (symbol from plugin)
_port_switch_arm                                  build/obj/chcoreasm.o
                                                  /tmp/ccyCft7W.ltrans0.ltrans.o
                                                  build/obj/chschd.o (symbol from plugin)
_port_thread_start                                build/obj/chcoreasm.o
                                                  build/obj/chthreads.o (symbol from plugin)
_scheduler_init                                   build/obj/chschd.o (symbol from plugin)
                                                  build/obj/chsys.o (symbol from plugin)
_start                                            build/obj/vectors.o
                                                  build/obj/boot.o
_textdata                                         build/obj/crt0.o
_thread_init                                      build/obj/chthreads.o (symbol from plugin)
                                                  build/obj/chsys.o (symbol from plugin)
_unhandled_exception                              build/obj/vectors.o
_vt_init                                          build/obj/chvt.o (symbol from plugin)
                                                  build/obj/chsys.o (symbol from plugin)
aicClearInt                                       build/obj/aic.o (symbol from plugin)
aicDisableInt                                     build/obj/aic.o (symbol from plugin)
aicEnableInt                                      build/obj/aic.o (symbol from plugin)
                                                  build/obj/hal_st_lld.o (symbol from plugin)
aicInit                                           build/obj/aic.o (symbol from plugin)
                                                  build/obj/hal_lld.o (symbol from plugin)
aicSetInt                                         build/obj/aic.o (symbol from plugin)
aicSetSourceHandler                               build/obj/aic.o (symbol from plugin)
                                                  build/obj/hal_st_lld.o (symbol from plugin)
aicSetSourcePriority                              build/obj/aic.o (symbol from plugin)
                                                  build/obj/hal_st_lld.o (symbol from plugin)
aicSetSpuriousHandler                             build/obj/aic.o (symbol from plugin)
boardInit                                         build/obj/board.o (symbol from plugin)
                                                  build/obj/hal.o (symbol from plugin)
cacheCleanRegion                                  build/obj/sama_cache.o (symbol from plugin)
                                                  build/obj/sama_matrix.o (symbol from plugin)
cacheInvalidateRegion                             build/obj/sama_cache.o (symbol from plugin)
                                                  build/obj/sama_matrix.o (symbol from plugin)
ch                                                build/obj/chschd.o (symbol from plugin)
                                                  build/obj/hal_queues.o (symbol from plugin)
                                                  build/obj/hal_buffers.o (symbol from plugin)
                                                  build/obj/chmsg.o (symbol from plugin)
                                                  build/obj/chevents.o (symbol from plugin)
                                                  build/obj/chcond.o (symbol from plugin)
                                                  build/obj/chmtx.o (symbol from plugin)
                                                  build/obj/chsem.o (symbol from plugin)
                                                  build/obj/chregistry.o (symbol from plugin)
                                                  build/obj/chthreads.o (symbol from plugin)
                                                  build/obj/chvt.o (symbol from plugin)
                                                  build/obj/chsys.o (symbol from plugin)
chCondBroadcast                                   build/obj/chcond.o (symbol from plugin)
chCondBroadcastI                                  build/obj/chcond.o (symbol from plugin)
chCondObjectInit                                  build/obj/chcond.o (symbol from plugin)
chCondSignal                                      build/obj/chcond.o (symbol from plugin)
chCondSignalI                                     build/obj/chcond.o (symbol from plugin)
chCondWait                                        build/obj/chcond.o (symbol from plugin)
chCondWaitS                                       build/obj/chcond.o (symbol from plugin)
chCondWaitTimeout                                 build/obj/chcond.o (symbol from plugin)
chCondWaitTimeoutS                                build/obj/chcond.o (symbol from plugin)
chCoreAllocAlignedWithOffset                      build/obj/chmemcore.o (symbol from plugin)
                                                  build/obj/chheap.o (symbol from plugin)
chCoreAllocAlignedWithOffsetI                     build/obj/chmemcore.o (symbol from plugin)
                                                  build/obj/chfactory.o (symbol from plugin)
chCoreGetStatusX                                  build/obj/chmemcore.o (symbol from plugin)
chEvtAddEvents                                    build/obj/chevents.o (symbol from plugin)
chEvtBroadcastFlags                               build/obj/chevents.o (symbol from plugin)
chEvtBroadcastFlagsI                              build/obj/chevents.o (symbol from plugin)
chEvtDispatch                                     build/obj/chevents.o (symbol from plugin)
chEvtGetAndClearEvents                            build/obj/chevents.o (symbol from plugin)
chEvtGetAndClearEventsI                           build/obj/chevents.o (symbol from plugin)
chEvtGetAndClearFlags                             build/obj/chevents.o (symbol from plugin)
chEvtGetAndClearFlagsI                            build/obj/chevents.o (symbol from plugin)
chEvtRegisterMaskWithFlags                        build/obj/chevents.o (symbol from plugin)
chEvtSignal                                       build/obj/chevents.o (symbol from plugin)
chEvtSignalI                                      build/obj/chevents.o (symbol from plugin)
chEvtUnregister                                   build/obj/chevents.o (symbol from plugin)
chEvtWaitAll                                      build/obj/chevents.o (symbol from plugin)
chEvtWaitAllTimeout                               build/obj/chevents.o (symbol from plugin)
chEvtWaitAny                                      build/obj/chevents.o (symbol from plugin)
chEvtWaitAnyTimeout                               build/obj/chevents.o (symbol from plugin)
chEvtWaitOne                                      build/obj/chevents.o (symbol from plugin)
chEvtWaitOneTimeout                               build/obj/chevents.o (symbol from plugin)
chFactoryCreateBuffer                             build/obj/chfactory.o (symbol from plugin)
chFactoryCreateMailbox                            build/obj/chfactory.o (symbol from plugin)
chFactoryCreateObjectsFIFO                        build/obj/chfactory.o (symbol from plugin)
chFactoryCreateSemaphore                          build/obj/chfactory.o (symbol from plugin)
chFactoryFindBuffer                               build/obj/chfactory.o (symbol from plugin)
chFactoryFindMailbox                              build/obj/chfactory.o (symbol from plugin)
chFactoryFindObject                               build/obj/chfactory.o (symbol from plugin)
chFactoryFindObjectsFIFO                          build/obj/chfactory.o (symbol from plugin)
chFactoryFindSemaphore                            build/obj/chfactory.o (symbol from plugin)
chFactoryRegisterObject                           build/obj/chfactory.o (symbol from plugin)
chFactoryReleaseBuffer                            build/obj/chfactory.o (symbol from plugin)
chFactoryReleaseMailbox                           build/obj/chfactory.o (symbol from plugin)
chFactoryReleaseObject                            build/obj/chfactory.o (symbol from plugin)
chFactoryReleaseObjectsFIFO                       build/obj/chfactory.o (symbol from plugin)
chFactoryReleaseSemaphore                         build/obj/chfactory.o (symbol from plugin)
chGuardedPoolAllocTimeout                         build/obj/chmempools.o (symbol from plugin)
chGuardedPoolAllocTimeoutS                        build/obj/chmempools.o (symbol from plugin)
chGuardedPoolFree                                 build/obj/chmempools.o (symbol from plugin)
chGuardedPoolFreeI                                build/obj/chmempools.o (symbol from plugin)
chGuardedPoolLoadArray                            build/obj/chmempools.o (symbol from plugin)
                                                  build/obj/chfactory.o (symbol from plugin)
chGuardedPoolObjectInitAligned                    build/obj/chmempools.o (symbol from plugin)
                                                  build/obj/chfactory.o (symbol from plugin)
chHeapAllocAligned                                build/obj/chheap.o (symbol from plugin)
                                                  build/obj/chfactory.o (symbol from plugin)
                                                  build/obj/chdynamic.o (symbol from plugin)
chHeapFree                                        build/obj/chheap.o (symbol from plugin)
                                                  build/obj/chfactory.o (symbol from plugin)
                                                  build/obj/chthreads.o (symbol from plugin)
chHeapObjectInit                                  build/obj/chheap.o (symbol from plugin)
chHeapStatus                                      build/obj/chheap.o (symbol from plugin)
chMBFetchI                                        build/obj/chmboxes.o (symbol from plugin)
chMBFetchTimeout                                  build/obj/chmboxes.o (symbol from plugin)
chMBFetchTimeoutS                                 build/obj/chmboxes.o (symbol from plugin)
chMBObjectInit                                    build/obj/chmboxes.o (symbol from plugin)
                                                  build/obj/chfactory.o (symbol from plugin)
chMBPostAheadI                                    build/obj/chmboxes.o (symbol from plugin)
chMBPostAheadTimeout                              build/obj/chmboxes.o (symbol from plugin)
chMBPostAheadTimeoutS                             build/obj/chmboxes.o (symbol from plugin)
chMBPostI                                         build/obj/chmboxes.o (symbol from plugin)
chMBPostTimeout                                   build/obj/chmboxes.o (symbol from plugin)
chMBPostTimeoutS                                  build/obj/chmboxes.o (symbol from plugin)
chMBReset                                         build/obj/chmboxes.o (symbol from plugin)
chMBResetI                                        build/obj/chmboxes.o (symbol from plugin)
chMsgRelease                                      build/obj/chmsg.o (symbol from plugin)
chMsgSend                                         build/obj/chmsg.o (symbol from plugin)
chMsgWait                                         build/obj/chmsg.o (symbol from plugin)
chMtxLock                                         build/obj/chmtx.o (symbol from plugin)
                                                  build/obj/chheap.o (symbol from plugin)
chMtxLockS                                        build/obj/chmtx.o (symbol from plugin)
                                                  build/obj/chcond.o (symbol from plugin)
chMtxObjectInit                                   build/obj/chmtx.o (symbol from plugin)
                                                  build/obj/chheap.o (symbol from plugin)
chMtxTryLock                                      build/obj/chmtx.o (symbol from plugin)
chMtxTryLockS                                     build/obj/chmtx.o (symbol from plugin)
chMtxUnlock                                       build/obj/chmtx.o (symbol from plugin)
                                                  build/obj/chheap.o (symbol from plugin)
chMtxUnlockAll                                    build/obj/chmtx.o (symbol from plugin)
chMtxUnlockAllS                                   build/obj/chmtx.o (symbol from plugin)
chMtxUnlockS                                      build/obj/chmtx.o (symbol from plugin)
                                                  build/obj/chcond.o (symbol from plugin)
chPoolAlloc                                       build/obj/chmempools.o (symbol from plugin)
                                                  build/obj/chfactory.o (symbol from plugin)
                                                  build/obj/chdynamic.o (symbol from plugin)
chPoolAllocI                                      build/obj/chmempools.o (symbol from plugin)
chPoolFree                                        build/obj/chmempools.o (symbol from plugin)
                                                  build/obj/chfactory.o (symbol from plugin)
                                                  build/obj/chthreads.o (symbol from plugin)
chPoolFreeI                                       build/obj/chmempools.o (symbol from plugin)
chPoolLoadArray                                   build/obj/chmempools.o (symbol from plugin)
chPoolObjectInitAligned                           build/obj/chmempools.o (symbol from plugin)
                                                  build/obj/chfactory.o (symbol from plugin)
chRegFindThreadByName                             build/obj/chregistry.o (symbol from plugin)
chRegFindThreadByPointer                          build/obj/chregistry.o (symbol from plugin)
chRegFindThreadByWorkingArea                      build/obj/chregistry.o (symbol from plugin)
chRegFirstThread                                  build/obj/chregistry.o (symbol from plugin)
chRegNextThread                                   build/obj/chregistry.o (symbol from plugin)
chSchDoReschedule                                 /tmp/ccyCft7W.ltrans0.ltrans.o
                                                  build/obj/chschd.o (symbol from plugin)
                                                  build/obj/chcoreasm.o
chSchDoRescheduleAhead                            build/obj/chschd.o (symbol from plugin)
chSchDoRescheduleBehind                           build/obj/chschd.o (symbol from plugin)
                                                  build/obj/chthreads.o (symbol from plugin)
chSchGoSleepS                                     build/obj/chschd.o (symbol from plugin)
                                                  build/obj/chmsg.o (symbol from plugin)
                                                  build/obj/chevents.o (symbol from plugin)
                                                  build/obj/chcond.o (symbol from plugin)
                                                  build/obj/chmtx.o (symbol from plugin)
                                                  build/obj/chsem.o (symbol from plugin)
                                                  build/obj/chthreads.o (symbol from plugin)
chSchGoSleepTimeoutS                              build/obj/chschd.o (symbol from plugin)
                                                  build/obj/chevents.o (symbol from plugin)
                                                  build/obj/chcond.o (symbol from plugin)
                                                  build/obj/chsem.o (symbol from plugin)
                                                  build/obj/chthreads.o (symbol from plugin)
chSchIsPreemptionRequired                         build/obj/chschd.o (symbol from plugin)
                                                  build/obj/hal_st_lld.o (symbol from plugin)
chSchReadyAheadI                                  build/obj/chschd.o (symbol from plugin)
chSchReadyI                                       build/obj/chschd.o (symbol from plugin)
                                                  build/obj/chmsg.o (symbol from plugin)
                                                  build/obj/chevents.o (symbol from plugin)
                                                  build/obj/chcond.o (symbol from plugin)
                                                  build/obj/chmtx.o (symbol from plugin)
                                                  build/obj/chsem.o (symbol from plugin)
                                                  build/obj/chthreads.o (symbol from plugin)
chSchRescheduleS                                  build/obj/chschd.o (symbol from plugin)
                                                  build/obj/chmempools.o (symbol from plugin)
                                                  build/obj/chmboxes.o (symbol from plugin)
                                                  build/obj/chevents.o (symbol from plugin)
                                                  build/obj/chcond.o (symbol from plugin)
                                                  build/obj/chmtx.o (symbol from plugin)
                                                  build/obj/chsem.o (symbol from plugin)
                                                  build/obj/chthreads.o (symbol from plugin)
                                                  build/obj/chsys.o (symbol from plugin)
chSchWakeupS                                      build/obj/chschd.o (symbol from plugin)
                                                  build/obj/chdynamic.o (symbol from plugin)
                                                  build/obj/chmsg.o (symbol from plugin)
                                                  build/obj/chcond.o (symbol from plugin)
                                                  build/obj/chsem.o (symbol from plugin)
                                                  build/obj/chthreads.o (symbol from plugin)
chSemAddCounterI                                  build/obj/chsem.o (symbol from plugin)
chSemObjectInit                                   build/obj/chsem.o (symbol from plugin)
                                                  build/obj/chfactory.o (symbol from plugin)
                                                  build/obj/chmempools.o (symbol from plugin)
chSemReset                                        build/obj/chsem.o (symbol from plugin)
chSemResetI                                       build/obj/chsem.o (symbol from plugin)
chSemSignal                                       build/obj/chsem.o (symbol from plugin)
chSemSignalI                                      build/obj/chsem.o (symbol from plugin)
                                                  build/obj/chmempools.o (symbol from plugin)
chSemSignalWait                                   build/obj/chsem.o (symbol from plugin)
chSemWait                                         build/obj/chsem.o (symbol from plugin)
chSemWaitS                                        build/obj/chsem.o (symbol from plugin)
chSemWaitTimeout                                  build/obj/chsem.o (symbol from plugin)
chSemWaitTimeoutS                                 build/obj/chsem.o (symbol from plugin)
                                                  build/obj/chmempools.o (symbol from plugin)
chSysGetStatusAndLockX                            build/obj/chsys.o (symbol from plugin)
chSysHalt                                         build/obj/chsys.o (symbol from plugin)
chSysInit                                         build/obj/chsys.o (symbol from plugin)
chSysIntegrityCheckI                              build/obj/chsys.o (symbol from plugin)
chSysRestoreStatusX                               build/obj/chsys.o (symbol from plugin)
chSysTimerHandlerI                                build/obj/chsys.o (symbol from plugin)
                                                  build/obj/hal_st_lld.o (symbol from plugin)
chThdAddRef                                       build/obj/chthreads.o (symbol from plugin)
chThdCreate                                       build/obj/chthreads.o (symbol from plugin)
                                                  build/obj/chsys.o (symbol from plugin)
chThdCreateFromHeap                               build/obj/chdynamic.o (symbol from plugin)
chThdCreateFromMemoryPool                         build/obj/chdynamic.o (symbol from plugin)
chThdCreateI                                      build/obj/chthreads.o (symbol from plugin)
chThdCreateStatic                                 build/obj/chthreads.o (symbol from plugin)
chThdCreateSuspended                              build/obj/chthreads.o (symbol from plugin)
chThdCreateSuspendedI                             build/obj/chthreads.o (symbol from plugin)
                                                  build/obj/chdynamic.o (symbol from plugin)
chThdDequeueAllI                                  build/obj/chthreads.o (symbol from plugin)
                                                  build/obj/hal_queues.o (symbol from plugin)
                                                  build/obj/hal_buffers.o (symbol from plugin)
                                                  build/obj/chmboxes.o (symbol from plugin)
chThdDequeueNextI                                 build/obj/chthreads.o (symbol from plugin)
                                                  build/obj/hal_queues.o (symbol from plugin)
                                                  build/obj/hal_buffers.o (symbol from plugin)
                                                  build/obj/chmboxes.o (symbol from plugin)
chThdEnqueueTimeoutS                              build/obj/chthreads.o (symbol from plugin)
                                                  build/obj/hal_queues.o (symbol from plugin)
                                                  build/obj/hal_buffers.o (symbol from plugin)
                                                  build/obj/chmboxes.o (symbol from plugin)
chThdExit                                         /tmp/ccyCft7W.ltrans0.ltrans.o
                                                  build/obj/chthreads.o (symbol from plugin)
                                                  build/obj/chcoreasm.o
chThdExitS                                        build/obj/chthreads.o (symbol from plugin)
chThdRelease                                      build/obj/chthreads.o (symbol from plugin)
                                                  build/obj/chregistry.o (symbol from plugin)
chThdResume                                       build/obj/chthreads.o (symbol from plugin)
chThdResumeI                                      build/obj/chthreads.o (symbol from plugin)
chThdResumeS                                      build/obj/chthreads.o (symbol from plugin)
chThdSetPriority                                  build/obj/chthreads.o (symbol from plugin)
chThdSleep                                        build/obj/chthreads.o (symbol from plugin)
chThdSleepUntil                                   build/obj/chthreads.o (symbol from plugin)
chThdSleepUntilWindowed                           build/obj/chthreads.o (symbol from plugin)
chThdStart                                        build/obj/chthreads.o (symbol from plugin)
chThdSuspendS                                     build/obj/chthreads.o (symbol from plugin)
chThdSuspendTimeoutS                              build/obj/chthreads.o (symbol from plugin)
chThdTerminate                                    build/obj/chthreads.o (symbol from plugin)
chThdWait                                         build/obj/chthreads.o (symbol from plugin)
chThdYield                                        build/obj/chthreads.o (symbol from plugin)
chVTDoResetI                                      build/obj/chvt.o (symbol from plugin)
                                                  build/obj/chschd.o (symbol from plugin)
chVTDoSetI                                        build/obj/chvt.o (symbol from plugin)
                                                  build/obj/chschd.o (symbol from plugin)
ch_debug                                          build/obj/chregistry.o (symbol from plugin)
                                                  build/obj/chsys.o (symbol from plugin)
ch_factory                                        build/obj/chfactory.o (symbol from plugin)
ch_idle_thread_wa                                 build/obj/chsys.o (symbol from plugin)
ch_memcore                                        build/obj/chmemcore.o (symbol from plugin)
go2ns                                             build/obj/main.o (symbol from plugin)
halInit                                           build/obj/hal.o (symbol from plugin)
hal_lld_init                                      build/obj/hal_lld.o (symbol from plugin)
                                                  build/obj/hal.o (symbol from plugin)
ibqGetEmptyBufferI                                build/obj/hal_buffers.o (symbol from plugin)
ibqGetFullBufferTimeout                           build/obj/hal_buffers.o (symbol from plugin)
ibqGetFullBufferTimeoutS                          build/obj/hal_buffers.o (symbol from plugin)
ibqGetTimeout                                     build/obj/hal_buffers.o (symbol from plugin)
ibqObjectInit                                     build/obj/hal_buffers.o (symbol from plugin)
ibqPostFullBufferI                                build/obj/hal_buffers.o (symbol from plugin)
ibqReadTimeout                                    build/obj/hal_buffers.o (symbol from plugin)
ibqReleaseEmptyBuffer                             build/obj/hal_buffers.o (symbol from plugin)
ibqReleaseEmptyBufferS                            build/obj/hal_buffers.o (symbol from plugin)
ibqResetI                                         build/obj/hal_buffers.o (symbol from plugin)
iqGetTimeout                                      build/obj/hal_queues.o (symbol from plugin)
iqObjectInit                                      build/obj/hal_queues.o (symbol from plugin)
iqPutI                                            build/obj/hal_queues.o (symbol from plugin)
iqReadTimeout                                     build/obj/hal_queues.o (symbol from plugin)
iqResetI                                          build/obj/hal_queues.o (symbol from plugin)
main                                              /tmp/ccyCft7W.ltrans0.ltrans.o
                                                  build/obj/main.o (symbol from plugin)
                                                  build/obj/crt0.o
mtxConfigDefaultMaster                            build/obj/sama_matrix.o (symbol from plugin)
mtxConfigSlaveSec                                 build/obj/sama_matrix.o (symbol from plugin)
                                                  build/obj/main.o (symbol from plugin)
mtxRemapRam                                       build/obj/sama_matrix.o (symbol from plugin)
mtxRemapRom                                       build/obj/sama_matrix.o (symbol from plugin)
mtxSetSlaveRegionSize                             build/obj/sama_matrix.o (symbol from plugin)
mtxSetSlaveSplitAddr                              build/obj/sama_matrix.o (symbol from plugin)
                                                  build/obj/main.o (symbol from plugin)
obqFlush                                          build/obj/hal_buffers.o (symbol from plugin)
obqGetEmptyBufferTimeout                          build/obj/hal_buffers.o (symbol from plugin)
obqGetEmptyBufferTimeoutS                         build/obj/hal_buffers.o (symbol from plugin)
obqGetFullBufferI                                 build/obj/hal_buffers.o (symbol from plugin)
obqObjectInit                                     build/obj/hal_buffers.o (symbol from plugin)
obqPostFullBuffer                                 build/obj/hal_buffers.o (symbol from plugin)
obqPostFullBufferS                                build/obj/hal_buffers.o (symbol from plugin)
obqPutTimeout                                     build/obj/hal_buffers.o (symbol from plugin)
obqReleaseEmptyBufferI                            build/obj/hal_buffers.o (symbol from plugin)
obqResetI                                         build/obj/hal_buffers.o (symbol from plugin)
obqTryFlushI                                      build/obj/hal_buffers.o (symbol from plugin)
obqWriteTimeout                                   build/obj/hal_buffers.o (symbol from plugin)
oqGetI                                            build/obj/hal_queues.o (symbol from plugin)
oqObjectInit                                      build/obj/hal_queues.o (symbol from plugin)
oqPutTimeout                                      build/obj/hal_queues.o (symbol from plugin)
oqResetI                                          build/obj/hal_queues.o (symbol from plugin)
oqWriteTimeout                                    build/obj/hal_queues.o (symbol from plugin)
palReadBus                                        build/obj/hal_pal.o (symbol from plugin)
palSetBusMode                                     build/obj/hal_pal.o (symbol from plugin)
palWriteBus                                       build/obj/hal_pal.o (symbol from plugin)
sama_clock_init                                   build/obj/hal_lld.o (symbol from plugin)
                                                  build/obj/board.o (symbol from plugin)
stGetAlarm                                        build/obj/hal_st.o (symbol from plugin)
stInit                                            build/obj/hal_st.o (symbol from plugin)
                                                  build/obj/hal.o (symbol from plugin)
stSetAlarm                                        build/obj/hal_st.o (symbol from plugin)
stStartAlarm                                      build/obj/hal_st.o (symbol from plugin)
stStopAlarm                                       build/obj/hal_st.o (symbol from plugin)
st_lld_init                                       build/obj/hal_st_lld.o (symbol from plugin)
                                                  build/obj/hal_st.o (symbol from plugin)
