Archive member included to satisfy reference by file (symbol)

/home/chibi/Atmel/arm-gnu-toolchain/bin/../lib/gcc/arm-none-eabi/5.3.1/armv7-a/arm-softfp-vfpv4-d16/libgcc.a(_udivsi3.o)
                              /tmp/ccjnpNRb.ltrans0.ltrans.o (__aeabi_uidiv)
/home/chibi/Atmel/arm-gnu-toolchain/bin/../lib/gcc/arm-none-eabi/5.3.1/armv7-a/arm-softfp-vfpv4-d16/libgcc.a(_dvmd_tls.o)
                              /home/chibi/Atmel/arm-gnu-toolchain/bin/../lib/gcc/arm-none-eabi/5.3.1/armv7-a/arm-softfp-vfpv4-d16/libgcc.a(_udivsi3.o) (__aeabi_idiv0)
/home/chibi/Atmel/arm-gnu-toolchain/bin/../lib/gcc/arm-none-eabi/5.3.1/../../../../arm-none-eabi/lib/armv7-a/arm-softfp-vfpv4-d16/libg.a(lib_a-memcmp.o)
                              /tmp/ccjnpNRb.ltrans0.ltrans.o (memcmp)
/home/chibi/Atmel/arm-gnu-toolchain/bin/../lib/gcc/arm-none-eabi/5.3.1/../../../../arm-none-eabi/lib/armv7-a/arm-softfp-vfpv4-d16/libg.a(lib_a-memcpy.o)
                              /tmp/ccjnpNRb.ltrans2.ltrans.o (memcpy)
/home/chibi/Atmel/arm-gnu-toolchain/bin/../lib/gcc/arm-none-eabi/5.3.1/../../../../arm-none-eabi/lib/armv7-a/arm-softfp-vfpv4-d16/libg.a(lib_a-memset.o)
                              /tmp/ccjnpNRb.ltrans2.ltrans.o (memset)
/home/chibi/Atmel/arm-gnu-toolchain/bin/../lib/gcc/arm-none-eabi/5.3.1/../../../../arm-none-eabi/lib/armv7-a/arm-softfp-vfpv4-d16/libg.a(lib_a-strcmp.o)
                              /tmp/ccjnpNRb.ltrans4.ltrans.o (strcmp)
/home/chibi/Atmel/arm-gnu-toolchain/bin/../lib/gcc/arm-none-eabi/5.3.1/../../../../arm-none-eabi/lib/armv7-a/arm-softfp-vfpv4-d16/libg.a(lib_a-strncmp.o)
                              /tmp/ccjnpNRb.ltrans3.ltrans.o (strncmp)
/home/chibi/Atmel/arm-gnu-toolchain/bin/../lib/gcc/arm-none-eabi/5.3.1/../../../../arm-none-eabi/lib/armv7-a/arm-softfp-vfpv4-d16/libg.a(lib_a-strncpy.o)
                              /tmp/ccjnpNRb.ltrans3.ltrans.o (strncpy)

Discarded input sections

 .text          0x0000000000000000        0x0 build/obj/boot.o
 .data          0x0000000000000000        0x0 build/obj/boot.o
 .bss           0x0000000000000000        0x0 build/obj/boot.o
 .text          0x0000000000000000        0x0 build/obj/vectors.o
 .data          0x0000000000000000        0x0 build/obj/vectors.o
 .bss           0x0000000000000000        0x0 build/obj/vectors.o
 .data          0x0000000000000000        0x0 build/obj/crt0.o
 .bss           0x0000000000000000        0x0 build/obj/crt0.o
 .data          0x0000000000000000        0x0 build/obj/chcoreasm.o
 .bss           0x0000000000000000        0x0 build/obj/chcoreasm.o
 .text          0x0000000000000000        0x0 build/obj/crt1.o (symbol from plugin)
 .text          0x0000000000000000        0x0 /tmp/ccjnpNRb.ltrans0.ltrans.o
 .data          0x0000000000000000        0x0 /tmp/ccjnpNRb.ltrans0.ltrans.o
 .bss           0x0000000000000000        0x0 /tmp/ccjnpNRb.ltrans0.ltrans.o
 .bss.ch_factory
                0x0000000000000000       0x34 /tmp/ccjnpNRb.ltrans0.ltrans.o
 .rodata.dummytx
                0x0000000000000000        0x1 /tmp/ccjnpNRb.ltrans0.ltrans.o
 .bss.dummyrx   0x0000000000000000        0x1 /tmp/ccjnpNRb.ltrans0.ltrans.o
 .text.spi_lld_stop
                0x0000000000000000       0xec /tmp/ccjnpNRb.ltrans0.ltrans.o
 .text.spi_lld_send
                0x0000000000000000      0x198 /tmp/ccjnpNRb.ltrans0.ltrans.o
 .text.spi_lld_receive
                0x0000000000000000      0x180 /tmp/ccjnpNRb.ltrans0.ltrans.o
 .text.uart_deinit
                0x0000000000000000       0x54 /tmp/ccjnpNRb.ltrans0.ltrans.o
 .text.sd_lld_stop
                0x0000000000000000       0x84 /tmp/ccjnpNRb.ltrans0.ltrans.o
 .text.chsnprintf
                0x0000000000000000       0xac /tmp/ccjnpNRb.ltrans0.ltrans.o
 .text          0x0000000000000000        0x0 /tmp/ccjnpNRb.ltrans1.ltrans.o
 .data          0x0000000000000000        0x0 /tmp/ccjnpNRb.ltrans1.ltrans.o
 .bss           0x0000000000000000        0x0 /tmp/ccjnpNRb.ltrans1.ltrans.o
 .text.oqResetI
                0x0000000000000000       0x68 /tmp/ccjnpNRb.ltrans1.ltrans.o
 .text.palReadBus
                0x0000000000000000       0x38 /tmp/ccjnpNRb.ltrans1.ltrans.o
 .text.palWriteBus
                0x0000000000000000       0x5c /tmp/ccjnpNRb.ltrans1.ltrans.o
 .text.palSetBusMode
                0x0000000000000000       0x40 /tmp/ccjnpNRb.ltrans1.ltrans.o
 .text.osalOsRescheduleS
                0x0000000000000000        0xc /tmp/ccjnpNRb.ltrans1.ltrans.o
 .text.sdStop   0x0000000000000000       0x54 /tmp/ccjnpNRb.ltrans1.ltrans.o
 .text.sdRequestDataI
                0x0000000000000000       0x50 /tmp/ccjnpNRb.ltrans1.ltrans.o
 .text.sdPutWouldBlock
                0x0000000000000000       0x3c /tmp/ccjnpNRb.ltrans1.ltrans.o
 .text.sdGetWouldBlock
                0x0000000000000000       0x3c /tmp/ccjnpNRb.ltrans1.ltrans.o
 .text.sdControl
                0x0000000000000000       0x34 /tmp/ccjnpNRb.ltrans1.ltrans.o
 .text.osalMutexLock
[...]
Memory Configuration

Name             Origin             Length             Attributes
flash            0x0000000000200000 0x0000000000010000
ram0             0x0000000000210000 0x0000000000010000
ram1             0x0000000000000000 0x0000000000000000
ram2             0x0000000000000000 0x0000000000000000
ram3             0x0000000000000000 0x0000000000000000
ram4             0x0000000000000000 0x0000000000000000
ram5             0x0000000000000000 0x0000000000000000
ram6             0x0000000000000000 0x0000000000000000
ram7             0x0000000000000000 0x0000000000000000
*default*        0x0000000000000000 0xffffffffffffffff

Linker script and memory map

LOAD build/obj/boot.o
LOAD build/obj/vectors.o
LOAD build/obj/crt0.o
LOAD build/obj/chcoreasm.o
LOAD build/obj/crt1.o
LOAD /tmp/ccjnpNRb.ltrans0.ltrans.o
LOAD /tmp/ccjnpNRb.ltrans1.ltrans.o
LOAD /tmp/ccjnpNRb.ltrans2.ltrans.o
LOAD /tmp/ccjnpNRb.ltrans3.ltrans.o
LOAD /tmp/ccjnpNRb.ltrans4.ltrans.o
LOAD build/obj/chsys.o
LOAD build/obj/chdebug.o
LOAD build/obj/chtrace.o
LOAD build/obj/chvt.o
LOAD build/obj/chschd.o
LOAD build/obj/chthreads.o
LOAD build/obj/chregistry.o
LOAD build/obj/chsem.o
LOAD build/obj/chmtx.o
LOAD build/obj/chcond.o
LOAD build/obj/chevents.o
LOAD build/obj/chmsg.o
LOAD build/obj/chdynamic.o
LOAD build/obj/chmboxes.o
LOAD build/obj/chmemcore.o
LOAD build/obj/chheap.o
LOAD build/obj/chmempools.o
LOAD build/obj/chfactory.o
LOAD build/obj/chcore.o
LOAD build/obj/osal.o
LOAD build/obj/hal.o
LOAD build/obj/hal_st.o
LOAD build/obj/hal_buffers.o
LOAD build/obj/hal_queues.o
LOAD build/obj/hal_mmcsd.o
LOAD build/obj/hal_pal.o
LOAD build/obj/hal_serial.o
LOAD build/obj/hal_spi.o
LOAD build/obj/hal_lld.o
LOAD build/obj/hal_st_lld.o
LOAD build/obj/aic.o
LOAD build/obj/sama_matrix.o
LOAD build/obj/sama_cache.o
LOAD build/obj/sama_xdmac.o
LOAD build/obj/hal_pal_lld.o
LOAD build/obj/hal_spi_lld.o
LOAD build/obj/hal_serial_lld.o
LOAD build/obj/hal_uart_lld.o
LOAD build/obj/board.o
LOAD build/obj/chprintf.o
LOAD build/obj/main.o
                0x0000000000000858                __stacks_total_size__ = (((((__und_stack_size__ + __abt_stack_size__) + __fiq_stack_size__) + __irq_stack_size__) + __svc_stack_size__) + __sys_stack_size__)
                0x0000000000210000                __ram0_start__ = ORIGIN (ram0)
                0x0000000000010000                __ram0_size__ = LENGTH (ram0)
                0x0000000000220000                __ram0_end__ = (__ram0_start__ + __ram0_size__)
                0x0000000000000000                __ram1_start__ = ORIGIN (ram1)
                0x0000000000000000                __ram1_size__ = LENGTH (ram1)
                0x0000000000000000                __ram1_end__ = (__ram1_start__ + __ram1_size__)
                0x0000000000000000                __ram2_start__ = ORIGIN (ram2)
                0x0000000000000000                __ram2_size__ = LENGTH (ram2)
                0x0000000000000000                __ram2_end__ = (__ram2_start__ + __ram2_size__)
                0x0000000000000000                __ram3_start__ = ORIGIN (ram3)
                0x0000000000000000                __ram3_size__ = LENGTH (ram3)
                0x0000000000000000                __ram3_end__ = (__ram3_start__ + __ram3_size__)
                0x0000000000000000                __ram4_start__ = ORIGIN (ram4)
                0x0000000000000000                __ram4_size__ = LENGTH (ram4)
                0x0000000000000000                __ram4_end__ = (__ram4_start__ + __ram4_size__)
                0x0000000000000000                __ram5_start__ = ORIGIN (ram5)
                0x0000000000000000                __ram5_size__ = LENGTH (ram5)
                0x0000000000000000                __ram5_end__ = (__ram5_start__ + __ram5_size__)
                0x0000000000000000                __ram6_start__ = ORIGIN (ram6)
                0x0000000000000000                __ram6_size__ = LENGTH (ram6)
                0x0000000000000000                __ram6_end__ = (__ram6_start__ + __ram6_size__)
                0x0000000000000000                __ram7_start__ = ORIGIN (ram7)
                0x0000000000000000                __ram7_size__ = LENGTH (ram7)
                0x0000000000000000                __ram7_end__ = (__ram7_start__ + __ram7_size__)
                0x0000000000000000                . = 0x0
                0x0000000000000000                _text = .

startup         0x0000000000200000       0xc4
 *(.vectors)
 .vectors       0x0000000000200000       0x40 build/obj/vectors.o
                0x0000000000200000                _start
                0x000000000020003c                Irq_Handler
                0x000000000020003c                Abort_Handler
                0x000000000020003c                Swi_Handler
                0x000000000020003c                Prefetch_Handler
                0x000000000020003c                _unhandled_exception
                0x000000000020003c                Und_Handler
 *(.boot)
 .boot          0x0000000000200040       0x78 build/obj/boot.o
                0x0000000000200040                Boot_Handler
 *fill*         0x00000000002000b8        0x8 
 .boot          0x00000000002000c0        0x4 build/obj/vectors.o

constructors    0x00000000002000c4        0x0
                [!provide]                        PROVIDE (__init_array_start, .)
 *(SORT(.init_array.*))
 *(.init_array)
                [!provide]                        PROVIDE (__init_array_end, .)

destructors     0x00000000002000c4        0x0
                [!provide]                        PROVIDE (__fini_array_start, .)
 *(.fini_array)
 *(SORT(.fini_array.*))
                [!provide]                        PROVIDE (__fini_array_end, .)

.text           0x00000000002000d0     0x54d0
 *(.text)
 .text          0x00000000002000d0       0xcc build/obj/crt0.o
                0x00000000002000d0                Reset_Handler
 *fill*         0x000000000020019c        0x4 
 .text          0x00000000002001a0      0x188 build/obj/chcoreasm.o
                0x00000000002001a0                _port_switch_arm
                0x00000000002001b0                Mon_Irq_Handler
                0x00000000002001fc                Mon_Fiq_Handler
                0x000000000020029c                Fiq_Handler
                0x0000000000200300                _port_thread_start
 *fill*         0x0000000000200328        0x8 
 .text          0x0000000000200330      0x20c /home/chibi/Atmel/arm-gnu-toolchain/bin/../lib/gcc/arm-none-eabi/5.3.1/armv7-a/arm-softfp-vfpv4-d16/libgcc.a(_udivsi3.o)
                0x0000000000200330                __udivsi3
                0x0000000000200330                __aeabi_uidiv
                0x000000000020051c                __aeabi_uidivmod
 *fill*         0x000000000020053c        0x4 
 .text          0x0000000000200540        0x4 /home/chibi/Atmel/arm-gnu-toolchain/bin/../lib/gcc/arm-none-eabi/5.3.1/armv7-a/arm-softfp-vfpv4-d16/libgcc.a(_dvmd_tls.o)
                0x0000000000200540                __aeabi_ldiv0
                0x0000000000200540                __aeabi_idiv0
 *(.text.*)
 *fill*         0x0000000000200544        0xc 
 .text.spi_lld_serve_rx_interrupt
                0x0000000000200550      0x1d8 /tmp/ccjnpNRb.ltrans0.ltrans.o
 *fill*         0x0000000000200728        0x8 
 .text.spi_lld_serve_tx_interrupt
                0x0000000000200730       0x34 /tmp/ccjnpNRb.ltrans0.ltrans.o
 *fill*         0x0000000000200764        0xc 
 .text.spi_lld_init
                0x0000000000200770       0x6c /tmp/ccjnpNRb.ltrans0.ltrans.o
                0x0000000000200770                spi_lld_init
 *fill*         0x00000000002007dc        0x4 
 .text.spi_lld_start
                0x00000000002007e0      0x2b8 /tmp/ccjnpNRb.ltrans0.ltrans.o
                0x00000000002007e0                spi_lld_start
 *fill*         0x0000000000200a98        0x8 
 .text.spi_lld_exchange
                0x0000000000200aa0      0x180 /tmp/ccjnpNRb.ltrans0.ltrans.o
                0x0000000000200aa0                spi_lld_exchange
 .text.port_lock_from_isr.lto_priv.6
                0x0000000000200c20        0x4 /tmp/ccjnpNRb.ltrans0.ltrans.o
 *fill*         0x0000000000200c24        0xc 
 .text.port_unlock_from_isr.lto_priv.4
                0x0000000000200c30        0x4 /tmp/ccjnpNRb.ltrans0.ltrans.o
 *fill*         0x0000000000200c34        0xc 
 .text.chSysLockFromISR.lto_priv.2
                0x0000000000200c40        0xc /tmp/ccjnpNRb.ltrans0.ltrans.o
 *fill*         0x0000000000200c4c        0x4 
 .text.chSysUnlockFromISR.lto_priv.0
                0x0000000000200c50        0xc /tmp/ccjnpNRb.ltrans0.ltrans.o
 *fill*         0x0000000000200c5c        0x4 
 .text.osalSysLockFromISR.lto_priv.11
                0x0000000000200c60        0xc /tmp/ccjnpNRb.ltrans0.ltrans.o
 *fill*         0x0000000000200c6c        0x4 
 .text.osalSysUnlockFromISR.lto_priv.9
                0x0000000000200c70        0xc /tmp/ccjnpNRb.ltrans0.ltrans.o
 *fill*         0x0000000000200c7c        0x4 
 .text.osalEventBroadcastFlagsI
                0x0000000000200c80       0x24 /tmp/ccjnpNRb.ltrans0.ltrans.o
 *fill*         0x0000000000200ca4        0xc 
 .text.uart_init
                0x0000000000200cb0       0xc8 /tmp/ccjnpNRb.ltrans0.ltrans.o
 *fill*         0x0000000000200d78        0x8 
 .text.set_error
                0x0000000000200d80       0x90 /tmp/ccjnpNRb.ltrans0.ltrans.o
 .text.serve_interrupt
                0x0000000000200e10      0x1bc /tmp/ccjnpNRb.ltrans0.ltrans.o
 *fill*         0x0000000000200fcc        0x4 
 .text.notify0  0x0000000000200fd0       0x2c /tmp/ccjnpNRb.ltrans0.ltrans.o
 *fill*         0x0000000000200ffc        0x4 
 .text.SAMA_UART0_HANDLER
                0x0000000000201000       0x30 /tmp/ccjnpNRb.ltrans0.ltrans.o
 .text.sd_lld_init
                0x0000000000201030       0xbc /tmp/ccjnpNRb.ltrans0.ltrans.o
                0x0000000000201030                sd_lld_init
 *fill*         0x00000000002010ec        0x4 
 .text.sd_lld_start
                0x00000000002010f0       0xa4 /tmp/ccjnpNRb.ltrans0.ltrans.o
                0x00000000002010f0                sd_lld_start
 *fill*         0x0000000000201194        0xc 
 .text.__early_init
                0x00000000002011a0        0xc /tmp/ccjnpNRb.ltrans0.ltrans.o
                0x00000000002011a0                __early_init
 *fill*         0x00000000002011ac        0x4 
 .text.boardInit
                0x00000000002011b0      0x390 /tmp/ccjnpNRb.ltrans0.ltrans.o
                0x00000000002011b0                boardInit
 .text.long_to_string_with_divisor
                0x0000000000201540      0x140 /tmp/ccjnpNRb.ltrans0.ltrans.o
 .text.ch_ltoa  0x0000000000201680       0x38 /tmp/ccjnpNRb.ltrans0.ltrans.o
 *fill*         0x00000000002016b8        0x8 
 .text.chvprintf
                0x00000000002016c0      0x6c4 /tmp/ccjnpNRb.ltrans0.ltrans.o
 *fill*         0x0000000000201d84        0xc 
 .text.chprintf
                0x0000000000201d90       0x44 /tmp/ccjnpNRb.ltrans0.ltrans.o
 *fill*         0x0000000000201dd4        0xc 
 .text.port_lock_from_isr.lto_priv.7
                0x0000000000201de0        0x4 /tmp/ccjnpNRb.ltrans0.ltrans.o
 *fill*         0x0000000000201de4        0xc 
 .text.port_unlock_from_isr.lto_priv.5
                0x0000000000201df0        0x4 /tmp/ccjnpNRb.ltrans0.ltrans.o
 *fill*         0x0000000000201df4        0xc 
 .text.chSysLockFromISR.lto_priv.3
                0x0000000000201e00        0xc /tmp/ccjnpNRb.ltrans0.ltrans.o
 *fill*         0x0000000000201e0c        0x4 
 .text.chSysUnlockFromISR.lto_priv.1
                0x0000000000201e10        0xc /tmp/ccjnpNRb.ltrans0.ltrans.o
 *fill*         0x0000000000201e1c        0x4 
 .text.chVTIsArmedI
                0x0000000000201e20       0x2c /tmp/ccjnpNRb.ltrans0.ltrans.o
 *fill*         0x0000000000201e4c        0x4 
 .text.chVTResetI
                0x0000000000201e50       0x30 /tmp/ccjnpNRb.ltrans0.ltrans.o
 .text.chVTSetI
                0x0000000000201e80       0x3c /tmp/ccjnpNRb.ltrans0.ltrans.o
 *fill*         0x0000000000201ebc        0x4 
 .text.chRegSetThreadName
                0x0000000000201ec0       0x24 /tmp/ccjnpNRb.ltrans0.ltrans.o
 *fill*         0x0000000000201ee4        0xc 
 .text.led3off  0x0000000000201ef0       0x20 /tmp/ccjnpNRb.ltrans0.ltrans.o
 .text.rxend    0x0000000000201f10       0x54 /tmp/ccjnpNRb.ltrans0.ltrans.o
 *fill*         0x0000000000201f64        0xc 
 .text.Thread1  0x0000000000201f70       0x50 /tmp/ccjnpNRb.ltrans0.ltrans.o
 .text.main     0x0000000000201fc0      0x118 /tmp/ccjnpNRb.ltrans0.ltrans.o
                0x0000000000201fc0                main
 *fill*         0x00000000002020d8        0x8 
 .text.iqGetTimeout
                0x00000000002020e0       0xe0 /tmp/ccjnpNRb.ltrans1.ltrans.o
 .text.iqReadTimeout
                0x00000000002021c0      0x1a4 /tmp/ccjnpNRb.ltrans1.ltrans.o
 *fill*         0x0000000000202364        0xc 
 .text.oqObjectInit
                0x0000000000202370       0x88 /tmp/ccjnpNRb.ltrans1.ltrans.o
                0x0000000000202370                oqObjectInit
 *fill*         0x00000000002023f8        0x8 
 .text.oqPutTimeout
                0x0000000000202400       0xe8 /tmp/ccjnpNRb.ltrans1.ltrans.o
 *fill*         0x00000000002024e8        0x8 
 .text.oqGetI   0x00000000002024f0       0xcc /tmp/ccjnpNRb.ltrans1.ltrans.o
                0x00000000002024f0                oqGetI
 *fill*         0x00000000002025bc        0x4 
 .text.oqWriteTimeout
                0x00000000002025c0      0x1a4 /tmp/ccjnpNRb.ltrans1.ltrans.o
 *fill*         0x0000000000202764        0xc 
 .text.port_lock.lto_priv.44
                0x0000000000202770        0x8 /tmp/ccjnpNRb.ltrans1.ltrans.o
 *fill*         0x0000000000202778        0x8 
 .text.port_unlock.lto_priv.42
                0x0000000000202780        0x8 /tmp/ccjnpNRb.ltrans1.ltrans.o
 *fill*         0x0000000000202788        0x8 
 .text.chSysLock.lto_priv.40
                0x0000000000202790        0xc /tmp/ccjnpNRb.ltrans1.ltrans.o
 *fill*         0x000000000020279c        0x4 
 .text.chSysUnlock.lto_priv.38
                0x00000000002027a0        0xc /tmp/ccjnpNRb.ltrans1.ltrans.o
 *fill*         0x00000000002027ac        0x4 
 .text.chEvtObjectInit
                0x00000000002027b0       0x1c /tmp/ccjnpNRb.ltrans1.ltrans.o
 *fill*         0x00000000002027cc        0x4 
 .text.osalSysLock.lto_priv.36
                0x00000000002027d0        0xc /tmp/ccjnpNRb.ltrans1.ltrans.o
 *fill*         0x00000000002027dc        0x4 
 .text.osalSysUnlock.lto_priv.33
                0x00000000002027e0        0xc /tmp/ccjnpNRb.ltrans1.ltrans.o
 *fill*         0x00000000002027ec        0x4 
 .text.osalEventObjectInit
                0x00000000002027f0       0x1c /tmp/ccjnpNRb.ltrans1.ltrans.o
 *fill*         0x000000000020280c        0x4 
 .text.osalEventBroadcastFlagsI
                0x0000000000202810       0x24 /tmp/ccjnpNRb.ltrans1.ltrans.o
 *fill*         0x0000000000202834        0xc 
 .text._write.lto_priv.12
                0x0000000000202840       0x3c /tmp/ccjnpNRb.ltrans1.ltrans.o
                0x0000000000202840                _write.lto_priv.12
 *fill*         0x000000000020287c        0x4 
 .text._read.lto_priv.13
                0x0000000000202880       0x3c /tmp/ccjnpNRb.ltrans1.ltrans.o
                0x0000000000202880                _read.lto_priv.13
 *fill*         0x00000000002028bc        0x4 
 .text._put.lto_priv.14
                0x00000000002028c0       0x3c /tmp/ccjnpNRb.ltrans1.ltrans.o
                0x00000000002028c0                _put.lto_priv.14
 *fill*         0x00000000002028fc        0x4 
 .text._get.lto_priv.15
                0x0000000000202900       0x30 /tmp/ccjnpNRb.ltrans1.ltrans.o
                0x0000000000202900                _get.lto_priv.15
 .text._putt.lto_priv.16
                0x0000000000202930       0x40 /tmp/ccjnpNRb.ltrans1.ltrans.o
                0x0000000000202930                _putt.lto_priv.16
 .text._gett.lto_priv.17
                0x0000000000202970       0x34 /tmp/ccjnpNRb.ltrans1.ltrans.o
                0x0000000000202970                _gett.lto_priv.17
 *fill*         0x00000000002029a4        0xc 
 .text._writet.lto_priv.18
                0x00000000002029b0       0x40 /tmp/ccjnpNRb.ltrans1.ltrans.o
                0x00000000002029b0                _writet.lto_priv.18
 .text._readt.lto_priv.19
                0x00000000002029f0       0x40 /tmp/ccjnpNRb.ltrans1.ltrans.o
                0x00000000002029f0                _readt.lto_priv.19
 .text._ctl.lto_priv.20
                0x0000000000202a30       0x30 /tmp/ccjnpNRb.ltrans1.ltrans.o
                0x0000000000202a30                _ctl.lto_priv.20
 .text.sdInit   0x0000000000202a60        0xc /tmp/ccjnpNRb.ltrans1.ltrans.o
                0x0000000000202a60                sdInit
 *fill*         0x0000000000202a6c        0x4 
 .text.sdObjectInit
                0x0000000000202a70       0x40 /tmp/ccjnpNRb.ltrans1.ltrans.o
                0x0000000000202a70                sdObjectInit
 .text.sdStart  0x0000000000202ab0       0x38 /tmp/ccjnpNRb.ltrans1.ltrans.o
                0x0000000000202ab0                sdStart
 *fill*         0x0000000000202ae8        0x8 
 .text.sdIncomingDataI
                0x0000000000202af0       0x78 /tmp/ccjnpNRb.ltrans1.ltrans.o
                0x0000000000202af0                sdIncomingDataI
 *fill*         0x0000000000202b68        0x8 
 .text.port_lock.lto_priv.45
                0x0000000000202b70        0x8 /tmp/ccjnpNRb.ltrans1.ltrans.o
 *fill*         0x0000000000202b78        0x8 
 .text.port_unlock.lto_priv.43
                0x0000000000202b80        0x8 /tmp/ccjnpNRb.ltrans1.ltrans.o
 *fill*         0x0000000000202b88        0x8 
 .text.chSysLock.lto_priv.41
                0x0000000000202b90        0xc /tmp/ccjnpNRb.ltrans1.ltrans.o
 *fill*         0x0000000000202b9c        0x4 
 .text.chSysUnlock.lto_priv.39
                0x0000000000202ba0        0xc /tmp/ccjnpNRb.ltrans1.ltrans.o
 *fill*         0x0000000000202bac        0x4 
 .text.osalSysLock.lto_priv.37
                0x0000000000202bb0        0xc /tmp/ccjnpNRb.ltrans1.ltrans.o
 *fill*         0x0000000000202bbc        0x4 
 .text.osalSysUnlock.lto_priv.34
                0x0000000000202bc0        0xc /tmp/ccjnpNRb.ltrans1.ltrans.o
 *fill*         0x0000000000202bcc        0x4 
 .text.osalThreadSuspendS
                0x0000000000202bd0       0x24 /tmp/ccjnpNRb.ltrans1.ltrans.o
 *fill*         0x0000000000202bf4        0xc 
 .text.osalMutexObjectInit
                0x0000000000202c00       0x1c /tmp/ccjnpNRb.ltrans1.ltrans.o
 *fill*         0x0000000000202c1c        0x4 
 .text.spiInit  0x0000000000202c20        0xc /tmp/ccjnpNRb.ltrans1.ltrans.o
                0x0000000000202c20                spiInit
 *fill*         0x0000000000202c2c        0x4 
 .text.spiObjectInit
                0x0000000000202c30       0x48 /tmp/ccjnpNRb.ltrans1.ltrans.o
                0x0000000000202c30                spiObjectInit
 *fill*         0x0000000000202c78        0x8 
 .text.spiStart
                0x0000000000202c80       0x40 /tmp/ccjnpNRb.ltrans1.ltrans.o
                0x0000000000202c80                spiStart
 .text.spiExchange
                0x0000000000202cc0       0x58 /tmp/ccjnpNRb.ltrans1.ltrans.o
                0x0000000000202cc0                spiExchange
 *fill*         0x0000000000202d18        0x8 
 .text.hal_lld_init
                0x0000000000202d20       0xc0 /tmp/ccjnpNRb.ltrans1.ltrans.o
                0x0000000000202d20                hal_lld_init
 .text.sama_clock_init
                0x0000000000202de0      0x338 /tmp/ccjnpNRb.ltrans1.ltrans.o
                0x0000000000202de0                sama_clock_init
 *fill*         0x0000000000203118        0x8 
 .text.port_lock_from_isr.lto_priv.30
                0x0000000000203120        0x4 /tmp/ccjnpNRb.ltrans1.ltrans.o
 *fill*         0x0000000000203124        0xc 
 .text.port_unlock_from_isr.lto_priv.28
                0x0000000000203130        0x4 /tmp/ccjnpNRb.ltrans1.ltrans.o
 *fill*         0x0000000000203134        0xc 
 .text.chSysLockFromISR.lto_priv.26
                0x0000000000203140        0xc /tmp/ccjnpNRb.ltrans1.ltrans.o
 *fill*         0x000000000020314c        0x4 
 .text.chSysUnlockFromISR.lto_priv.24
                0x0000000000203150        0xc /tmp/ccjnpNRb.ltrans1.ltrans.o
 *fill*         0x000000000020315c        0x4 
 .text.osalSysLockFromISR
                0x0000000000203160        0xc /tmp/ccjnpNRb.ltrans1.ltrans.o
 *fill*         0x000000000020316c        0x4 
 .text.osalSysUnlockFromISR
                0x0000000000203170        0xc /tmp/ccjnpNRb.ltrans1.ltrans.o
 *fill*         0x000000000020317c        0x4 
 .text.osalOsTimerHandlerI
                0x0000000000203180        0xc /tmp/ccjnpNRb.ltrans1.ltrans.o
 *fill*         0x000000000020318c        0x4 
 .text.PIT_Handler
                0x0000000000203190       0x48 /tmp/ccjnpNRb.ltrans1.ltrans.o
 *fill*         0x00000000002031d8        0x8 
 .text.st_lld_init
                0x00000000002031e0       0x9c /tmp/ccjnpNRb.ltrans1.ltrans.o
                0x00000000002031e0                st_lld_init
 *fill*         0x000000000020327c        0x4 
 .text.aicInit  0x0000000000203280       0x54 /tmp/ccjnpNRb.ltrans1.ltrans.o
 *fill*         0x00000000002032d4        0xc 
 .text.aicSetSourcePriority
                0x00000000002032e0       0x78 /tmp/ccjnpNRb.ltrans1.ltrans.o
                0x00000000002032e0                aicSetSourcePriority
 *fill*         0x0000000000203358        0x8 
 .text.aicSetSourceHandler
                0x0000000000203360       0x5c /tmp/ccjnpNRb.ltrans1.ltrans.o
                0x0000000000203360                aicSetSourceHandler
 *fill*         0x00000000002033bc        0x4 
 .text.aicEnableInt
                0x00000000002033c0       0x38 /tmp/ccjnpNRb.ltrans1.ltrans.o
                0x00000000002033c0                aicEnableInt
 *fill*         0x00000000002033f8        0x8 
 .text.dmaHandler
                0x0000000000203400      0x1f8 /tmp/ccjnpNRb.ltrans1.ltrans.o
 *fill*         0x00000000002035f8        0x8 
 .text.dmaInit  0x0000000000203600      0x120 /tmp/ccjnpNRb.ltrans1.ltrans.o
 .text.dmaChannelSetTransactionSize
                0x0000000000203720      0x12c /tmp/ccjnpNRb.ltrans1.ltrans.o
                0x0000000000203720                dmaChannelSetTransactionSize
 *fill*         0x000000000020384c        0x4 
 .text.dmaChannelAllocate
                0x0000000000203850      0x1d4 /tmp/ccjnpNRb.ltrans1.ltrans.o
                0x0000000000203850                dmaChannelAllocate
 *fill*         0x0000000000203a24        0xc 
 .text._pal_lld_setgroupmode
                0x0000000000203a30       0x74 /tmp/ccjnpNRb.ltrans1.ltrans.o
                0x0000000000203a30                _pal_lld_setgroupmode
 *fill*         0x0000000000203aa4        0xc 
 .text.port_lock_from_isr.lto_priv.31
                0x0000000000203ab0        0x4 /tmp/ccjnpNRb.ltrans1.ltrans.o
 *fill*         0x0000000000203ab4        0xc 
 .text.port_unlock_from_isr.lto_priv.29
                0x0000000000203ac0        0x4 /tmp/ccjnpNRb.ltrans1.ltrans.o
 *fill*         0x0000000000203ac4        0xc 
 .text.chSysLockFromISR.lto_priv.27
                0x0000000000203ad0        0xc /tmp/ccjnpNRb.ltrans1.ltrans.o
 *fill*         0x0000000000203adc        0x4 
 .text.chSysUnlockFromISR.lto_priv.25
                0x0000000000203ae0        0xc /tmp/ccjnpNRb.ltrans1.ltrans.o
 *fill*         0x0000000000203aec        0x4 
 .text.osalSysHalt.lto_priv.23
                0x0000000000203af0       0x1c /tmp/ccjnpNRb.ltrans1.ltrans.o
                0x0000000000203af0                osalSysHalt.lto_priv.23
 *fill*         0x0000000000203b0c        0x4 
 .text.osalSysLockFromISR.lto_priv.10
                0x0000000000203b10        0xc /tmp/ccjnpNRb.ltrans1.ltrans.o
                0x0000000000203b10                osalSysLockFromISR.lto_priv.10
 *fill*         0x0000000000203b1c        0x4 
 .text.osalSysUnlockFromISR.lto_priv.8
                0x0000000000203b20        0xc /tmp/ccjnpNRb.ltrans1.ltrans.o
                0x0000000000203b20                osalSysUnlockFromISR.lto_priv.8
 *fill*         0x0000000000203b2c        0x4 
 .text.osalThreadResumeI.lto_priv.22
                0x0000000000203b30       0x24 /tmp/ccjnpNRb.ltrans1.ltrans.o
                0x0000000000203b30                osalThreadResumeI.lto_priv.22
 *fill*         0x0000000000203b54        0xc 
 .text.osalInit
                0x0000000000203b60        0x4 /tmp/ccjnpNRb.ltrans2.ltrans.o
 *fill*         0x0000000000203b64        0xc 
 .text.halInit  0x0000000000203b70       0x20 /tmp/ccjnpNRb.ltrans2.ltrans.o
                0x0000000000203b70                halInit
 .text.stInit   0x0000000000203b90        0xc /tmp/ccjnpNRb.ltrans2.ltrans.o
 *fill*         0x0000000000203b9c        0x4 
 .text.port_lock.lto_priv.67
                0x0000000000203ba0        0x8 /tmp/ccjnpNRb.ltrans2.ltrans.o
 *fill*         0x0000000000203ba8        0x8 
 .text.port_unlock.lto_priv.65
                0x0000000000203bb0        0x8 /tmp/ccjnpNRb.ltrans2.ltrans.o
 *fill*         0x0000000000203bb8        0x8 
 .text.queue_init.lto_priv.63
                0x0000000000203bc0       0x28 /tmp/ccjnpNRb.ltrans2.ltrans.o
 *fill*         0x0000000000203be8        0x8 
 .text.chSysLock.lto_priv.61
                0x0000000000203bf0        0xc /tmp/ccjnpNRb.ltrans2.ltrans.o
 *fill*         0x0000000000203bfc        0x4 
 .text.chSysUnlock.lto_priv.58
                0x0000000000203c00        0xc /tmp/ccjnpNRb.ltrans2.ltrans.o
 *fill*         0x0000000000203c0c        0x4 
 .text.chVTGetSystemTimeX.lto_priv.55
                0x0000000000203c10       0x14 /tmp/ccjnpNRb.ltrans2.ltrans.o
 *fill*         0x0000000000203c24        0xc 
 .text.chThdQueueObjectInit.lto_priv.53
                0x0000000000203c30       0x1c /tmp/ccjnpNRb.ltrans2.ltrans.o
 *fill*         0x0000000000203c4c        0x4 
 .text.osalSysLock.lto_priv.35
                0x0000000000203c50        0xc /tmp/ccjnpNRb.ltrans2.ltrans.o
                0x0000000000203c50                osalSysLock.lto_priv.35
 *fill*         0x0000000000203c5c        0x4 
 .text.osalSysUnlock.lto_priv.32
                0x0000000000203c60        0xc /tmp/ccjnpNRb.ltrans2.ltrans.o
                0x0000000000203c60                osalSysUnlock.lto_priv.32
 *fill*         0x0000000000203c6c        0x4 
 .text.osalOsGetSystemTimeX.lto_priv.48
                0x0000000000203c70       0x14 /tmp/ccjnpNRb.ltrans2.ltrans.o
                0x0000000000203c70                osalOsGetSystemTimeX.lto_priv.48
 *fill*         0x0000000000203c84        0xc 
 .text.osalThreadQueueObjectInit.lto_priv.51
                0x0000000000203c90       0x1c /tmp/ccjnpNRb.ltrans2.ltrans.o
                0x0000000000203c90                osalThreadQueueObjectInit.lto_priv.51
 *fill*         0x0000000000203cac        0x4 
 .text.osalThreadEnqueueTimeoutS.lto_priv.47
                0x0000000000203cb0       0x2c /tmp/ccjnpNRb.ltrans2.ltrans.o
                0x0000000000203cb0                osalThreadEnqueueTimeoutS.lto_priv.47
 *fill*         0x0000000000203cdc        0x4 
 .text.osalThreadDequeueNextI.lto_priv.49
                0x0000000000203ce0       0x24 /tmp/ccjnpNRb.ltrans2.ltrans.o
                0x0000000000203ce0                osalThreadDequeueNextI.lto_priv.49
 *fill*         0x0000000000203d04        0xc 
 .text.iqObjectInit
                0x0000000000203d10       0x88 /tmp/ccjnpNRb.ltrans2.ltrans.o
                0x0000000000203d10                iqObjectInit
 *fill*         0x0000000000203d98        0x8 
 .text.iqPutI   0x0000000000203da0       0xd4 /tmp/ccjnpNRb.ltrans2.ltrans.o
                0x0000000000203da0                iqPutI
 *fill*         0x0000000000203e74        0xc 
 .text.chEvtSignalI
                0x0000000000203e80       0xa4 /tmp/ccjnpNRb.ltrans3.ltrans.o
                0x0000000000203e80                chEvtSignalI
 *fill*         0x0000000000203f24        0xc 
 .text.port_lock.lto_priv.86
                0x0000000000203f30        0x8 /tmp/ccjnpNRb.ltrans3.ltrans.o
 *fill*         0x0000000000203f38        0x8 
 .text.port_unlock.lto_priv.80
                0x0000000000203f40        0x8 /tmp/ccjnpNRb.ltrans3.ltrans.o
 *fill*         0x0000000000203f48        0x8 
 .text.chSysLock.lto_priv.99
                0x0000000000203f50        0xc /tmp/ccjnpNRb.ltrans3.ltrans.o
 *fill*         0x0000000000203f5c        0x4 
 .text.chSysUnlock.lto_priv.93
                0x0000000000203f60        0xc /tmp/ccjnpNRb.ltrans3.ltrans.o
 *fill*         0x0000000000203f6c        0x4 
 .text._core_init
                0x0000000000203f70       0x2c /tmp/ccjnpNRb.ltrans3.ltrans.o
                0x0000000000203f70                _core_init
 *fill*         0x0000000000203f9c        0x4 
 .text.chCoreAllocAlignedWithOffsetI
                0x0000000000203fa0       0xcc /tmp/ccjnpNRb.ltrans3.ltrans.o
 *fill*         0x000000000020406c        0x4 
 .text.chCoreAllocAlignedWithOffset
                0x0000000000204070       0x40 /tmp/ccjnpNRb.ltrans3.ltrans.o
 .text._heap_init
                0x00000000002040b0       0x48 /tmp/ccjnpNRb.ltrans3.ltrans.o
                0x00000000002040b0                _heap_init
 *fill*         0x00000000002040f8        0x8 
 .text.__late_init
                0x0000000000204100        0x4 /tmp/ccjnpNRb.ltrans4.ltrans.o
                0x0000000000204100                __late_init
 *fill*         0x0000000000204104        0xc 
 .text.__default_exit
                0x0000000000204110        0x4 /tmp/ccjnpNRb.ltrans4.ltrans.o
                0x0000000000204110                __default_exit
 *fill*         0x0000000000204114        0xc 
 .text.port_init
                0x0000000000204120        0x4 /tmp/ccjnpNRb.ltrans4.ltrans.o
 *fill*         0x0000000000204124        0xc 
 .text.port_lock_from_isr.lto_priv.157
                0x0000000000204130        0x4 /tmp/ccjnpNRb.ltrans4.ltrans.o
 *fill*         0x0000000000204134        0xc 
 .text.port_unlock_from_isr.lto_priv.155
                0x0000000000204140        0x4 /tmp/ccjnpNRb.ltrans4.ltrans.o
 *fill*         0x0000000000204144        0xc 
 .text.port_disable
                0x0000000000204150        0x8 /tmp/ccjnpNRb.ltrans4.ltrans.o
 *fill*         0x0000000000204158        0x8 
 .text.port_enable
                0x0000000000204160        0x8 /tmp/ccjnpNRb.ltrans4.ltrans.o
 *fill*         0x0000000000204168        0x8 
 .text.port_wait_for_interrupt
                0x0000000000204170        0x8 /tmp/ccjnpNRb.ltrans4.ltrans.o
 *fill*         0x0000000000204178        0x8 
 .text.chSysEnable
                0x0000000000204180        0xc /tmp/ccjnpNRb.ltrans4.ltrans.o
 *fill*         0x000000000020418c        0x4 
 .text.chSysLockFromISR.lto_priv.153
                0x0000000000204190        0xc /tmp/ccjnpNRb.ltrans4.ltrans.o
 *fill*         0x000000000020419c        0x4 
 .text.chSysUnlockFromISR.lto_priv.151
                0x00000000002041a0        0xc /tmp/ccjnpNRb.ltrans4.ltrans.o
 *fill*         0x00000000002041ac        0x4 
 .text.chVTDoTickI
                0x00000000002041b0       0xe8 /tmp/ccjnpNRb.ltrans4.ltrans.o
 *fill*         0x0000000000204298        0x8 
 .text._idle_thread.lto_priv.21
                0x00000000002042a0       0x14 /tmp/ccjnpNRb.ltrans4.ltrans.o
                0x00000000002042a0                _idle_thread.lto_priv.21
 *fill*         0x00000000002042b4        0xc 
 .text.chSysInit
                0x00000000002042c0       0x7c /tmp/ccjnpNRb.ltrans4.ltrans.o
                0x00000000002042c0                chSysInit
 *fill*         0x000000000020433c        0x4 
 .text.chSysHalt
                0x0000000000204340       0x24 /tmp/ccjnpNRb.ltrans4.ltrans.o
                0x0000000000204340                chSysHalt
 *fill*         0x0000000000204364        0xc 
 .text.chSysTimerHandlerI
                0x0000000000204370       0x24 /tmp/ccjnpNRb.ltrans4.ltrans.o
                0x0000000000204370                chSysTimerHandlerI
 *fill*         0x0000000000204394        0xc 
 .text._vt_init
                0x00000000002043a0       0x4c /tmp/ccjnpNRb.ltrans4.ltrans.o
 *fill*         0x00000000002043ec        0x4 
 .text.chVTDoSetI
                0x00000000002043f0       0xf4 /tmp/ccjnpNRb.ltrans4.ltrans.o
                0x00000000002043f0                chVTDoSetI
 *fill*         0x00000000002044e4        0xc 
 .text.chVTDoResetI
                0x00000000002044f0       0x78 /tmp/ccjnpNRb.ltrans4.ltrans.o
                0x00000000002044f0                chVTDoResetI
 *fill*         0x0000000000204568        0x8 
 .text.port_lock_from_isr.lto_priv.158
                0x0000000000204570        0x4 /tmp/ccjnpNRb.ltrans4.ltrans.o
 *fill*         0x0000000000204574        0xc 
 .text.port_unlock_from_isr.lto_priv.156
                0x0000000000204580        0x4 /tmp/ccjnpNRb.ltrans4.ltrans.o
 *fill*         0x0000000000204584        0xc 
 .text.queue_init.lto_priv.140
                0x0000000000204590       0x28 /tmp/ccjnpNRb.ltrans4.ltrans.o
 *fill*         0x00000000002045b8        0x8 
 .text.queue_fifo_remove.lto_priv.130
                0x00000000002045c0       0x44 /tmp/ccjnpNRb.ltrans4.ltrans.o
 *fill*         0x0000000000204604        0xc 
 .text.queue_dequeue.lto_priv.145
                0x0000000000204610       0x40 /tmp/ccjnpNRb.ltrans4.ltrans.o
 .text.chSysLockFromISR.lto_priv.154
                0x0000000000204650        0xc /tmp/ccjnpNRb.ltrans4.ltrans.o
 *fill*         0x000000000020465c        0x4 
 .text.chSysUnlockFromISR.lto_priv.152
                0x0000000000204660        0xc /tmp/ccjnpNRb.ltrans4.ltrans.o
 *fill*         0x000000000020466c        0x4 
 .text.chVTIsArmedI
                0x0000000000204670       0x2c /tmp/ccjnpNRb.ltrans4.ltrans.o
 *fill*         0x000000000020469c        0x4 
 .text.chSemFastSignalI
                0x00000000002046a0       0x24 /tmp/ccjnpNRb.ltrans4.ltrans.o
 *fill*         0x00000000002046c4        0xc 
 .text._scheduler_init
                0x00000000002046d0       0x4c /tmp/ccjnpNRb.ltrans4.ltrans.o
 *fill*         0x000000000020471c        0x4 
 .text.chSchReadyI
                0x0000000000204720       0x8c /tmp/ccjnpNRb.ltrans4.ltrans.o
                0x0000000000204720                chSchReadyI
 *fill*         0x00000000002047ac        0x4 
 .text.chSchReadyAheadI
                0x00000000002047b0       0x8c /tmp/ccjnpNRb.ltrans4.ltrans.o
 *fill*         0x000000000020483c        0x4 
 .text.chSchGoSleepS
                0x0000000000204840       0x7c /tmp/ccjnpNRb.ltrans4.ltrans.o
                0x0000000000204840                chSchGoSleepS
 *fill*         0x00000000002048bc        0x4 
 .text.wakeup   0x00000000002048c0       0xa0 /tmp/ccjnpNRb.ltrans4.ltrans.o
 .text.chSchGoSleepTimeoutS
                0x0000000000204960       0x9c /tmp/ccjnpNRb.ltrans4.ltrans.o
                0x0000000000204960                chSchGoSleepTimeoutS
 *fill*         0x00000000002049fc        0x4 
 .text.chSchWakeupS
                0x0000000000204a00       0x8c /tmp/ccjnpNRb.ltrans4.ltrans.o
                0x0000000000204a00                chSchWakeupS
 *fill*         0x0000000000204a8c        0x4 
 .text.chSchIsPreemptionRequired
                0x0000000000204a90       0x50 /tmp/ccjnpNRb.ltrans4.ltrans.o
                0x0000000000204a90                chSchIsPreemptionRequired
 .text.chSchDoReschedule
                0x0000000000204ae0       0x74 /tmp/ccjnpNRb.ltrans4.ltrans.o
                0x0000000000204ae0                chSchDoReschedule
 *fill*         0x0000000000204b54        0xc 
 .text.port_lock.lto_priv.110
                0x0000000000204b60        0x8 /tmp/ccjnpNRb.ltrans4.ltrans.o
 *fill*         0x0000000000204b68        0x8 
 .text.port_unlock.lto_priv.103
                0x0000000000204b70        0x8 /tmp/ccjnpNRb.ltrans4.ltrans.o
 *fill*         0x0000000000204b78        0x8 
 .text.list_init
                0x0000000000204b80       0x1c /tmp/ccjnpNRb.ltrans4.ltrans.o
 *fill*         0x0000000000204b9c        0x4 
 .text.list_notempty
                0x0000000000204ba0       0x30 /tmp/ccjnpNRb.ltrans4.ltrans.o
 .text.queue_init.lto_priv.141
                0x0000000000204bd0       0x28 /tmp/ccjnpNRb.ltrans4.ltrans.o
 *fill*         0x0000000000204bf8        0x8 
 .text.queue_notempty.lto_priv.137
                0x0000000000204c00       0x30 /tmp/ccjnpNRb.ltrans4.ltrans.o
 .text.list_remove
                0x0000000000204c30       0x34 /tmp/ccjnpNRb.ltrans4.ltrans.o
 *fill*         0x0000000000204c64        0xc 
 .text.queue_insert.lto_priv.147
                0x0000000000204c70       0x4c /tmp/ccjnpNRb.ltrans4.ltrans.o
 *fill*         0x0000000000204cbc        0x4 
 .text.queue_fifo_remove.lto_priv.131
                0x0000000000204cc0       0x44 /tmp/ccjnpNRb.ltrans4.ltrans.o
 *fill*         0x0000000000204d04        0xc 
 .text.chSysLock.lto_priv.125
                0x0000000000204d10        0xc /tmp/ccjnpNRb.ltrans4.ltrans.o
 *fill*         0x0000000000204d1c        0x4 
 .text.chSysUnlock.lto_priv.119
                0x0000000000204d20        0xc /tmp/ccjnpNRb.ltrans4.ltrans.o
 *fill*         0x0000000000204d2c        0x4 
 .text.chThdGetSelfX.lto_priv.116
                0x0000000000204d30       0x14 /tmp/ccjnpNRb.ltrans4.ltrans.o
 *fill*         0x0000000000204d44        0xc 
 .text.chThdSleepS
                0x0000000000204d50       0x20 /tmp/ccjnpNRb.ltrans4.ltrans.o
 .text.chThdDoDequeueNextI
                0x0000000000204d70       0x38 /tmp/ccjnpNRb.ltrans4.ltrans.o
 *fill*         0x0000000000204da8        0x8 
 .text._thread_init
                0x0000000000204db0       0xf4 /tmp/ccjnpNRb.ltrans4.ltrans.o
 *fill*         0x0000000000204ea4        0xc 
 .text.chThdCreateSuspendedI
                0x0000000000204eb0       0xa4 /tmp/ccjnpNRb.ltrans4.ltrans.o
                0x0000000000204eb0                chThdCreateSuspendedI
 *fill*         0x0000000000204f54        0xc 
 .text.chThdCreate
                0x0000000000204f60       0x3c /tmp/ccjnpNRb.ltrans4.ltrans.o
 *fill*         0x0000000000204f9c        0x4 
 .text.chThdCreateStatic
                0x0000000000204fa0       0xb8 /tmp/ccjnpNRb.ltrans4.ltrans.o
                0x0000000000204fa0                chThdCreateStatic
 *fill*         0x0000000000205058        0x8 
 .text.chThdExit
                0x0000000000205060       0x20 /tmp/ccjnpNRb.ltrans4.ltrans.o
                0x0000000000205060                chThdExit
 .text.chThdExitS
                0x0000000000205080       0xc0 /tmp/ccjnpNRb.ltrans4.ltrans.o
 .text.chThdSleep
                0x0000000000205140       0x24 /tmp/ccjnpNRb.ltrans4.ltrans.o
                0x0000000000205140                chThdSleep
 *fill*         0x0000000000205164        0xc 
 .text.chThdSuspendS
                0x0000000000205170       0x4c /tmp/ccjnpNRb.ltrans4.ltrans.o
                0x0000000000205170                chThdSuspendS
 *fill*         0x00000000002051bc        0x4 
 .text.chThdResumeI
                0x00000000002051c0       0x54 /tmp/ccjnpNRb.ltrans4.ltrans.o
                0x00000000002051c0                chThdResumeI
 *fill*         0x0000000000205214        0xc 
 .text.chThdEnqueueTimeoutS
                0x0000000000205220       0x58 /tmp/ccjnpNRb.ltrans4.ltrans.o
                0x0000000000205220                chThdEnqueueTimeoutS
 *fill*         0x0000000000205278        0x8 
 .text.chThdDequeueNextI
                0x0000000000205280       0x38 /tmp/ccjnpNRb.ltrans4.ltrans.o
                0x0000000000205280                chThdDequeueNextI
 *fill*         0x00000000002052b8        0x8 
 .text.queue_init.lto_priv.143
                0x00000000002052c0       0x28 /tmp/ccjnpNRb.ltrans4.ltrans.o
 *fill*         0x00000000002052e8        0x8 
 .text.chMtxObjectInit
                0x00000000002052f0       0x2c /tmp/ccjnpNRb.ltrans4.ltrans.o
                0x00000000002052f0                chMtxObjectInit
 *fill*         0x000000000020531c        0x4 
 .text.chEvtBroadcastFlagsI
                0x0000000000205320       0xa0 /tmp/ccjnpNRb.ltrans4.ltrans.o
                0x0000000000205320                chEvtBroadcastFlagsI
 .text.memcmp   0x00000000002053c0       0xa8 /home/chibi/Atmel/arm-gnu-toolchain/bin/../lib/gcc/arm-none-eabi/5.3.1/../../../../arm-none-eabi/lib/armv7-a/arm-softfp-vfpv4-d16/libg.a(lib_a-memcmp.o)
                0x00000000002053c0                memcmp
 *(.rodata)
 *fill*         0x0000000000205468        0x8 
 .rodata        0x0000000000205470       0x5b /tmp/ccjnpNRb.ltrans0.ltrans.o
 *fill*         0x00000000002054cb        0x5 
 .rodata        0x00000000002054d0        0x7 /tmp/ccjnpNRb.ltrans4.ltrans.o
 *(.rodata.*)
 *fill*         0x00000000002054d7        0x9 
 .rodata.idle_descriptor.7911.lto_priv.159
                0x00000000002054e0       0x18 /tmp/ccjnpNRb.ltrans0.ltrans.o
                0x00000000002054e0                idle_descriptor.7911.lto_priv.159
 *fill*         0x00000000002054f8        0x8 
 .rodata.ch_debug
                0x0000000000205500       0x16 /tmp/ccjnpNRb.ltrans0.ltrans.o
                0x0000000000205500                ch_debug
 *fill*         0x0000000000205516        0xa 
 .rodata.vmt.lto_priv.46
                0x0000000000205520       0x24 /tmp/ccjnpNRb.ltrans0.ltrans.o
                0x0000000000205520                vmt.lto_priv.46
 *fill*         0x0000000000205544        0xc 
 .rodata.default_config
                0x0000000000205550        0xc /tmp/ccjnpNRb.ltrans0.ltrans.o
 *fill*         0x000000000020555c        0x4 
 .rodata.sama_inits
                0x0000000000205560       0x30 /tmp/ccjnpNRb.ltrans0.ltrans.o
 .rodata.mst_spicfg
                0x0000000000205590       0x10 /tmp/ccjnpNRb.ltrans0.ltrans.o
 *(.glue_7t)
 .glue_7t       0x00000000002055a0        0x0 linker stubs
 *(.glue_7)
 .glue_7        0x00000000002055a0        0x0 linker stubs
 *(.gcc*)

.vfp11_veneer   0x00000000002055a0        0x0
 .vfp11_veneer  0x00000000002055a0        0x0 linker stubs

.v4_bx          0x00000000002055a0        0x0
 .v4_bx         0x00000000002055a0        0x0 linker stubs

.iplt           0x00000000002055a0        0x0
 .iplt          0x00000000002055a0        0x0 build/obj/boot.o

.rel.dyn        0x00000000002055a0        0x0
 .rel.iplt      0x00000000002055a0        0x0 build/obj/boot.o

.ARM.extab
 *(.ARM.extab* .gnu.linkonce.armextab.*)

.ARM.exidx      0x00000000002055a0        0x0
                [!provide]                        PROVIDE (__exidx_start, .)
 *(.ARM.exidx* .gnu.linkonce.armexidx.*)
                [!provide]                        PROVIDE (__exidx_end, .)

.eh_frame_hdr
 *(.eh_frame_hdr)

.eh_frame
 *(.eh_frame)

.textalign      0x00000000002055a0        0x0
                0x00000000002055a0                . = ALIGN (0x8)
                0x00000000002055a0                . = ALIGN (0x4)
                0x00000000002055a0                _etext = .
                0x00000000002055a0                _textdata = _etext

.stacks         0x0000000000210000      0x858
                0x0000000000210000                . = ALIGN (0x8)
                0x0000000000210000                __stacks_base__ = .
                0x0000000000210000                __main_thread_stack_base__ = .
                0x0000000000210858                . = (. + __stacks_total_size__)
 *fill*         0x0000000000210000      0x858 
                0x0000000000210858                . = ALIGN (0x8)
                0x0000000000210858                __stacks_end__ = .

.data           0x0000000000210858       0x10 load address 0x00000000002055a0
                0x0000000000210858                . = ALIGN (0x4)
                0x0000000000210858                PROVIDE (_data, .)
 *(.data)
 *(.data.*)
 .data.txbuf    0x0000000000210858       0x10 /tmp/ccjnpNRb.ltrans0.ltrans.o
 *(.ramtext)
                0x0000000000210868                . = ALIGN (0x4)
                0x0000000000210868                PROVIDE (_edata, .)

.igot.plt       0x0000000000210868        0x0 load address 0x00000000002055b0
 .igot.plt      0x0000000000210868        0x0 build/obj/boot.o

.bss            0x0000000000210868      0x6f8 load address 0x00000000002055b0
                0x0000000000210868                . = ALIGN (0x4)
                0x0000000000210868                PROVIDE (_bss_start, .)
 *(.bss)
 *(.bss.*)
 .bss.ch_idle_thread_wa
                0x0000000000210868       0xd0 /tmp/ccjnpNRb.ltrans0.ltrans.o
                0x0000000000210868                ch_idle_thread_wa
 .bss.ch        0x0000000000210938       0x78 /tmp/ccjnpNRb.ltrans0.ltrans.o
                0x0000000000210938                ch
 .bss.ch_memcore
                0x00000000002109b0        0x8 /tmp/ccjnpNRb.ltrans0.ltrans.o
                0x00000000002109b0                ch_memcore
 .bss.default_heap.lto_priv.101
                0x00000000002109b8       0x20 /tmp/ccjnpNRb.ltrans0.ltrans.o
                0x00000000002109b8                default_heap.lto_priv.101
 .bss._sama_dma_channel_t
                0x00000000002109d8      0x200 /tmp/ccjnpNRb.ltrans0.ltrans.o
                0x00000000002109d8                _sama_dma_channel_t
 .bss.SPID1     0x0000000000210bd8       0x30 /tmp/ccjnpNRb.ltrans0.ltrans.o
 .bss.SD0       0x0000000000210c08       0x64 /tmp/ccjnpNRb.ltrans0.ltrans.o
 .bss.sd_in_buf0
                0x0000000000210c6c       0x10 /tmp/ccjnpNRb.ltrans0.ltrans.o
 .bss.sd_out_buf0
                0x0000000000210c7c       0x10 /tmp/ccjnpNRb.ltrans0.ltrans.o
 .bss.vt3       0x0000000000210c8c       0x14 /tmp/ccjnpNRb.ltrans0.ltrans.o
 .bss.rxbuf     0x0000000000210ca0       0x10 /tmp/ccjnpNRb.ltrans0.ltrans.o
 .bss.waThread1
                0x0000000000210cb0      0x2b0 /tmp/ccjnpNRb.ltrans0.ltrans.o
 *(COMMON)
                0x0000000000210f60                . = ALIGN (0x4)
                0x0000000000210f60                PROVIDE (_bss_end, .)
                [!provide]                        PROVIDE (end, .)

.ram0           0x0000000000210f60        0x0 load address 0x00000000002055b0
                0x0000000000210f60                . = ALIGN (0x4)
 *(.ram0)
 *(.ram0.*)
                0x0000000000210f60                . = ALIGN (0x4)
                0x0000000000210f60                __ram0_free__ = .

.ram1           0x0000000000000000        0x0
                0x0000000000000000                . = ALIGN (0x4)
 *(.ram1)
 *(.ram1.*)
                0x0000000000000000                . = ALIGN (0x4)
                0x0000000000000000                __ram1_free__ = .

.ram2           0x0000000000000000        0x0
                0x0000000000000000                . = ALIGN (0x4)
 *(.ram2)
 *(.ram2.*)
                0x0000000000000000                . = ALIGN (0x4)
                0x0000000000000000                __ram2_free__ = .

.ram3           0x0000000000000000        0x0
                0x0000000000000000                . = ALIGN (0x4)
 *(.ram3)
 *(.ram3.*)
                0x0000000000000000                . = ALIGN (0x4)
                0x0000000000000000                __ram3_free__ = .

.ram4           0x0000000000000000        0x0
                0x0000000000000000                . = ALIGN (0x4)
 *(.ram4)
 *(.ram4.*)
                0x0000000000000000                . = ALIGN (0x4)
                0x0000000000000000                __ram4_free__ = .

.ram5           0x0000000000000000        0x0
                0x0000000000000000                . = ALIGN (0x4)
 *(.ram5)
 *(.ram5.*)
                0x0000000000000000                . = ALIGN (0x4)
                0x0000000000000000                __ram5_free__ = .

.ram6           0x0000000000000000        0x0
                0x0000000000000000                . = ALIGN (0x4)
 *(.ram6)
 *(.ram6.*)
                0x0000000000000000                . = ALIGN (0x4)
                0x0000000000000000                __ram6_free__ = .

.ram7           0x0000000000000000        0x0
                0x0000000000000000                . = ALIGN (0x4)
 *(.ram7)
 *(.ram7.*)
                0x0000000000000000                . = ALIGN (0x4)
                0x0000000000000000                __ram7_free__ = .
                0x0000000000210f60                __heap_base__ = __ram0_free__
                0x0000000000220000                __heap_end__ = __ram0_end__
                0x0000000000000008                __und_stack_size__ = 0x8
                0x0000000000000008                __abt_stack_size__ = 0x8
                0x0000000000000040                __fiq_stack_size__ = 0x40
                0x0000000000000400                __irq_stack_size__ = 0x400
                0x0000000000000008                __svc_stack_size__ = 0x8
                0x0000000000000400                __sys_stack_size__ = 0x400
START GROUP
LOAD /home/chibi/Atmel/arm-gnu-toolchain/bin/../lib/gcc/arm-none-eabi/5.3.1/armv7-a/arm-softfp-vfpv4-d16/libgcc.a
LOAD /home/chibi/Atmel/arm-gnu-toolchain/bin/../lib/gcc/arm-none-eabi/5.3.1/../../../../arm-none-eabi/lib/armv7-a/arm-softfp-vfpv4-d16/libg.a
LOAD /home/chibi/Atmel/arm-gnu-toolchain/bin/../lib/gcc/arm-none-eabi/5.3.1/../../../../arm-none-eabi/lib/armv7-a/arm-softfp-vfpv4-d16/libc.a
END GROUP
OUTPUT(build/ch.elf elf32-littlearm)

.ARM.attributes
                0x0000000000000000       0x37
 .ARM.attributes
                0x0000000000000000       0x27 build/obj/boot.o
 .ARM.attributes
                0x0000000000000027       0x27 build/obj/vectors.o
 .ARM.attributes
                0x000000000000004e       0x27 build/obj/crt0.o
 .ARM.attributes
                0x0000000000000075       0x27 build/obj/chcoreasm.o
 .ARM.attributes
                0x000000000000009c       0x37 /tmp/ccjnpNRb.ltrans0.ltrans.o
 .ARM.attributes
                0x00000000000000d3       0x37 /tmp/ccjnpNRb.ltrans1.ltrans.o
 .ARM.attributes
                0x000000000000010a       0x37 /tmp/ccjnpNRb.ltrans2.ltrans.o
 .ARM.attributes
                0x0000000000000141       0x37 /tmp/ccjnpNRb.ltrans3.ltrans.o
 .ARM.attributes
                0x0000000000000178       0x37 /tmp/ccjnpNRb.ltrans4.ltrans.o
 .ARM.attributes
                0x00000000000001af       0x21 /home/chibi/Atmel/arm-gnu-toolchain/bin/../lib/gcc/arm-none-eabi/5.3.1/armv7-a/arm-softfp-vfpv4-d16/libgcc.a(_udivsi3.o)
 .ARM.attributes
                0x00000000000001d0       0x21 /home/chibi/Atmel/arm-gnu-toolchain/bin/../lib/gcc/arm-none-eabi/5.3.1/armv7-a/arm-softfp-vfpv4-d16/libgcc.a(_dvmd_tls.o)
 .ARM.attributes
                0x00000000000001f1       0x31 /home/chibi/Atmel/arm-gnu-toolchain/bin/../lib/gcc/arm-none-eabi/5.3.1/../../../../arm-none-eabi/lib/armv7-a/arm-softfp-vfpv4-d16/libg.a(lib_a-memcmp.o)

.comment        0x0000000000000000       0x59
 .comment       0x0000000000000000       0x59 /tmp/ccjnpNRb.ltrans0.ltrans.o
                                         0x5a (size before relaxing)
 .comment       0x0000000000000059       0x5a /tmp/ccjnpNRb.ltrans1.ltrans.o
 .comment       0x0000000000000059       0x5a /tmp/ccjnpNRb.ltrans2.ltrans.o
 .comment       0x0000000000000059       0x5a /tmp/ccjnpNRb.ltrans3.ltrans.o
 .comment       0x0000000000000059       0x5a /tmp/ccjnpNRb.ltrans4.ltrans.o

.debug_line     0x0000000000000000     0x4688
 .debug_line    0x0000000000000000       0x86 build/obj/boot.o
 .debug_line    0x0000000000000086       0x80 build/obj/vectors.o
 .debug_line    0x0000000000000106       0xa0 build/obj/crt0.o
 .debug_line    0x00000000000001a6       0xd9 build/obj/chcoreasm.o
 .debug_line    0x000000000000027f      0xa3b /tmp/ccjnpNRb.ltrans0.ltrans.o
 .debug_line    0x0000000000000cba      0xfc6 /tmp/ccjnpNRb.ltrans1.ltrans.o
 .debug_line    0x0000000000001c80      0xa98 /tmp/ccjnpNRb.ltrans2.ltrans.o
 .debug_line    0x0000000000002718      0xc21 /tmp/ccjnpNRb.ltrans3.ltrans.o
 .debug_line    0x0000000000003339     0x134f /tmp/ccjnpNRb.ltrans4.ltrans.o

.debug_info     0x0000000000000000     0xc47d
 .debug_info    0x0000000000000000       0x9a build/obj/boot.o
 .debug_info    0x000000000000009a       0x97 build/obj/vectors.o
 .debug_info    0x0000000000000131       0x98 build/obj/crt0.o
 .debug_info    0x00000000000001c9       0xa1 build/obj/chcoreasm.o
 .debug_info    0x000000000000026a     0x24df /tmp/ccjnpNRb.ltrans0.ltrans.o
 .debug_info    0x0000000000002749     0x34f0 /tmp/ccjnpNRb.ltrans1.ltrans.o
 .debug_info    0x0000000000005c39     0x1b78 /tmp/ccjnpNRb.ltrans2.ltrans.o
 .debug_info    0x00000000000077b1     0x21c1 /tmp/ccjnpNRb.ltrans3.ltrans.o
 .debug_info    0x0000000000009972     0x2b0b /tmp/ccjnpNRb.ltrans4.ltrans.o

.debug_abbrev   0x0000000000000000     0x140f
 .debug_abbrev  0x0000000000000000       0x14 build/obj/boot.o
 .debug_abbrev  0x0000000000000014       0x12 build/obj/vectors.o
 .debug_abbrev  0x0000000000000026       0x14 build/obj/crt0.o
 .debug_abbrev  0x000000000000003a       0x14 build/obj/chcoreasm.o
 .debug_abbrev  0x000000000000004e      0x3fa /tmp/ccjnpNRb.ltrans0.ltrans.o
 .debug_abbrev  0x0000000000000448      0x417 /tmp/ccjnpNRb.ltrans1.ltrans.o
 .debug_abbrev  0x000000000000085f      0x3a4 /tmp/ccjnpNRb.ltrans2.ltrans.o
 .debug_abbrev  0x0000000000000c03      0x3b7 /tmp/ccjnpNRb.ltrans3.ltrans.o
 .debug_abbrev  0x0000000000000fba      0x455 /tmp/ccjnpNRb.ltrans4.ltrans.o

.debug_aranges  0x0000000000000000     0x10d8
 .debug_aranges
                0x0000000000000000       0x20 build/obj/boot.o
 .debug_aranges
                0x0000000000000020       0x28 build/obj/vectors.o
 .debug_aranges
                0x0000000000000048       0x20 build/obj/crt0.o
 .debug_aranges
                0x0000000000000068       0x20 build/obj/chcoreasm.o
 .debug_aranges
                0x0000000000000088      0x170 /tmp/ccjnpNRb.ltrans0.ltrans.o
 .debug_aranges
                0x00000000000001f8      0x390 /tmp/ccjnpNRb.ltrans1.ltrans.o
 .debug_aranges
                0x0000000000000588      0x298 /tmp/ccjnpNRb.ltrans2.ltrans.o
 .debug_aranges
                0x0000000000000820      0x310 /tmp/ccjnpNRb.ltrans3.ltrans.o
 .debug_aranges
                0x0000000000000b30      0x5a8 /tmp/ccjnpNRb.ltrans4.ltrans.o

.debug_ranges   0x0000000000000000     0x1020
 .debug_ranges  0x0000000000000000       0x20 build/obj/vectors.o
 .debug_ranges  0x0000000000000020      0x160 /tmp/ccjnpNRb.ltrans0.ltrans.o
 .debug_ranges  0x0000000000000180      0x380 /tmp/ccjnpNRb.ltrans1.ltrans.o
 .debug_ranges  0x0000000000000500      0x288 /tmp/ccjnpNRb.ltrans2.ltrans.o
 .debug_ranges  0x0000000000000788      0x300 /tmp/ccjnpNRb.ltrans3.ltrans.o
 .debug_ranges  0x0000000000000a88      0x598 /tmp/ccjnpNRb.ltrans4.ltrans.o

.debug_loc      0x0000000000000000     0x545e
 .debug_loc     0x0000000000000000      0x78e /tmp/ccjnpNRb.ltrans0.ltrans.o
 .debug_loc     0x000000000000078e     0x1334 /tmp/ccjnpNRb.ltrans1.ltrans.o
 .debug_loc     0x0000000000001ac2      0xdcc /tmp/ccjnpNRb.ltrans2.ltrans.o
 .debug_loc     0x000000000000288e      0xff0 /tmp/ccjnpNRb.ltrans3.ltrans.o
 .debug_loc     0x000000000000387e     0x1be0 /tmp/ccjnpNRb.ltrans4.ltrans.o

.debug_str      0x0000000000000000     0x30c4
 .debug_str     0x0000000000000000      0xffe /tmp/ccjnpNRb.ltrans0.ltrans.o
                                       0x1126 (size before relaxing)
 .debug_str     0x0000000000000ffe      0xb1c /tmp/ccjnpNRb.ltrans1.ltrans.o
                                       0x15fd (size before relaxing)
 .debug_str     0x0000000000001b1a      0x6d9 /tmp/ccjnpNRb.ltrans2.ltrans.o
                                        0xc6f (size before relaxing)
 .debug_str     0x00000000000021f3      0x67c /tmp/ccjnpNRb.ltrans3.ltrans.o
                                        0xca5 (size before relaxing)
 .debug_str     0x000000000000286f      0x855 /tmp/ccjnpNRb.ltrans4.ltrans.o
                                        0xe1c (size before relaxing)

.debug_frame    0x0000000000000000     0x326c
 .debug_frame   0x0000000000000000      0x478 /tmp/ccjnpNRb.ltrans0.ltrans.o
 .debug_frame   0x0000000000000478      0xb20 /tmp/ccjnpNRb.ltrans1.ltrans.o
 .debug_frame   0x0000000000000f98      0x810 /tmp/ccjnpNRb.ltrans2.ltrans.o
 .debug_frame   0x00000000000017a8      0x970 /tmp/ccjnpNRb.ltrans3.ltrans.o
 .debug_frame   0x0000000000002118     0x110c /tmp/ccjnpNRb.ltrans4.ltrans.o
 .debug_frame   0x0000000000003224       0x20 /home/chibi/Atmel/arm-gnu-toolchain/bin/../lib/gcc/arm-none-eabi/5.3.1/armv7-a/arm-softfp-vfpv4-d16/libgcc.a(_udivsi3.o)
 .debug_frame   0x0000000000003244       0x28 /home/chibi/Atmel/arm-gnu-toolchain/bin/../lib/gcc/arm-none-eabi/5.3.1/../../../../arm-none-eabi/lib/armv7-a/arm-softfp-vfpv4-d16/libg.a(lib_a-memcmp.o)

Cross Reference Table

Symbol                                            File
Abort_Handler                                     build/obj/vectors.o
Boot_Handler                                      build/obj/boot.o
Fiq_Handler                                       build/obj/chcoreasm.o
                                                  build/obj/vectors.o
Irq_Handler                                       build/obj/vectors.o
Mon_Fiq_Handler                                   build/obj/chcoreasm.o
Mon_Irq_Handler                                   build/obj/chcoreasm.o
PIT_Handler                                       build/obj/hal_st_lld.o (symbol from plugin)
Prefetch_Handler                                  build/obj/vectors.o
Reset_Handler                                     build/obj/crt0.o
                                                  build/obj/vectors.o
                                                  build/obj/boot.o
SAMA_UART0_HANDLER                                build/obj/hal_serial_lld.o (symbol from plugin)
SD0                                               build/obj/hal_serial_lld.o (symbol from plugin)
                                                  build/obj/main.o (symbol from plugin)
SPID1                                             build/obj/hal_spi_lld.o (symbol from plugin)
                                                  build/obj/main.o (symbol from plugin)
Swi_Handler                                       build/obj/vectors.o
Und_Handler                                       build/obj/vectors.o
__abt_stack_size__                                build/obj/crt0.o
__aeabi_idiv0                                     /home/chibi/Atmel/arm-gnu-toolchain/bin/../lib/gcc/arm-none-eabi/5.3.1/armv7-a/arm-softfp-vfpv4-d16/libgcc.a(_dvmd_tls.o)
                                                  /home/chibi/Atmel/arm-gnu-toolchain/bin/../lib/gcc/arm-none-eabi/5.3.1/armv7-a/arm-softfp-vfpv4-d16/libgcc.a(_udivsi3.o)
__aeabi_ldiv0                                     /home/chibi/Atmel/arm-gnu-toolchain/bin/../lib/gcc/arm-none-eabi/5.3.1/armv7-a/arm-softfp-vfpv4-d16/libgcc.a(_dvmd_tls.o)
__aeabi_uidiv                                     /home/chibi/Atmel/arm-gnu-toolchain/bin/../lib/gcc/arm-none-eabi/5.3.1/armv7-a/arm-softfp-vfpv4-d16/libgcc.a(_udivsi3.o)
                                                  /tmp/ccjnpNRb.ltrans1.ltrans.o
                                                  /tmp/ccjnpNRb.ltrans0.ltrans.o
__aeabi_uidivmod                                  /home/chibi/Atmel/arm-gnu-toolchain/bin/../lib/gcc/arm-none-eabi/5.3.1/armv7-a/arm-softfp-vfpv4-d16/libgcc.a(_udivsi3.o)
                                                  /tmp/ccjnpNRb.ltrans1.ltrans.o
                                                  /tmp/ccjnpNRb.ltrans0.ltrans.o
__default_exit                                    /tmp/ccjnpNRb.ltrans4.ltrans.o
                                                  build/obj/crt1.o (symbol from plugin)
                                                  build/obj/crt0.o
__early_init                                      /tmp/ccjnpNRb.ltrans0.ltrans.o
                                                  build/obj/board.o (symbol from plugin)
                                                  build/obj/crt1.o (symbol from plugin)
                                                  build/obj/crt0.o
__fiq_stack_size__                                build/obj/crt0.o
__heap_base__                                     /tmp/ccjnpNRb.ltrans3.ltrans.o
                                                  build/obj/chmemcore.o (symbol from plugin)
__heap_end__                                      /tmp/ccjnpNRb.ltrans3.ltrans.o
                                                  build/obj/chmemcore.o (symbol from plugin)
__irq_stack_size__                                build/obj/crt0.o
__late_init                                       /tmp/ccjnpNRb.ltrans4.ltrans.o
                                                  build/obj/crt1.o (symbol from plugin)
                                                  build/obj/crt0.o
__stacks_end__                                    build/obj/crt0.o
__svc_stack_size__                                build/obj/crt0.o
__udivsi3                                         /home/chibi/Atmel/arm-gnu-toolchain/bin/../lib/gcc/arm-none-eabi/5.3.1/armv7-a/arm-softfp-vfpv4-d16/libgcc.a(_udivsi3.o)
__und_stack_size__                                build/obj/crt0.o
_bss_end                                          build/obj/crt0.o
_bss_start                                        build/obj/crt0.o
_core_init                                        /tmp/ccjnpNRb.ltrans3.ltrans.o
                                                  build/obj/chmemcore.o (symbol from plugin)
                                                  /tmp/ccjnpNRb.ltrans4.ltrans.o
                                                  build/obj/chsys.o (symbol from plugin)
_ctl.lto_priv.20                                  /tmp/ccjnpNRb.ltrans1.ltrans.o
                                                  /tmp/ccjnpNRb.ltrans0.ltrans.o
_data                                             build/obj/crt0.o
_edata                                            build/obj/crt0.o
_factory_init                                     build/obj/chfactory.o (symbol from plugin)
_get.lto_priv.15                                  /tmp/ccjnpNRb.ltrans1.ltrans.o
                                                  /tmp/ccjnpNRb.ltrans0.ltrans.o
_gett.lto_priv.17                                 /tmp/ccjnpNRb.ltrans1.ltrans.o
                                                  /tmp/ccjnpNRb.ltrans0.ltrans.o
_heap_init                                        /tmp/ccjnpNRb.ltrans3.ltrans.o
                                                  build/obj/chheap.o (symbol from plugin)
                                                  /tmp/ccjnpNRb.ltrans4.ltrans.o
                                                  build/obj/chsys.o (symbol from plugin)
_idle_thread.lto_priv.21                          /tmp/ccjnpNRb.ltrans4.ltrans.o
                                                  /tmp/ccjnpNRb.ltrans0.ltrans.o
_pal_lld_setgroupmode                             /tmp/ccjnpNRb.ltrans1.ltrans.o
                                                  build/obj/hal_pal_lld.o (symbol from plugin)
                                                  /tmp/ccjnpNRb.ltrans0.ltrans.o
                                                  build/obj/main.o (symbol from plugin)
                                                  build/obj/hal_pal.o (symbol from plugin)
_port_switch_arm                                  build/obj/chcoreasm.o
                                                  /tmp/ccjnpNRb.ltrans4.ltrans.o
                                                  build/obj/chschd.o (symbol from plugin)
_port_thread_start                                build/obj/chcoreasm.o
                                                  /tmp/ccjnpNRb.ltrans4.ltrans.o
                                                  build/obj/chthreads.o (symbol from plugin)
_put.lto_priv.14                                  /tmp/ccjnpNRb.ltrans1.ltrans.o
                                                  /tmp/ccjnpNRb.ltrans0.ltrans.o
_putt.lto_priv.16                                 /tmp/ccjnpNRb.ltrans1.ltrans.o
                                                  /tmp/ccjnpNRb.ltrans0.ltrans.o
_read.lto_priv.13                                 /tmp/ccjnpNRb.ltrans1.ltrans.o
                                                  /tmp/ccjnpNRb.ltrans0.ltrans.o
_readt.lto_priv.19                                /tmp/ccjnpNRb.ltrans1.ltrans.o
                                                  /tmp/ccjnpNRb.ltrans0.ltrans.o
_sama_dma_channel_t                               /tmp/ccjnpNRb.ltrans0.ltrans.o
                                                  build/obj/sama_xdmac.o (symbol from plugin)
                                                  /tmp/ccjnpNRb.ltrans1.ltrans.o
_scheduler_init                                   build/obj/chschd.o (symbol from plugin)
                                                  build/obj/chsys.o (symbol from plugin)
_start                                            build/obj/vectors.o
                                                  build/obj/boot.o
_textdata                                         build/obj/crt0.o
_thread_init                                      build/obj/chthreads.o (symbol from plugin)
                                                  build/obj/chsys.o (symbol from plugin)
_unhandled_exception                              build/obj/vectors.o
_vt_init                                          build/obj/chvt.o (symbol from plugin)
                                                  build/obj/chsys.o (symbol from plugin)
_write.lto_priv.12                                /tmp/ccjnpNRb.ltrans1.ltrans.o
                                                  /tmp/ccjnpNRb.ltrans0.ltrans.o
_writet.lto_priv.18                               /tmp/ccjnpNRb.ltrans1.ltrans.o
                                                  /tmp/ccjnpNRb.ltrans0.ltrans.o
aicClearInt                                       build/obj/aic.o (symbol from plugin)
aicDisableInt                                     build/obj/aic.o (symbol from plugin)
                                                  build/obj/sama_xdmac.o (symbol from plugin)
aicEnableInt                                      /tmp/ccjnpNRb.ltrans1.ltrans.o
                                                  build/obj/aic.o (symbol from plugin)
                                                  /tmp/ccjnpNRb.ltrans0.ltrans.o
                                                  build/obj/hal_serial_lld.o (symbol from plugin)
                                                  build/obj/sama_xdmac.o (symbol from plugin)
                                                  build/obj/hal_st_lld.o (symbol from plugin)
aicInit                                           build/obj/aic.o (symbol from plugin)
                                                  build/obj/hal_lld.o (symbol from plugin)
aicSetInt                                         build/obj/aic.o (symbol from plugin)
aicSetSourceHandler                               /tmp/ccjnpNRb.ltrans1.ltrans.o
                                                  build/obj/aic.o (symbol from plugin)
                                                  /tmp/ccjnpNRb.ltrans0.ltrans.o
                                                  build/obj/hal_serial_lld.o (symbol from plugin)
                                                  build/obj/sama_xdmac.o (symbol from plugin)
                                                  build/obj/hal_st_lld.o (symbol from plugin)
aicSetSourcePriority                              /tmp/ccjnpNRb.ltrans1.ltrans.o
                                                  build/obj/aic.o (symbol from plugin)
                                                  /tmp/ccjnpNRb.ltrans0.ltrans.o
                                                  build/obj/hal_serial_lld.o (symbol from plugin)
                                                  build/obj/sama_xdmac.o (symbol from plugin)
                                                  build/obj/hal_st_lld.o (symbol from plugin)
aicSetSpuriousHandler                             build/obj/aic.o (symbol from plugin)
boardInit                                         /tmp/ccjnpNRb.ltrans0.ltrans.o
                                                  build/obj/board.o (symbol from plugin)
                                                  /tmp/ccjnpNRb.ltrans2.ltrans.o
                                                  build/obj/hal.o (symbol from plugin)
cacheCleanRegion                                  build/obj/sama_cache.o (symbol from plugin)
                                                  build/obj/sama_matrix.o (symbol from plugin)
cacheInvalidateRegion                             build/obj/sama_cache.o (symbol from plugin)
                                                  build/obj/sama_matrix.o (symbol from plugin)
ch                                                /tmp/ccjnpNRb.ltrans0.ltrans.o
                                                  build/obj/chschd.o (symbol from plugin)
                                                  /tmp/ccjnpNRb.ltrans4.ltrans.o
                                                  /tmp/ccjnpNRb.ltrans3.ltrans.o
                                                  /tmp/ccjnpNRb.ltrans2.ltrans.o
                                                  build/obj/main.o (symbol from plugin)
                                                  build/obj/hal_queues.o (symbol from plugin)
                                                  build/obj/hal_buffers.o (symbol from plugin)
                                                  build/obj/chmsg.o (symbol from plugin)
                                                  build/obj/chevents.o (symbol from plugin)
                                                  build/obj/chcond.o (symbol from plugin)
                                                  build/obj/chmtx.o (symbol from plugin)
                                                  build/obj/chsem.o (symbol from plugin)
                                                  build/obj/chregistry.o (symbol from plugin)
                                                  build/obj/chthreads.o (symbol from plugin)
                                                  build/obj/chvt.o (symbol from plugin)
                                                  build/obj/chsys.o (symbol from plugin)
chCondBroadcast                                   build/obj/chcond.o (symbol from plugin)
chCondBroadcastI                                  build/obj/chcond.o (symbol from plugin)
chCondObjectInit                                  build/obj/chcond.o (symbol from plugin)
chCondSignal                                      build/obj/chcond.o (symbol from plugin)
chCondSignalI                                     build/obj/chcond.o (symbol from plugin)
chCondWait                                        build/obj/chcond.o (symbol from plugin)
chCondWaitS                                       build/obj/chcond.o (symbol from plugin)
chCondWaitTimeout                                 build/obj/chcond.o (symbol from plugin)
chCondWaitTimeoutS                                build/obj/chcond.o (symbol from plugin)
chCoreAllocAlignedI.lto_priv.68                   /tmp/ccjnpNRb.ltrans3.ltrans.o
                                                  /tmp/ccjnpNRb.ltrans2.ltrans.o
chCoreAllocAlignedWithOffset                      build/obj/chmemcore.o (symbol from plugin)
                                                  build/obj/chheap.o (symbol from plugin)
chCoreAllocAlignedWithOffsetI                     build/obj/chmemcore.o (symbol from plugin)
                                                  build/obj/chfactory.o (symbol from plugin)
chCoreGetStatusX                                  build/obj/chmemcore.o (symbol from plugin)
chEvtAddEvents                                    build/obj/chevents.o (symbol from plugin)
chEvtBroadcastFlags                               build/obj/chevents.o (symbol from plugin)
chEvtBroadcastFlagsI                              /tmp/ccjnpNRb.ltrans4.ltrans.o
                                                  build/obj/chevents.o (symbol from plugin)
                                                  /tmp/ccjnpNRb.ltrans3.ltrans.o
                                                  /tmp/ccjnpNRb.ltrans1.ltrans.o
                                                  /tmp/ccjnpNRb.ltrans0.ltrans.o
                                                  build/obj/hal_serial_lld.o (symbol from plugin)
                                                  build/obj/hal_serial.o (symbol from plugin)
chEvtDispatch                                     build/obj/chevents.o (symbol from plugin)
chEvtGetAndClearEvents                            build/obj/chevents.o (symbol from plugin)
chEvtGetAndClearEventsI                           build/obj/chevents.o (symbol from plugin)
chEvtGetAndClearFlags                             build/obj/chevents.o (symbol from plugin)
chEvtGetAndClearFlagsI                            build/obj/chevents.o (symbol from plugin)
chEvtRegisterMaskWithFlags                        build/obj/chevents.o (symbol from plugin)
chEvtSignal                                       build/obj/chevents.o (symbol from plugin)
chEvtSignalI                                      /tmp/ccjnpNRb.ltrans3.ltrans.o
                                                  build/obj/chevents.o (symbol from plugin)
                                                  /tmp/ccjnpNRb.ltrans4.ltrans.o
chEvtUnregister                                   build/obj/chevents.o (symbol from plugin)
chEvtWaitAll                                      build/obj/chevents.o (symbol from plugin)
chEvtWaitAllTimeout                               build/obj/chevents.o (symbol from plugin)
chEvtWaitAny                                      build/obj/chevents.o (symbol from plugin)
chEvtWaitAnyTimeout                               build/obj/chevents.o (symbol from plugin)
chEvtWaitOne                                      build/obj/chevents.o (symbol from plugin)
chEvtWaitOneTimeout                               build/obj/chevents.o (symbol from plugin)
chFactoryCreateBuffer                             build/obj/chfactory.o (symbol from plugin)
chFactoryCreateMailbox                            build/obj/chfactory.o (symbol from plugin)
chFactoryCreateObjectsFIFO                        build/obj/chfactory.o (symbol from plugin)
chFactoryCreateSemaphore                          build/obj/chfactory.o (symbol from plugin)
chFactoryFindBuffer                               build/obj/chfactory.o (symbol from plugin)
chFactoryFindMailbox                              build/obj/chfactory.o (symbol from plugin)
chFactoryFindObject                               build/obj/chfactory.o (symbol from plugin)
chFactoryFindObjectsFIFO                          build/obj/chfactory.o (symbol from plugin)
chFactoryFindSemaphore                            build/obj/chfactory.o (symbol from plugin)
chFactoryRegisterObject                           build/obj/chfactory.o (symbol from plugin)
chFactoryReleaseBuffer                            build/obj/chfactory.o (symbol from plugin)
chFactoryReleaseMailbox                           build/obj/chfactory.o (symbol from plugin)
chFactoryReleaseObject                            build/obj/chfactory.o (symbol from plugin)
chFactoryReleaseObjectsFIFO                       build/obj/chfactory.o (symbol from plugin)
chFactoryReleaseSemaphore                         build/obj/chfactory.o (symbol from plugin)
chFifoObjectInit.lto_priv.71                      /tmp/ccjnpNRb.ltrans3.ltrans.o
                                                  /tmp/ccjnpNRb.ltrans2.ltrans.o
chGuardedPoolAllocTimeout                         build/obj/chmempools.o (symbol from plugin)
chGuardedPoolAllocTimeoutS                        build/obj/chmempools.o (symbol from plugin)
chGuardedPoolFree                                 build/obj/chmempools.o (symbol from plugin)
chGuardedPoolFreeI                                build/obj/chmempools.o (symbol from plugin)
chGuardedPoolLoadArray                            build/obj/chmempools.o (symbol from plugin)
                                                  build/obj/chfactory.o (symbol from plugin)
chGuardedPoolObjectInitAligned                    build/obj/chmempools.o (symbol from plugin)
                                                  build/obj/chfactory.o (symbol from plugin)
chHeapAllocAligned                                build/obj/chheap.o (symbol from plugin)
                                                  build/obj/chfactory.o (symbol from plugin)
                                                  build/obj/chdynamic.o (symbol from plugin)
chHeapFree                                        /tmp/ccjnpNRb.ltrans3.ltrans.o
                                                  build/obj/chheap.o (symbol from plugin)
                                                  /tmp/ccjnpNRb.ltrans4.ltrans.o
                                                  build/obj/chfactory.o (symbol from plugin)
                                                  build/obj/chthreads.o (symbol from plugin)
chHeapObjectInit                                  build/obj/chheap.o (symbol from plugin)
chHeapStatus                                      build/obj/chheap.o (symbol from plugin)
chMBFetchI                                        build/obj/chmboxes.o (symbol from plugin)
chMBFetchTimeout                                  build/obj/chmboxes.o (symbol from plugin)
chMBFetchTimeoutS                                 build/obj/chmboxes.o (symbol from plugin)
chMBObjectInit                                    /tmp/ccjnpNRb.ltrans3.ltrans.o
                                                  build/obj/chmboxes.o (symbol from plugin)
                                                  /tmp/ccjnpNRb.ltrans2.ltrans.o
                                                  build/obj/chfactory.o (symbol from plugin)
chMBPostAheadI                                    build/obj/chmboxes.o (symbol from plugin)
chMBPostAheadTimeout                              build/obj/chmboxes.o (symbol from plugin)
chMBPostAheadTimeoutS                             build/obj/chmboxes.o (symbol from plugin)
chMBPostI                                         build/obj/chmboxes.o (symbol from plugin)
chMBPostTimeout                                   build/obj/chmboxes.o (symbol from plugin)
chMBPostTimeoutS                                  build/obj/chmboxes.o (symbol from plugin)
chMBReset                                         build/obj/chmboxes.o (symbol from plugin)
chMBResetI                                        build/obj/chmboxes.o (symbol from plugin)
chMsgRelease                                      build/obj/chmsg.o (symbol from plugin)
chMsgSend                                         build/obj/chmsg.o (symbol from plugin)
chMsgWait                                         build/obj/chmsg.o (symbol from plugin)
chMtxLock                                         /tmp/ccjnpNRb.ltrans4.ltrans.o
                                                  build/obj/chmtx.o (symbol from plugin)
                                                  /tmp/ccjnpNRb.ltrans3.ltrans.o
                                                  /tmp/ccjnpNRb.ltrans1.ltrans.o
                                                  build/obj/hal_spi.o (symbol from plugin)
                                                  build/obj/chheap.o (symbol from plugin)
chMtxLockS                                        build/obj/chmtx.o (symbol from plugin)
                                                  build/obj/chcond.o (symbol from plugin)
chMtxObjectInit                                   /tmp/ccjnpNRb.ltrans4.ltrans.o
                                                  build/obj/chmtx.o (symbol from plugin)
                                                  /tmp/ccjnpNRb.ltrans3.ltrans.o
                                                  /tmp/ccjnpNRb.ltrans1.ltrans.o
                                                  build/obj/hal_spi.o (symbol from plugin)
                                                  build/obj/chheap.o (symbol from plugin)
chMtxTryLock                                      build/obj/chmtx.o (symbol from plugin)
chMtxTryLockS                                     build/obj/chmtx.o (symbol from plugin)
chMtxUnlock                                       /tmp/ccjnpNRb.ltrans4.ltrans.o
                                                  build/obj/chmtx.o (symbol from plugin)
                                                  /tmp/ccjnpNRb.ltrans3.ltrans.o
                                                  /tmp/ccjnpNRb.ltrans1.ltrans.o
                                                  build/obj/hal_spi.o (symbol from plugin)
                                                  build/obj/chheap.o (symbol from plugin)
chMtxUnlockAll                                    build/obj/chmtx.o (symbol from plugin)
chMtxUnlockAllS                                   build/obj/chmtx.o (symbol from plugin)
chMtxUnlockS                                      build/obj/chmtx.o (symbol from plugin)
                                                  build/obj/chcond.o (symbol from plugin)
chPoolAlloc                                       build/obj/chmempools.o (symbol from plugin)
                                                  build/obj/chfactory.o (symbol from plugin)
                                                  build/obj/chdynamic.o (symbol from plugin)
chPoolAllocI                                      build/obj/chmempools.o (symbol from plugin)
chPoolFree                                        /tmp/ccjnpNRb.ltrans3.ltrans.o
                                                  build/obj/chmempools.o (symbol from plugin)
                                                  /tmp/ccjnpNRb.ltrans4.ltrans.o
                                                  build/obj/chfactory.o (symbol from plugin)
                                                  build/obj/chthreads.o (symbol from plugin)
chPoolFreeI                                       build/obj/chmempools.o (symbol from plugin)
chPoolLoadArray                                   build/obj/chmempools.o (symbol from plugin)
chPoolObjectInit.lto_priv.76                      /tmp/ccjnpNRb.ltrans3.ltrans.o
                                                  /tmp/ccjnpNRb.ltrans2.ltrans.o
chPoolObjectInitAligned                           build/obj/chmempools.o (symbol from plugin)
                                                  build/obj/chfactory.o (symbol from plugin)
chRegFindThreadByName                             build/obj/chregistry.o (symbol from plugin)
chRegFindThreadByPointer                          build/obj/chregistry.o (symbol from plugin)
chRegFindThreadByWorkingArea                      build/obj/chregistry.o (symbol from plugin)
chRegFirstThread                                  build/obj/chregistry.o (symbol from plugin)
chRegNextThread                                   build/obj/chregistry.o (symbol from plugin)
chSchDoReschedule                                 /tmp/ccjnpNRb.ltrans4.ltrans.o
                                                  build/obj/chschd.o (symbol from plugin)
                                                  build/obj/chcoreasm.o
chSchDoRescheduleAhead                            build/obj/chschd.o (symbol from plugin)
chSchDoRescheduleBehind                           build/obj/chschd.o (symbol from plugin)
                                                  build/obj/chthreads.o (symbol from plugin)
chSchGoSleepS                                     /tmp/ccjnpNRb.ltrans4.ltrans.o
                                                  build/obj/chschd.o (symbol from plugin)
                                                  /tmp/ccjnpNRb.ltrans3.ltrans.o
                                                  build/obj/chmsg.o (symbol from plugin)
                                                  build/obj/chevents.o (symbol from plugin)
                                                  build/obj/chcond.o (symbol from plugin)
                                                  build/obj/chmtx.o (symbol from plugin)
                                                  build/obj/chsem.o (symbol from plugin)
                                                  build/obj/chthreads.o (symbol from plugin)
chSchGoSleepTimeoutS                              /tmp/ccjnpNRb.ltrans4.ltrans.o
                                                  build/obj/chschd.o (symbol from plugin)
                                                  /tmp/ccjnpNRb.ltrans3.ltrans.o
                                                  build/obj/chevents.o (symbol from plugin)
                                                  build/obj/chcond.o (symbol from plugin)
                                                  build/obj/chsem.o (symbol from plugin)
                                                  build/obj/chthreads.o (symbol from plugin)
chSchIsPreemptionRequired                         /tmp/ccjnpNRb.ltrans4.ltrans.o
                                                  build/obj/chschd.o (symbol from plugin)
                                                  /tmp/ccjnpNRb.ltrans1.ltrans.o
                                                  /tmp/ccjnpNRb.ltrans0.ltrans.o
                                                  build/obj/hal_serial_lld.o (symbol from plugin)
                                                  build/obj/sama_xdmac.o (symbol from plugin)
                                                  build/obj/hal_st_lld.o (symbol from plugin)
chSchReadyAheadI                                  build/obj/chschd.o (symbol from plugin)
chSchReadyI                                       /tmp/ccjnpNRb.ltrans4.ltrans.o
                                                  build/obj/chschd.o (symbol from plugin)
                                                  /tmp/ccjnpNRb.ltrans3.ltrans.o
                                                  build/obj/chmsg.o (symbol from plugin)
                                                  build/obj/chevents.o (symbol from plugin)
                                                  build/obj/chcond.o (symbol from plugin)
                                                  build/obj/chmtx.o (symbol from plugin)
                                                  build/obj/chsem.o (symbol from plugin)
                                                  build/obj/chthreads.o (symbol from plugin)
chSchRescheduleS                                  /tmp/ccjnpNRb.ltrans4.ltrans.o
                                                  build/obj/chschd.o (symbol from plugin)
                                                  /tmp/ccjnpNRb.ltrans3.ltrans.o
                                                  /tmp/ccjnpNRb.ltrans1.ltrans.o
                                                  build/obj/hal_serial.o (symbol from plugin)
                                                  build/obj/chmempools.o (symbol from plugin)
                                                  build/obj/chmboxes.o (symbol from plugin)
                                                  build/obj/chevents.o (symbol from plugin)
                                                  build/obj/chcond.o (symbol from plugin)
                                                  build/obj/chmtx.o (symbol from plugin)
                                                  build/obj/chsem.o (symbol from plugin)
                                                  build/obj/chthreads.o (symbol from plugin)
                                                  build/obj/chsys.o (symbol from plugin)
chSchWakeupS                                      /tmp/ccjnpNRb.ltrans4.ltrans.o
                                                  build/obj/chschd.o (symbol from plugin)
                                                  /tmp/ccjnpNRb.ltrans3.ltrans.o
                                                  build/obj/chdynamic.o (symbol from plugin)
                                                  build/obj/chmsg.o (symbol from plugin)
                                                  build/obj/chcond.o (symbol from plugin)
                                                  build/obj/chsem.o (symbol from plugin)
                                                  build/obj/chthreads.o (symbol from plugin)
chSemAddCounterI                                  build/obj/chsem.o (symbol from plugin)
chSemObjectInit                                   /tmp/ccjnpNRb.ltrans4.ltrans.o
                                                  build/obj/chsem.o (symbol from plugin)
                                                  /tmp/ccjnpNRb.ltrans3.ltrans.o
                                                  /tmp/ccjnpNRb.ltrans2.ltrans.o
                                                  build/obj/chfactory.o (symbol from plugin)
                                                  build/obj/chmempools.o (symbol from plugin)
chSemReset                                        build/obj/chsem.o (symbol from plugin)
chSemResetI                                       build/obj/chsem.o (symbol from plugin)
chSemSignal                                       build/obj/chsem.o (symbol from plugin)
chSemSignalI                                      /tmp/ccjnpNRb.ltrans4.ltrans.o
                                                  build/obj/chsem.o (symbol from plugin)
                                                  /tmp/ccjnpNRb.ltrans3.ltrans.o
                                                  build/obj/chmempools.o (symbol from plugin)
chSemSignalWait                                   build/obj/chsem.o (symbol from plugin)
chSemWait                                         build/obj/chsem.o (symbol from plugin)
chSemWaitS                                        build/obj/chsem.o (symbol from plugin)
chSemWaitTimeout                                  build/obj/chsem.o (symbol from plugin)
chSemWaitTimeoutS                                 /tmp/ccjnpNRb.ltrans4.ltrans.o
                                                  build/obj/chsem.o (symbol from plugin)
                                                  /tmp/ccjnpNRb.ltrans3.ltrans.o
                                                  build/obj/chmempools.o (symbol from plugin)
chSysGetStatusAndLockX                            build/obj/chsys.o (symbol from plugin)
chSysHalt                                         /tmp/ccjnpNRb.ltrans4.ltrans.o
                                                  build/obj/chsys.o (symbol from plugin)
                                                  /tmp/ccjnpNRb.ltrans1.ltrans.o
                                                  build/obj/hal_spi_lld.o (symbol from plugin)
chSysInit                                         /tmp/ccjnpNRb.ltrans4.ltrans.o
                                                  build/obj/chsys.o (symbol from plugin)
                                                  /tmp/ccjnpNRb.ltrans0.ltrans.o
                                                  build/obj/main.o (symbol from plugin)
chSysIntegrityCheckI                              build/obj/chsys.o (symbol from plugin)
chSysLock.lto_priv.59                             /tmp/ccjnpNRb.ltrans3.ltrans.o
                                                  /tmp/ccjnpNRb.ltrans2.ltrans.o
chSysLock.lto_priv.95                             /tmp/ccjnpNRb.ltrans4.ltrans.o
                                                  /tmp/ccjnpNRb.ltrans3.ltrans.o
chSysRestoreStatusX                               build/obj/chsys.o (symbol from plugin)
chSysTimerHandlerI                                /tmp/ccjnpNRb.ltrans4.ltrans.o
                                                  build/obj/chsys.o (symbol from plugin)
                                                  /tmp/ccjnpNRb.ltrans1.ltrans.o
                                                  build/obj/hal_st_lld.o (symbol from plugin)
chSysUnlock.lto_priv.56                           /tmp/ccjnpNRb.ltrans3.ltrans.o
                                                  /tmp/ccjnpNRb.ltrans2.ltrans.o
chSysUnlock.lto_priv.89                           /tmp/ccjnpNRb.ltrans4.ltrans.o
                                                  /tmp/ccjnpNRb.ltrans3.ltrans.o
chThdAddRef                                       build/obj/chthreads.o (symbol from plugin)
chThdCreate                                       build/obj/chthreads.o (symbol from plugin)
                                                  build/obj/chsys.o (symbol from plugin)
chThdCreateFromHeap                               build/obj/chdynamic.o (symbol from plugin)
chThdCreateFromMemoryPool                         build/obj/chdynamic.o (symbol from plugin)
chThdCreateI                                      build/obj/chthreads.o (symbol from plugin)
chThdCreateStatic                                 /tmp/ccjnpNRb.ltrans4.ltrans.o
                                                  build/obj/chthreads.o (symbol from plugin)
                                                  /tmp/ccjnpNRb.ltrans0.ltrans.o
                                                  build/obj/main.o (symbol from plugin)
chThdCreateSuspended                              build/obj/chthreads.o (symbol from plugin)
chThdCreateSuspendedI                             /tmp/ccjnpNRb.ltrans4.ltrans.o
                                                  build/obj/chthreads.o (symbol from plugin)
                                                  /tmp/ccjnpNRb.ltrans3.ltrans.o
                                                  build/obj/chdynamic.o (symbol from plugin)
chThdDequeueAllI                                  /tmp/ccjnpNRb.ltrans4.ltrans.o
                                                  build/obj/chthreads.o (symbol from plugin)
                                                  /tmp/ccjnpNRb.ltrans3.ltrans.o
                                                  /tmp/ccjnpNRb.ltrans2.ltrans.o
                                                  build/obj/hal_queues.o (symbol from plugin)
                                                  build/obj/hal_buffers.o (symbol from plugin)
                                                  build/obj/chmboxes.o (symbol from plugin)
chThdDequeueNextI                                 /tmp/ccjnpNRb.ltrans4.ltrans.o
                                                  build/obj/chthreads.o (symbol from plugin)
                                                  /tmp/ccjnpNRb.ltrans3.ltrans.o
                                                  /tmp/ccjnpNRb.ltrans2.ltrans.o
                                                  build/obj/hal_queues.o (symbol from plugin)
                                                  build/obj/hal_buffers.o (symbol from plugin)
                                                  build/obj/chmboxes.o (symbol from plugin)
chThdEnqueueTimeoutS                              /tmp/ccjnpNRb.ltrans4.ltrans.o
                                                  build/obj/chthreads.o (symbol from plugin)
                                                  /tmp/ccjnpNRb.ltrans3.ltrans.o