Archive member included to satisfy reference by file (symbol)

/home/chibi/Atmel/arm-gnu-toolchain/bin/../lib/gcc/arm-none-eabi/5.3.1/armv7-a/arm-softfp-vfpv4-d16/libgcc.a(_udivsi3.o)
                              /tmp/ccMOdMFD.ltrans0.ltrans.o (__aeabi_uidiv)
/home/chibi/Atmel/arm-gnu-toolchain/bin/../lib/gcc/arm-none-eabi/5.3.1/armv7-a/arm-softfp-vfpv4-d16/libgcc.a(_dvmd_tls.o)
                              /home/chibi/Atmel/arm-gnu-toolchain/bin/../lib/gcc/arm-none-eabi/5.3.1/armv7-a/arm-softfp-vfpv4-d16/libgcc.a(_udivsi3.o) (__aeabi_idiv0)
/home/chibi/Atmel/arm-gnu-toolchain/bin/../lib/gcc/arm-none-eabi/5.3.1/../../../../arm-none-eabi/lib/armv7-a/arm-softfp-vfpv4-d16/libg.a(lib_a-memcpy.o)
                              /tmp/ccMOdMFD.ltrans2.ltrans.o (memcpy)
/home/chibi/Atmel/arm-gnu-toolchain/bin/../lib/gcc/arm-none-eabi/5.3.1/../../../../arm-none-eabi/lib/armv7-a/arm-softfp-vfpv4-d16/libg.a(lib_a-memset.o)
                              /tmp/ccMOdMFD.ltrans2.ltrans.o (memset)
/home/chibi/Atmel/arm-gnu-toolchain/bin/../lib/gcc/arm-none-eabi/5.3.1/../../../../arm-none-eabi/lib/armv7-a/arm-softfp-vfpv4-d16/libg.a(lib_a-strcmp.o)
                              /tmp/ccMOdMFD.ltrans4.ltrans.o (strcmp)
/home/chibi/Atmel/arm-gnu-toolchain/bin/../lib/gcc/arm-none-eabi/5.3.1/../../../../arm-none-eabi/lib/armv7-a/arm-softfp-vfpv4-d16/libg.a(lib_a-strncmp.o)
                              /tmp/ccMOdMFD.ltrans3.ltrans.o (strncmp)
/home/chibi/Atmel/arm-gnu-toolchain/bin/../lib/gcc/arm-none-eabi/5.3.1/../../../../arm-none-eabi/lib/armv7-a/arm-softfp-vfpv4-d16/libg.a(lib_a-strncpy.o)
                              /tmp/ccMOdMFD.ltrans3.ltrans.o (strncpy)

Discarded input sections

 .text          0x0000000000000000        0x0 build/obj/boot.o
 .data          0x0000000000000000        0x0 build/obj/boot.o
 .bss           0x0000000000000000        0x0 build/obj/boot.o
 .text          0x0000000000000000        0x0 build/obj/vectors.o
 .data          0x0000000000000000        0x0 build/obj/vectors.o
 .bss           0x0000000000000000        0x0 build/obj/vectors.o
 .data          0x0000000000000000        0x0 build/obj/crt0.o
 .bss           0x0000000000000000        0x0 build/obj/crt0.o
 .data          0x0000000000000000        0x0 build/obj/chcoreasm.o
 .bss           0x0000000000000000        0x0 build/obj/chcoreasm.o
 .text          0x0000000000000000        0x0 build/obj/crt1.o (symbol from plugin)
 .text          0x0000000000000000        0x0 /tmp/ccMOdMFD.ltrans0.ltrans.o
 .data          0x0000000000000000        0x0 /tmp/ccMOdMFD.ltrans0.ltrans.o
 .bss           0x0000000000000000        0x0 /tmp/ccMOdMFD.ltrans0.ltrans.o
 .bss.ch_factory
                0x0000000000000000       0x34 /tmp/ccMOdMFD.ltrans0.ltrans.o
 .text.sd_lld_stop
                0x0000000000000000       0x84 /tmp/ccMOdMFD.ltrans0.ltrans.o
 .text.uart_lld_stop
                0x0000000000000000       0xa4 /tmp/ccMOdMFD.ltrans0.ltrans.o
 .text          0x0000000000000000        0x0 /tmp/ccMOdMFD.ltrans1.ltrans.o
 .data          0x0000000000000000        0x0 /tmp/ccMOdMFD.ltrans1.ltrans.o
 .bss           0x0000000000000000        0x0 /tmp/ccMOdMFD.ltrans1.ltrans.o
 .text.oqResetI
                0x0000000000000000       0x68 /tmp/ccMOdMFD.ltrans1.ltrans.o
 .text.palReadBus
                0x0000000000000000       0x38 /tmp/ccMOdMFD.ltrans1.ltrans.o
 .text.palWriteBus
                0x0000000000000000       0x5c /tmp/ccMOdMFD.ltrans1.ltrans.o
 .text.palSetBusMode
                0x0000000000000000       0x40 /tmp/ccMOdMFD.ltrans1.ltrans.o
 .text.osalOsRescheduleS
                0x0000000000000000        0xc /tmp/ccMOdMFD.ltrans1.ltrans.o
 .text.sdStop   0x0000000000000000       0x54 /tmp/ccMOdMFD.ltrans1.ltrans.o
 .text.sdRequestDataI
                0x0000000000000000       0x50 /tmp/ccMOdMFD.ltrans1.ltrans.o
 .text.sdPutWouldBlock
                0x0000000000000000       0x3c /tmp/ccMOdMFD.ltrans1.ltrans.o
 .text.sdGetWouldBlock
                0x0000000000000000       0x3c /tmp/ccMOdMFD.ltrans1.ltrans.o
 .text.sdControl
                0x0000000000000000       0x34 /tmp/ccMOdMFD.ltrans1.ltrans.o
 .text.uartStop
                0x0000000000000000       0x54 /tmp/ccMOdMFD.ltrans1.ltrans.o
 .text.uartStartSendI
                0x0000000000000000       0x38 /tmp/ccMOdMFD.ltrans1.ltrans.o
 .text.uartStopSendI
                0x0000000000000000       0x4c /tmp/ccMOdMFD.ltrans1.ltrans.o
 .text.uartStartReceiveI
                0x0000000000000000       0x38 /tmp/ccMOdMFD.ltrans1.ltrans.o
 .text.uartStopReceiveI
                0x0000000000000000       0x4c /tmp/ccMOdMFD.ltrans1.ltrans.o
 .text.aicSetSpuriousHandler
                0x0000000000000000       0x48 /tmp/ccMOdMFD.ltrans1.ltrans.o
 .text.aicDisableInt
                0x0000000000000000       0x38 /tmp/ccMOdMFD.ltrans1.ltrans.o
 .text.aicClearInt
                0x0000000000000000       0x38 /tmp/ccMOdMFD.ltrans1.ltrans.o
 .text.aicSetInt
[...]
Memory Configuration

Name             Origin             Length             Attributes
flash            0x0000000000200000 0x0000000000010000
ram0             0x0000000000210000 0x0000000000010000
ram1             0x0000000000000000 0x0000000000000000
ram2             0x0000000000000000 0x0000000000000000
ram3             0x0000000000000000 0x0000000000000000
ram4             0x0000000000000000 0x0000000000000000
ram5             0x0000000000000000 0x0000000000000000
ram6             0x0000000000000000 0x0000000000000000
ram7             0x0000000000000000 0x0000000000000000
*default*        0x0000000000000000 0xffffffffffffffff

Linker script and memory map

LOAD build/obj/boot.o
LOAD build/obj/vectors.o
LOAD build/obj/crt0.o
LOAD build/obj/chcoreasm.o
LOAD build/obj/crt1.o
LOAD /tmp/ccMOdMFD.ltrans0.ltrans.o
LOAD /tmp/ccMOdMFD.ltrans1.ltrans.o
LOAD /tmp/ccMOdMFD.ltrans2.ltrans.o
LOAD /tmp/ccMOdMFD.ltrans3.ltrans.o
LOAD /tmp/ccMOdMFD.ltrans4.ltrans.o
LOAD build/obj/chsys.o
LOAD build/obj/chdebug.o
LOAD build/obj/chtrace.o
LOAD build/obj/chvt.o
LOAD build/obj/chschd.o
LOAD build/obj/chthreads.o
LOAD build/obj/chregistry.o
LOAD build/obj/chsem.o
LOAD build/obj/chmtx.o
LOAD build/obj/chcond.o
LOAD build/obj/chevents.o
LOAD build/obj/chmsg.o
LOAD build/obj/chdynamic.o
LOAD build/obj/chmboxes.o
LOAD build/obj/chmemcore.o
LOAD build/obj/chheap.o
LOAD build/obj/chmempools.o
LOAD build/obj/chfactory.o
LOAD build/obj/chcore.o
LOAD build/obj/osal.o
LOAD build/obj/hal.o
LOAD build/obj/hal_st.o
LOAD build/obj/hal_buffers.o
LOAD build/obj/hal_queues.o
LOAD build/obj/hal_mmcsd.o
LOAD build/obj/hal_pal.o
LOAD build/obj/hal_serial.o
LOAD build/obj/hal_uart.o
LOAD build/obj/hal_lld.o
LOAD build/obj/hal_st_lld.o
LOAD build/obj/aic.o
LOAD build/obj/sama_matrix.o
LOAD build/obj/sama_cache.o
LOAD build/obj/sama_xdmac.o
LOAD build/obj/hal_pal_lld.o
LOAD build/obj/hal_serial_lld.o
LOAD build/obj/hal_uart_lld.o
LOAD build/obj/board.o
LOAD build/obj/main.o
                0x0000000000000858                __stacks_total_size__ = (((((__und_stack_size__ + __abt_stack_size__) + __fiq_stack_size__) + __irq_stack_size__) + __svc_stack_size__) + __sys_stack_size__)
                0x0000000000210000                __ram0_start__ = ORIGIN (ram0)
                0x0000000000010000                __ram0_size__ = LENGTH (ram0)
                0x0000000000220000                __ram0_end__ = (__ram0_start__ + __ram0_size__)
                0x0000000000000000                __ram1_start__ = ORIGIN (ram1)
                0x0000000000000000                __ram1_size__ = LENGTH (ram1)
                0x0000000000000000                __ram1_end__ = (__ram1_start__ + __ram1_size__)
                0x0000000000000000                __ram2_start__ = ORIGIN (ram2)
                0x0000000000000000                __ram2_size__ = LENGTH (ram2)
                0x0000000000000000                __ram2_end__ = (__ram2_start__ + __ram2_size__)
                0x0000000000000000                __ram3_start__ = ORIGIN (ram3)
                0x0000000000000000                __ram3_size__ = LENGTH (ram3)
                0x0000000000000000                __ram3_end__ = (__ram3_start__ + __ram3_size__)
                0x0000000000000000                __ram4_start__ = ORIGIN (ram4)
                0x0000000000000000                __ram4_size__ = LENGTH (ram4)
                0x0000000000000000                __ram4_end__ = (__ram4_start__ + __ram4_size__)
                0x0000000000000000                __ram5_start__ = ORIGIN (ram5)
                0x0000000000000000                __ram5_size__ = LENGTH (ram5)
                0x0000000000000000                __ram5_end__ = (__ram5_start__ + __ram5_size__)
                0x0000000000000000                __ram6_start__ = ORIGIN (ram6)
                0x0000000000000000                __ram6_size__ = LENGTH (ram6)
                0x0000000000000000                __ram6_end__ = (__ram6_start__ + __ram6_size__)
                0x0000000000000000                __ram7_start__ = ORIGIN (ram7)
                0x0000000000000000                __ram7_size__ = LENGTH (ram7)
                0x0000000000000000                __ram7_end__ = (__ram7_start__ + __ram7_size__)
                0x0000000000000000                . = 0x0
                0x0000000000000000                _text = .

startup         0x0000000000200000       0xc4
 *(.vectors)
 .vectors       0x0000000000200000       0x40 build/obj/vectors.o
                0x0000000000200000                _start
                0x000000000020003c                Irq_Handler
                0x000000000020003c                Abort_Handler
                0x000000000020003c                Swi_Handler
                0x000000000020003c                Prefetch_Handler
                0x000000000020003c                _unhandled_exception
                0x000000000020003c                Und_Handler
 *(.boot)
 .boot          0x0000000000200040       0x78 build/obj/boot.o
                0x0000000000200040                Boot_Handler
 *fill*         0x00000000002000b8        0x8 
 .boot          0x00000000002000c0        0x4 build/obj/vectors.o

constructors    0x00000000002000c4        0x0
                [!provide]                        PROVIDE (__init_array_start, .)
 *(SORT(.init_array.*))
 *(.init_array)
                [!provide]                        PROVIDE (__init_array_end, .)

destructors     0x00000000002000c4        0x0
                [!provide]                        PROVIDE (__fini_array_start, .)
 *(.fini_array)
 *(SORT(.fini_array.*))
                [!provide]                        PROVIDE (__fini_array_end, .)

.text           0x00000000002000d0     0x51f6
 *(.text)
 .text          0x00000000002000d0       0xcc build/obj/crt0.o
                0x00000000002000d0                Reset_Handler
 *fill*         0x000000000020019c        0x4 
 .text          0x00000000002001a0      0x188 build/obj/chcoreasm.o
                0x00000000002001a0                _port_switch_arm
                0x00000000002001b0                Mon_Irq_Handler
                0x00000000002001fc                Mon_Fiq_Handler
                0x000000000020029c                Fiq_Handler
                0x0000000000200300                _port_thread_start
 *fill*         0x0000000000200328        0x8 
 .text          0x0000000000200330      0x20c /home/chibi/Atmel/arm-gnu-toolchain/bin/../lib/gcc/arm-none-eabi/5.3.1/armv7-a/arm-softfp-vfpv4-d16/libgcc.a(_udivsi3.o)
                0x0000000000200330                __udivsi3
                0x0000000000200330                __aeabi_uidiv
                0x000000000020051c                __aeabi_uidivmod
 *fill*         0x000000000020053c        0x4 
 .text          0x0000000000200540        0x4 /home/chibi/Atmel/arm-gnu-toolchain/bin/../lib/gcc/arm-none-eabi/5.3.1/armv7-a/arm-softfp-vfpv4-d16/libgcc.a(_dvmd_tls.o)
                0x0000000000200540                __aeabi_ldiv0
                0x0000000000200540                __aeabi_idiv0
 *(.text.*)
 *fill*         0x0000000000200544        0xc 
 .text.set_error
                0x0000000000200550       0x90 /tmp/ccMOdMFD.ltrans0.ltrans.o
 .text.serve_interrupt
                0x00000000002005e0      0x1bc /tmp/ccMOdMFD.ltrans0.ltrans.o
 *fill*         0x000000000020079c        0x4 
 .text.notify0  0x00000000002007a0       0x2c /tmp/ccMOdMFD.ltrans0.ltrans.o
 *fill*         0x00000000002007cc        0x4 
 .text.SAMA_UART0_HANDLER
                0x00000000002007d0       0x30 /tmp/ccMOdMFD.ltrans0.ltrans.o
 .text.sd_lld_init
                0x0000000000200800       0xbc /tmp/ccMOdMFD.ltrans0.ltrans.o
                0x0000000000200800                sd_lld_init
 *fill*         0x00000000002008bc        0x4 
 .text.sd_lld_start
                0x00000000002008c0       0xa4 /tmp/ccMOdMFD.ltrans0.ltrans.o
                0x00000000002008c0                sd_lld_start
 *fill*         0x0000000000200964        0xc 
 .text.osalSysHalt
                0x0000000000200970       0x1c /tmp/ccMOdMFD.ltrans0.ltrans.o
 *fill*         0x000000000020098c        0x4 
 .text.translate_errors
                0x0000000000200990       0x74 /tmp/ccMOdMFD.ltrans0.ltrans.o
 *fill*         0x0000000000200a04        0xc 
 .text.uart_enter_rx_idle_loop
                0x0000000000200a10      0x120 /tmp/ccMOdMFD.ltrans0.ltrans.o
 .text.uart_stop
                0x0000000000200b30      0x17c /tmp/ccMOdMFD.ltrans0.ltrans.o
 *fill*         0x0000000000200cac        0x4 
 .text.uart_start
                0x0000000000200cb0       0xfc /tmp/ccMOdMFD.ltrans0.ltrans.o
 *fill*         0x0000000000200dac        0x4 
 .text.uart_lld_serve_rx_end_irq
                0x0000000000200db0      0x16c /tmp/ccMOdMFD.ltrans0.ltrans.o
 *fill*         0x0000000000200f1c        0x4 
 .text.uart_lld_serve_tx_end_irq
                0x0000000000200f20       0xfc /tmp/ccMOdMFD.ltrans0.ltrans.o
 *fill*         0x000000000020101c        0x4 
 .text.serve_uartFlex_irq
                0x0000000000201020       0xf4 /tmp/ccMOdMFD.ltrans0.ltrans.o
 *fill*         0x0000000000201114        0xc 
 .text.SAMA_UART_FLEXCOM0_HANDLER
                0x0000000000201120       0x30 /tmp/ccMOdMFD.ltrans0.ltrans.o
 .text.uart_lld_init
                0x0000000000201150       0x98 /tmp/ccMOdMFD.ltrans0.ltrans.o
                0x0000000000201150                uart_lld_init
 *fill*         0x00000000002011e8        0x8 
 .text.uart_lld_start
                0x00000000002011f0      0x1ec /tmp/ccMOdMFD.ltrans0.ltrans.o
                0x00000000002011f0                uart_lld_start
 *fill*         0x00000000002013dc        0x4 
 .text.uart_lld_start_send
                0x00000000002013e0       0xc8 /tmp/ccMOdMFD.ltrans0.ltrans.o
                0x00000000002013e0                uart_lld_start_send
 *fill*         0x00000000002014a8        0x8 
 .text.uart_lld_stop_send
                0x00000000002014b0       0xac /tmp/ccMOdMFD.ltrans0.ltrans.o
                0x00000000002014b0                uart_lld_stop_send
 *fill*         0x000000000020155c        0x4 
 .text.uart_lld_start_receive
                0x0000000000201560      0x248 /tmp/ccMOdMFD.ltrans0.ltrans.o
                0x0000000000201560                uart_lld_start_receive
 *fill*         0x00000000002017a8        0x8 
 .text.uart_lld_stop_receive
                0x00000000002017b0       0xc0 /tmp/ccMOdMFD.ltrans0.ltrans.o
                0x00000000002017b0                uart_lld_stop_receive
 .text.__early_init
                0x0000000000201870        0xc /tmp/ccMOdMFD.ltrans0.ltrans.o
                0x0000000000201870                __early_init
 *fill*         0x000000000020187c        0x4 
 .text.boardInit
                0x0000000000201880      0x390 /tmp/ccMOdMFD.ltrans0.ltrans.o
                0x0000000000201880                boardInit
 .text.port_lock_from_isr
                0x0000000000201c10        0x4 /tmp/ccMOdMFD.ltrans0.ltrans.o
 *fill*         0x0000000000201c14        0xc 
 .text.port_unlock_from_isr
                0x0000000000201c20        0x4 /tmp/ccMOdMFD.ltrans0.ltrans.o
 *fill*         0x0000000000201c24        0xc 
 .text.chSysLockFromISR
                0x0000000000201c30        0xc /tmp/ccMOdMFD.ltrans0.ltrans.o
 *fill*         0x0000000000201c3c        0x4 
 .text.chSysUnlockFromISR
                0x0000000000201c40        0xc /tmp/ccMOdMFD.ltrans0.ltrans.o
 *fill*         0x0000000000201c4c        0x4 
 .text.chVTIsArmedI
                0x0000000000201c50       0x2c /tmp/ccMOdMFD.ltrans0.ltrans.o
 *fill*         0x0000000000201c7c        0x4 
 .text.chVTResetI
                0x0000000000201c80       0x30 /tmp/ccMOdMFD.ltrans0.ltrans.o
 .text.chVTSetI
                0x0000000000201cb0       0x3c /tmp/ccMOdMFD.ltrans0.ltrans.o
 *fill*         0x0000000000201cec        0x4 
 .text.led3off  0x0000000000201cf0       0x20 /tmp/ccMOdMFD.ltrans0.ltrans.o
 .text.led4off  0x0000000000201d10       0x20 /tmp/ccMOdMFD.ltrans0.ltrans.o
 .text.led5off  0x0000000000201d30       0x20 /tmp/ccMOdMFD.ltrans0.ltrans.o
 .text.txend1   0x0000000000201d50       0x10 /tmp/ccMOdMFD.ltrans0.ltrans.o
 .text.txend2   0x0000000000201d60       0x54 /tmp/ccMOdMFD.ltrans0.ltrans.o
 *fill*         0x0000000000201db4        0xc 
 .text.rxerr    0x0000000000201dc0       0x14 /tmp/ccMOdMFD.ltrans0.ltrans.o
 *fill*         0x0000000000201dd4        0xc 
 .text.rxchar   0x0000000000201de0       0x5c /tmp/ccMOdMFD.ltrans0.ltrans.o
 *fill*         0x0000000000201e3c        0x4 
 .text.rxend    0x0000000000201e40       0x54 /tmp/ccMOdMFD.ltrans0.ltrans.o
 *fill*         0x0000000000201e94        0xc 
 .text.main     0x0000000000201ea0       0xc8 /tmp/ccMOdMFD.ltrans0.ltrans.o
                0x0000000000201ea0                main
 *fill*         0x0000000000201f68        0x8 
 .text.iqGetTimeout
                0x0000000000201f70       0xe0 /tmp/ccMOdMFD.ltrans1.ltrans.o
 .text.iqReadTimeout
                0x0000000000202050      0x1a4 /tmp/ccMOdMFD.ltrans1.ltrans.o
 *fill*         0x00000000002021f4        0xc 
 .text.oqObjectInit
                0x0000000000202200       0x88 /tmp/ccMOdMFD.ltrans1.ltrans.o
                0x0000000000202200                oqObjectInit
 *fill*         0x0000000000202288        0x8 
 .text.oqPutTimeout
                0x0000000000202290       0xe8 /tmp/ccMOdMFD.ltrans1.ltrans.o
 *fill*         0x0000000000202378        0x8 
 .text.oqGetI   0x0000000000202380       0xcc /tmp/ccMOdMFD.ltrans1.ltrans.o
                0x0000000000202380                oqGetI
 *fill*         0x000000000020244c        0x4 
 .text.oqWriteTimeout
                0x0000000000202450      0x1a4 /tmp/ccMOdMFD.ltrans1.ltrans.o
 *fill*         0x00000000002025f4        0xc 
 .text.port_lock.lto_priv.35
                0x0000000000202600        0x8 /tmp/ccMOdMFD.ltrans1.ltrans.o
 *fill*         0x0000000000202608        0x8 
 .text.port_unlock.lto_priv.33
                0x0000000000202610        0x8 /tmp/ccMOdMFD.ltrans1.ltrans.o
 *fill*         0x0000000000202618        0x8 
 .text.chSysLock.lto_priv.31
                0x0000000000202620        0xc /tmp/ccMOdMFD.ltrans1.ltrans.o
 *fill*         0x000000000020262c        0x4 
 .text.chSysUnlock.lto_priv.29
                0x0000000000202630        0xc /tmp/ccMOdMFD.ltrans1.ltrans.o
 *fill*         0x000000000020263c        0x4 
 .text.chEvtObjectInit
                0x0000000000202640       0x1c /tmp/ccMOdMFD.ltrans1.ltrans.o
 *fill*         0x000000000020265c        0x4 
 .text.osalSysLock.lto_priv.27
                0x0000000000202660        0xc /tmp/ccMOdMFD.ltrans1.ltrans.o
 *fill*         0x000000000020266c        0x4 
 .text.osalSysUnlock.lto_priv.24
                0x0000000000202670        0xc /tmp/ccMOdMFD.ltrans1.ltrans.o
 *fill*         0x000000000020267c        0x4 
 .text.osalEventObjectInit
                0x0000000000202680       0x1c /tmp/ccMOdMFD.ltrans1.ltrans.o
 *fill*         0x000000000020269c        0x4 
 .text.osalEventBroadcastFlagsI
                0x00000000002026a0       0x24 /tmp/ccMOdMFD.ltrans1.ltrans.o
 *fill*         0x00000000002026c4        0xc 
 .text._write.lto_priv.0
                0x00000000002026d0       0x3c /tmp/ccMOdMFD.ltrans1.ltrans.o
                0x00000000002026d0                _write.lto_priv.0
 *fill*         0x000000000020270c        0x4 
 .text._read.lto_priv.1
                0x0000000000202710       0x3c /tmp/ccMOdMFD.ltrans1.ltrans.o
                0x0000000000202710                _read.lto_priv.1
 *fill*         0x000000000020274c        0x4 
 .text._put.lto_priv.2
                0x0000000000202750       0x3c /tmp/ccMOdMFD.ltrans1.ltrans.o
                0x0000000000202750                _put.lto_priv.2
 *fill*         0x000000000020278c        0x4 
 .text._get.lto_priv.3
                0x0000000000202790       0x30 /tmp/ccMOdMFD.ltrans1.ltrans.o
                0x0000000000202790                _get.lto_priv.3
 .text._putt.lto_priv.4
                0x00000000002027c0       0x40 /tmp/ccMOdMFD.ltrans1.ltrans.o
                0x00000000002027c0                _putt.lto_priv.4
 .text._gett.lto_priv.5
                0x0000000000202800       0x34 /tmp/ccMOdMFD.ltrans1.ltrans.o
                0x0000000000202800                _gett.lto_priv.5
 *fill*         0x0000000000202834        0xc 
 .text._writet.lto_priv.6
                0x0000000000202840       0x40 /tmp/ccMOdMFD.ltrans1.ltrans.o
                0x0000000000202840                _writet.lto_priv.6
 .text._readt.lto_priv.7
                0x0000000000202880       0x40 /tmp/ccMOdMFD.ltrans1.ltrans.o
                0x0000000000202880                _readt.lto_priv.7
 .text._ctl.lto_priv.8
                0x00000000002028c0       0x30 /tmp/ccMOdMFD.ltrans1.ltrans.o
                0x00000000002028c0                _ctl.lto_priv.8
 .text.sdInit   0x00000000002028f0        0xc /tmp/ccMOdMFD.ltrans1.ltrans.o
                0x00000000002028f0                sdInit
 *fill*         0x00000000002028fc        0x4 
 .text.sdObjectInit
                0x0000000000202900       0x40 /tmp/ccMOdMFD.ltrans1.ltrans.o
                0x0000000000202900                sdObjectInit
 .text.sdStart  0x0000000000202940       0x38 /tmp/ccMOdMFD.ltrans1.ltrans.o
                0x0000000000202940                sdStart
 *fill*         0x0000000000202978        0x8 
 .text.sdIncomingDataI
                0x0000000000202980       0x78 /tmp/ccMOdMFD.ltrans1.ltrans.o
                0x0000000000202980                sdIncomingDataI
 *fill*         0x00000000002029f8        0x8 
 .text.port_lock.lto_priv.36
                0x0000000000202a00        0x8 /tmp/ccMOdMFD.ltrans1.ltrans.o
 *fill*         0x0000000000202a08        0x8 
 .text.port_unlock.lto_priv.34
                0x0000000000202a10        0x8 /tmp/ccMOdMFD.ltrans1.ltrans.o
 *fill*         0x0000000000202a18        0x8 
 .text.chSysLock.lto_priv.32
                0x0000000000202a20        0xc /tmp/ccMOdMFD.ltrans1.ltrans.o
 *fill*         0x0000000000202a2c        0x4 
 .text.chSysUnlock.lto_priv.30
                0x0000000000202a30        0xc /tmp/ccMOdMFD.ltrans1.ltrans.o
 *fill*         0x0000000000202a3c        0x4 
 .text.osalSysLock.lto_priv.28
                0x0000000000202a40        0xc /tmp/ccMOdMFD.ltrans1.ltrans.o
 *fill*         0x0000000000202a4c        0x4 
 .text.osalSysUnlock.lto_priv.25
                0x0000000000202a50        0xc /tmp/ccMOdMFD.ltrans1.ltrans.o
 *fill*         0x0000000000202a5c        0x4 
 .text.uartInit
                0x0000000000202a60        0xc /tmp/ccMOdMFD.ltrans1.ltrans.o
                0x0000000000202a60                uartInit
 *fill*         0x0000000000202a6c        0x4 
 .text.uartObjectInit
                0x0000000000202a70       0x40 /tmp/ccMOdMFD.ltrans1.ltrans.o
                0x0000000000202a70                uartObjectInit
 .text.uartStart
                0x0000000000202ab0       0x40 /tmp/ccMOdMFD.ltrans1.ltrans.o
                0x0000000000202ab0                uartStart
 .text.uartStartSend
                0x0000000000202af0       0x40 /tmp/ccMOdMFD.ltrans1.ltrans.o
                0x0000000000202af0                uartStartSend
 .text.uartStopSend
                0x0000000000202b30       0x58 /tmp/ccMOdMFD.ltrans1.ltrans.o
                0x0000000000202b30                uartStopSend
 *fill*         0x0000000000202b88        0x8 
 .text.uartStartReceive
                0x0000000000202b90       0x40 /tmp/ccMOdMFD.ltrans1.ltrans.o
                0x0000000000202b90                uartStartReceive
 .text.uartStopReceive
                0x0000000000202bd0       0x58 /tmp/ccMOdMFD.ltrans1.ltrans.o
                0x0000000000202bd0                uartStopReceive
 *fill*         0x0000000000202c28        0x8 
 .text.hal_lld_init
                0x0000000000202c30       0xc0 /tmp/ccMOdMFD.ltrans1.ltrans.o
                0x0000000000202c30                hal_lld_init
 .text.sama_clock_init
                0x0000000000202cf0      0x338 /tmp/ccMOdMFD.ltrans1.ltrans.o
                0x0000000000202cf0                sama_clock_init
 *fill*         0x0000000000203028        0x8 
 .text.port_lock_from_isr.lto_priv.21
                0x0000000000203030        0x4 /tmp/ccMOdMFD.ltrans1.ltrans.o
 *fill*         0x0000000000203034        0xc 
 .text.port_unlock_from_isr.lto_priv.19
                0x0000000000203040        0x4 /tmp/ccMOdMFD.ltrans1.ltrans.o
 *fill*         0x0000000000203044        0xc 
 .text.chSysLockFromISR.lto_priv.17
                0x0000000000203050        0xc /tmp/ccMOdMFD.ltrans1.ltrans.o
 *fill*         0x000000000020305c        0x4 
 .text.chSysUnlockFromISR.lto_priv.15
                0x0000000000203060        0xc /tmp/ccMOdMFD.ltrans1.ltrans.o
 *fill*         0x000000000020306c        0x4 
 .text.osalSysLockFromISR
                0x0000000000203070        0xc /tmp/ccMOdMFD.ltrans1.ltrans.o
 *fill*         0x000000000020307c        0x4 
 .text.osalSysUnlockFromISR
                0x0000000000203080        0xc /tmp/ccMOdMFD.ltrans1.ltrans.o
 *fill*         0x000000000020308c        0x4 
 .text.osalOsTimerHandlerI
                0x0000000000203090        0xc /tmp/ccMOdMFD.ltrans1.ltrans.o
 *fill*         0x000000000020309c        0x4 
 .text.PIT_Handler
                0x00000000002030a0       0x48 /tmp/ccMOdMFD.ltrans1.ltrans.o
 *fill*         0x00000000002030e8        0x8 
 .text.st_lld_init
                0x00000000002030f0       0x9c /tmp/ccMOdMFD.ltrans1.ltrans.o
                0x00000000002030f0                st_lld_init
 *fill*         0x000000000020318c        0x4 
 .text.aicInit  0x0000000000203190       0x54 /tmp/ccMOdMFD.ltrans1.ltrans.o
 *fill*         0x00000000002031e4        0xc 
 .text.aicSetSourcePriority
                0x00000000002031f0       0x78 /tmp/ccMOdMFD.ltrans1.ltrans.o
                0x00000000002031f0                aicSetSourcePriority
 *fill*         0x0000000000203268        0x8 
 .text.aicSetSourceHandler
                0x0000000000203270       0x5c /tmp/ccMOdMFD.ltrans1.ltrans.o
                0x0000000000203270                aicSetSourceHandler
 *fill*         0x00000000002032cc        0x4 
 .text.aicEnableInt
                0x00000000002032d0       0x38 /tmp/ccMOdMFD.ltrans1.ltrans.o
                0x00000000002032d0                aicEnableInt
 *fill*         0x0000000000203308        0x8 
 .text.dmaHandler
                0x0000000000203310      0x1f8 /tmp/ccMOdMFD.ltrans1.ltrans.o
 *fill*         0x0000000000203508        0x8 
 .text.dmaInit  0x0000000000203510      0x120 /tmp/ccMOdMFD.ltrans1.ltrans.o
 .text.dmaChannelSetTransactionSize
                0x0000000000203630      0x12c /tmp/ccMOdMFD.ltrans1.ltrans.o
                0x0000000000203630                dmaChannelSetTransactionSize
 *fill*         0x000000000020375c        0x4 
 .text.dmaChannelAllocate
                0x0000000000203760      0x1d4 /tmp/ccMOdMFD.ltrans1.ltrans.o
                0x0000000000203760                dmaChannelAllocate
 *fill*         0x0000000000203934        0xc 
 .text._pal_lld_setgroupmode
                0x0000000000203940       0x74 /tmp/ccMOdMFD.ltrans1.ltrans.o
                0x0000000000203940                _pal_lld_setgroupmode
 *fill*         0x00000000002039b4        0xc 
 .text.port_lock_from_isr.lto_priv.22
                0x00000000002039c0        0x4 /tmp/ccMOdMFD.ltrans1.ltrans.o
 *fill*         0x00000000002039c4        0xc 
 .text.port_unlock_from_isr.lto_priv.20
                0x00000000002039d0        0x4 /tmp/ccMOdMFD.ltrans1.ltrans.o
 *fill*         0x00000000002039d4        0xc 
 .text.chSysLockFromISR.lto_priv.18
                0x00000000002039e0        0xc /tmp/ccMOdMFD.ltrans1.ltrans.o
 *fill*         0x00000000002039ec        0x4 
 .text.chSysUnlockFromISR.lto_priv.16
                0x00000000002039f0        0xc /tmp/ccMOdMFD.ltrans1.ltrans.o
 *fill*         0x00000000002039fc        0x4 
 .text.osalSysLockFromISR.lto_priv.14
                0x0000000000203a00        0xc /tmp/ccMOdMFD.ltrans1.ltrans.o
                0x0000000000203a00                osalSysLockFromISR.lto_priv.14
 *fill*         0x0000000000203a0c        0x4 
 .text.osalSysUnlockFromISR.lto_priv.12
                0x0000000000203a10        0xc /tmp/ccMOdMFD.ltrans1.ltrans.o
                0x0000000000203a10                osalSysUnlockFromISR.lto_priv.12
 *fill*         0x0000000000203a1c        0x4 
 .text.osalEventBroadcastFlagsI.lto_priv.13
                0x0000000000203a20       0x24 /tmp/ccMOdMFD.ltrans1.ltrans.o
                0x0000000000203a20                osalEventBroadcastFlagsI.lto_priv.13
 *fill*         0x0000000000203a44        0xc 
 .text.uart_init.lto_priv.11
                0x0000000000203a50       0xc8 /tmp/ccMOdMFD.ltrans1.ltrans.o
                0x0000000000203a50                uart_init.lto_priv.11
 *fill*         0x0000000000203b18        0x8 
 .text.osalInit
                0x0000000000203b20        0x4 /tmp/ccMOdMFD.ltrans2.ltrans.o
 *fill*         0x0000000000203b24        0xc 
 .text.halInit  0x0000000000203b30       0x20 /tmp/ccMOdMFD.ltrans2.ltrans.o
                0x0000000000203b30                halInit
 .text.stInit   0x0000000000203b50        0xc /tmp/ccMOdMFD.ltrans2.ltrans.o
 *fill*         0x0000000000203b5c        0x4 
 .text.port_lock.lto_priv.58
                0x0000000000203b60        0x8 /tmp/ccMOdMFD.ltrans2.ltrans.o
 *fill*         0x0000000000203b68        0x8 
 .text.port_unlock.lto_priv.56
                0x0000000000203b70        0x8 /tmp/ccMOdMFD.ltrans2.ltrans.o
 *fill*         0x0000000000203b78        0x8 
 .text.queue_init.lto_priv.54
                0x0000000000203b80       0x28 /tmp/ccMOdMFD.ltrans2.ltrans.o
 *fill*         0x0000000000203ba8        0x8 
 .text.chSysLock.lto_priv.52
                0x0000000000203bb0        0xc /tmp/ccMOdMFD.ltrans2.ltrans.o
 *fill*         0x0000000000203bbc        0x4 
 .text.chSysUnlock.lto_priv.49
                0x0000000000203bc0        0xc /tmp/ccMOdMFD.ltrans2.ltrans.o
 *fill*         0x0000000000203bcc        0x4 
 .text.chVTGetSystemTimeX.lto_priv.46
                0x0000000000203bd0       0x14 /tmp/ccMOdMFD.ltrans2.ltrans.o
 *fill*         0x0000000000203be4        0xc 
 .text.chThdQueueObjectInit.lto_priv.44
                0x0000000000203bf0       0x1c /tmp/ccMOdMFD.ltrans2.ltrans.o
 *fill*         0x0000000000203c0c        0x4 
 .text.osalSysLock.lto_priv.26
                0x0000000000203c10        0xc /tmp/ccMOdMFD.ltrans2.ltrans.o
                0x0000000000203c10                osalSysLock.lto_priv.26
 *fill*         0x0000000000203c1c        0x4 
 .text.osalSysUnlock.lto_priv.23
                0x0000000000203c20        0xc /tmp/ccMOdMFD.ltrans2.ltrans.o
                0x0000000000203c20                osalSysUnlock.lto_priv.23
 *fill*         0x0000000000203c2c        0x4 
 .text.osalOsGetSystemTimeX.lto_priv.39
                0x0000000000203c30       0x14 /tmp/ccMOdMFD.ltrans2.ltrans.o
                0x0000000000203c30                osalOsGetSystemTimeX.lto_priv.39
 *fill*         0x0000000000203c44        0xc 
 .text.osalThreadQueueObjectInit.lto_priv.42
                0x0000000000203c50       0x1c /tmp/ccMOdMFD.ltrans2.ltrans.o
                0x0000000000203c50                osalThreadQueueObjectInit.lto_priv.42
 *fill*         0x0000000000203c6c        0x4 
 .text.osalThreadEnqueueTimeoutS.lto_priv.38
                0x0000000000203c70       0x2c /tmp/ccMOdMFD.ltrans2.ltrans.o
                0x0000000000203c70                osalThreadEnqueueTimeoutS.lto_priv.38
 *fill*         0x0000000000203c9c        0x4 
 .text.osalThreadDequeueNextI.lto_priv.40
                0x0000000000203ca0       0x24 /tmp/ccMOdMFD.ltrans2.ltrans.o
                0x0000000000203ca0                osalThreadDequeueNextI.lto_priv.40
 *fill*         0x0000000000203cc4        0xc 
 .text.iqObjectInit
                0x0000000000203cd0       0x88 /tmp/ccMOdMFD.ltrans2.ltrans.o
                0x0000000000203cd0                iqObjectInit
 *fill*         0x0000000000203d58        0x8 
 .text.iqPutI   0x0000000000203d60       0xd4 /tmp/ccMOdMFD.ltrans2.ltrans.o
                0x0000000000203d60                iqPutI
 *fill*         0x0000000000203e34        0xc 
 .text.chEvtSignalI
                0x0000000000203e40       0xa4 /tmp/ccMOdMFD.ltrans3.ltrans.o
                0x0000000000203e40                chEvtSignalI
 *fill*         0x0000000000203ee4        0xc 
 .text.port_lock.lto_priv.77
                0x0000000000203ef0        0x8 /tmp/ccMOdMFD.ltrans3.ltrans.o
 *fill*         0x0000000000203ef8        0x8 
 .text.port_unlock.lto_priv.71
                0x0000000000203f00        0x8 /tmp/ccMOdMFD.ltrans3.ltrans.o
 *fill*         0x0000000000203f08        0x8 
 .text.chSysLock.lto_priv.90
                0x0000000000203f10        0xc /tmp/ccMOdMFD.ltrans3.ltrans.o
 *fill*         0x0000000000203f1c        0x4 
 .text.chSysUnlock.lto_priv.84
                0x0000000000203f20        0xc /tmp/ccMOdMFD.ltrans3.ltrans.o
 *fill*         0x0000000000203f2c        0x4 
 .text._core_init
                0x0000000000203f30       0x2c /tmp/ccMOdMFD.ltrans3.ltrans.o
                0x0000000000203f30                _core_init
 *fill*         0x0000000000203f5c        0x4 
 .text.chCoreAllocAlignedWithOffsetI
                0x0000000000203f60       0xcc /tmp/ccMOdMFD.ltrans3.ltrans.o
 *fill*         0x000000000020402c        0x4 
 .text.chCoreAllocAlignedWithOffset
                0x0000000000204030       0x40 /tmp/ccMOdMFD.ltrans3.ltrans.o
 .text._heap_init
                0x0000000000204070       0x48 /tmp/ccMOdMFD.ltrans3.ltrans.o
                0x0000000000204070                _heap_init
 *fill*         0x00000000002040b8        0x8 
 .text.__late_init
                0x00000000002040c0        0x4 /tmp/ccMOdMFD.ltrans4.ltrans.o
                0x00000000002040c0                __late_init
 *fill*         0x00000000002040c4        0xc 
 .text.__default_exit
                0x00000000002040d0        0x4 /tmp/ccMOdMFD.ltrans4.ltrans.o
                0x00000000002040d0                __default_exit
 *fill*         0x00000000002040d4        0xc 
 .text.port_init
                0x00000000002040e0        0x4 /tmp/ccMOdMFD.ltrans4.ltrans.o
 *fill*         0x00000000002040e4        0xc 
 .text.port_lock_from_isr.lto_priv.148
                0x00000000002040f0        0x4 /tmp/ccMOdMFD.ltrans4.ltrans.o
 *fill*         0x00000000002040f4        0xc 
 .text.port_unlock_from_isr.lto_priv.146
                0x0000000000204100        0x4 /tmp/ccMOdMFD.ltrans4.ltrans.o
 *fill*         0x0000000000204104        0xc 
 .text.port_disable
                0x0000000000204110        0x8 /tmp/ccMOdMFD.ltrans4.ltrans.o
 *fill*         0x0000000000204118        0x8 
 .text.port_enable
                0x0000000000204120        0x8 /tmp/ccMOdMFD.ltrans4.ltrans.o
 *fill*         0x0000000000204128        0x8 
 .text.port_wait_for_interrupt
                0x0000000000204130        0x8 /tmp/ccMOdMFD.ltrans4.ltrans.o
 *fill*         0x0000000000204138        0x8 
 .text.chSysEnable
                0x0000000000204140        0xc /tmp/ccMOdMFD.ltrans4.ltrans.o
 *fill*         0x000000000020414c        0x4 
 .text.chSysLockFromISR.lto_priv.144
                0x0000000000204150        0xc /tmp/ccMOdMFD.ltrans4.ltrans.o
 *fill*         0x000000000020415c        0x4 
 .text.chSysUnlockFromISR.lto_priv.142
                0x0000000000204160        0xc /tmp/ccMOdMFD.ltrans4.ltrans.o
 *fill*         0x000000000020416c        0x4 
 .text.chVTDoTickI
                0x0000000000204170       0xe8 /tmp/ccMOdMFD.ltrans4.ltrans.o
 *fill*         0x0000000000204258        0x8 
 .text._idle_thread.lto_priv.9
                0x0000000000204260       0x14 /tmp/ccMOdMFD.ltrans4.ltrans.o
                0x0000000000204260                _idle_thread.lto_priv.9
 *fill*         0x0000000000204274        0xc 
 .text.chSysInit
                0x0000000000204280       0x7c /tmp/ccMOdMFD.ltrans4.ltrans.o
                0x0000000000204280                chSysInit
 *fill*         0x00000000002042fc        0x4 
 .text.chSysHalt
                0x0000000000204300       0x24 /tmp/ccMOdMFD.ltrans4.ltrans.o
                0x0000000000204300                chSysHalt
 *fill*         0x0000000000204324        0xc 
 .text.chSysTimerHandlerI
                0x0000000000204330       0x24 /tmp/ccMOdMFD.ltrans4.ltrans.o
                0x0000000000204330                chSysTimerHandlerI
 *fill*         0x0000000000204354        0xc 
 .text._vt_init
                0x0000000000204360       0x4c /tmp/ccMOdMFD.ltrans4.ltrans.o
 *fill*         0x00000000002043ac        0x4 
 .text.chVTDoSetI
                0x00000000002043b0       0xf4 /tmp/ccMOdMFD.ltrans4.ltrans.o
                0x00000000002043b0                chVTDoSetI
 *fill*         0x00000000002044a4        0xc 
 .text.chVTDoResetI
                0x00000000002044b0       0x78 /tmp/ccMOdMFD.ltrans4.ltrans.o
                0x00000000002044b0                chVTDoResetI
 *fill*         0x0000000000204528        0x8 
 .text.port_lock_from_isr.lto_priv.149
                0x0000000000204530        0x4 /tmp/ccMOdMFD.ltrans4.ltrans.o
 *fill*         0x0000000000204534        0xc 
 .text.port_unlock_from_isr.lto_priv.147
                0x0000000000204540        0x4 /tmp/ccMOdMFD.ltrans4.ltrans.o
 *fill*         0x0000000000204544        0xc 
 .text.queue_init.lto_priv.131
                0x0000000000204550       0x28 /tmp/ccMOdMFD.ltrans4.ltrans.o
 *fill*         0x0000000000204578        0x8 
 .text.queue_fifo_remove.lto_priv.121
                0x0000000000204580       0x44 /tmp/ccMOdMFD.ltrans4.ltrans.o
 *fill*         0x00000000002045c4        0xc 
 .text.queue_dequeue.lto_priv.136
                0x00000000002045d0       0x40 /tmp/ccMOdMFD.ltrans4.ltrans.o
 .text.chSysLockFromISR.lto_priv.145
                0x0000000000204610        0xc /tmp/ccMOdMFD.ltrans4.ltrans.o
 *fill*         0x000000000020461c        0x4 
 .text.chSysUnlockFromISR.lto_priv.143
                0x0000000000204620        0xc /tmp/ccMOdMFD.ltrans4.ltrans.o
 *fill*         0x000000000020462c        0x4 
 .text.chVTIsArmedI
                0x0000000000204630       0x2c /tmp/ccMOdMFD.ltrans4.ltrans.o
 *fill*         0x000000000020465c        0x4 
 .text.chSemFastSignalI
                0x0000000000204660       0x24 /tmp/ccMOdMFD.ltrans4.ltrans.o
 *fill*         0x0000000000204684        0xc 
 .text._scheduler_init
                0x0000000000204690       0x4c /tmp/ccMOdMFD.ltrans4.ltrans.o
 *fill*         0x00000000002046dc        0x4 
 .text.chSchReadyI
                0x00000000002046e0       0x8c /tmp/ccMOdMFD.ltrans4.ltrans.o
                0x00000000002046e0                chSchReadyI
 *fill*         0x000000000020476c        0x4 
 .text.chSchReadyAheadI
                0x0000000000204770       0x8c /tmp/ccMOdMFD.ltrans4.ltrans.o
 *fill*         0x00000000002047fc        0x4 
 .text.chSchGoSleepS
                0x0000000000204800       0x7c /tmp/ccMOdMFD.ltrans4.ltrans.o
                0x0000000000204800                chSchGoSleepS
 *fill*         0x000000000020487c        0x4 
 .text.wakeup   0x0000000000204880       0xa0 /tmp/ccMOdMFD.ltrans4.ltrans.o
 .text.chSchGoSleepTimeoutS
                0x0000000000204920       0x9c /tmp/ccMOdMFD.ltrans4.ltrans.o
                0x0000000000204920                chSchGoSleepTimeoutS
 *fill*         0x00000000002049bc        0x4 
 .text.chSchWakeupS
                0x00000000002049c0       0x8c /tmp/ccMOdMFD.ltrans4.ltrans.o
                0x00000000002049c0                chSchWakeupS
 *fill*         0x0000000000204a4c        0x4 
 .text.chSchIsPreemptionRequired
                0x0000000000204a50       0x50 /tmp/ccMOdMFD.ltrans4.ltrans.o
                0x0000000000204a50                chSchIsPreemptionRequired
 .text.chSchDoReschedule
                0x0000000000204aa0       0x74 /tmp/ccMOdMFD.ltrans4.ltrans.o
                0x0000000000204aa0                chSchDoReschedule
 *fill*         0x0000000000204b14        0xc 
 .text.port_lock.lto_priv.101
                0x0000000000204b20        0x8 /tmp/ccMOdMFD.ltrans4.ltrans.o
 *fill*         0x0000000000204b28        0x8 
 .text.port_unlock.lto_priv.94
                0x0000000000204b30        0x8 /tmp/ccMOdMFD.ltrans4.ltrans.o
 *fill*         0x0000000000204b38        0x8 
 .text.list_init
                0x0000000000204b40       0x1c /tmp/ccMOdMFD.ltrans4.ltrans.o
 *fill*         0x0000000000204b5c        0x4 
 .text.list_notempty
                0x0000000000204b60       0x30 /tmp/ccMOdMFD.ltrans4.ltrans.o
 .text.queue_init.lto_priv.132
                0x0000000000204b90       0x28 /tmp/ccMOdMFD.ltrans4.ltrans.o
 *fill*         0x0000000000204bb8        0x8 
 .text.queue_notempty.lto_priv.128
                0x0000000000204bc0       0x30 /tmp/ccMOdMFD.ltrans4.ltrans.o
 .text.list_remove
                0x0000000000204bf0       0x34 /tmp/ccMOdMFD.ltrans4.ltrans.o
 *fill*         0x0000000000204c24        0xc 
 .text.queue_insert.lto_priv.138
                0x0000000000204c30       0x4c /tmp/ccMOdMFD.ltrans4.ltrans.o
 *fill*         0x0000000000204c7c        0x4 
 .text.queue_fifo_remove.lto_priv.122
                0x0000000000204c80       0x44 /tmp/ccMOdMFD.ltrans4.ltrans.o
 *fill*         0x0000000000204cc4        0xc 
 .text.chSysLock.lto_priv.116
                0x0000000000204cd0        0xc /tmp/ccMOdMFD.ltrans4.ltrans.o
 *fill*         0x0000000000204cdc        0x4 
 .text.chSysUnlock.lto_priv.110
                0x0000000000204ce0        0xc /tmp/ccMOdMFD.ltrans4.ltrans.o
 *fill*         0x0000000000204cec        0x4 
 .text.chThdSleepS
                0x0000000000204cf0       0x20 /tmp/ccMOdMFD.ltrans4.ltrans.o
 .text.chThdDoDequeueNextI
                0x0000000000204d10       0x38 /tmp/ccMOdMFD.ltrans4.ltrans.o
 *fill*         0x0000000000204d48        0x8 
 .text._thread_init
                0x0000000000204d50       0xf4 /tmp/ccMOdMFD.ltrans4.ltrans.o
 *fill*         0x0000000000204e44        0xc 
 .text.chThdCreateSuspendedI
                0x0000000000204e50       0xa4 /tmp/ccMOdMFD.ltrans4.ltrans.o
                0x0000000000204e50                chThdCreateSuspendedI
 *fill*         0x0000000000204ef4        0xc 
 .text.chThdCreate
                0x0000000000204f00       0x3c /tmp/ccMOdMFD.ltrans4.ltrans.o
 *fill*         0x0000000000204f3c        0x4 
 .text.chThdExit
                0x0000000000204f40       0x20 /tmp/ccMOdMFD.ltrans4.ltrans.o
                0x0000000000204f40                chThdExit
 .text.chThdExitS
                0x0000000000204f60       0xc0 /tmp/ccMOdMFD.ltrans4.ltrans.o
 .text.chThdSleep
                0x0000000000205020       0x24 /tmp/ccMOdMFD.ltrans4.ltrans.o
                0x0000000000205020                chThdSleep
 *fill*         0x0000000000205044        0xc 
 .text.chThdEnqueueTimeoutS
                0x0000000000205050       0x58 /tmp/ccMOdMFD.ltrans4.ltrans.o
                0x0000000000205050                chThdEnqueueTimeoutS
 *fill*         0x00000000002050a8        0x8 
 .text.chThdDequeueNextI
                0x00000000002050b0       0x38 /tmp/ccMOdMFD.ltrans4.ltrans.o
                0x00000000002050b0                chThdDequeueNextI
 *fill*         0x00000000002050e8        0x8 
 .text.queue_init.lto_priv.134
                0x00000000002050f0       0x28 /tmp/ccMOdMFD.ltrans4.ltrans.o
 *fill*         0x0000000000205118        0x8 
 .text.chMtxObjectInit
                0x0000000000205120       0x2c /tmp/ccMOdMFD.ltrans4.ltrans.o
                0x0000000000205120                chMtxObjectInit
 *fill*         0x000000000020514c        0x4 
 .text.chEvtBroadcastFlagsI
                0x0000000000205150       0xa0 /tmp/ccMOdMFD.ltrans4.ltrans.o
                0x0000000000205150                chEvtBroadcastFlagsI
 *(.rodata)
 .rodata        0x00000000002051f0       0x14 /tmp/ccMOdMFD.ltrans0.ltrans.o
 *(.rodata.*)
 *fill*         0x0000000000205204        0xc 
 .rodata.idle_descriptor.7911.lto_priv.150
                0x0000000000205210       0x18 /tmp/ccMOdMFD.ltrans0.ltrans.o
                0x0000000000205210                idle_descriptor.7911.lto_priv.150
 *fill*         0x0000000000205228        0x8 
 .rodata.ch_debug
                0x0000000000205230       0x16 /tmp/ccMOdMFD.ltrans0.ltrans.o
                0x0000000000205230                ch_debug
 *fill*         0x0000000000205246        0xa 
 .rodata.vmt.lto_priv.37
                0x0000000000205250       0x24 /tmp/ccMOdMFD.ltrans0.ltrans.o
                0x0000000000205250                vmt.lto_priv.37
 *fill*         0x0000000000205274        0xc 
 .rodata.default_config
                0x0000000000205280        0xc /tmp/ccMOdMFD.ltrans0.ltrans.o
 *fill*         0x000000000020528c        0x4 
 .rodata.sama_inits
                0x0000000000205290       0x30 /tmp/ccMOdMFD.ltrans0.ltrans.o
 .rodata.message
                0x00000000002052c0        0x6 /tmp/ccMOdMFD.ltrans0.ltrans.o
 *(.glue_7t)
 .glue_7t       0x00000000002052c6        0x0 linker stubs
 *(.glue_7)
 .glue_7        0x00000000002052c6        0x0 linker stubs
 *(.gcc*)

.vfp11_veneer   0x00000000002052c8        0x0
 .vfp11_veneer  0x00000000002052c8        0x0 linker stubs

.v4_bx          0x00000000002052c8        0x0
 .v4_bx         0x00000000002052c8        0x0 linker stubs

.iplt           0x00000000002052c8        0x0
 .iplt          0x00000000002052c8        0x0 build/obj/boot.o

.rel.dyn        0x00000000002052c8        0x0
 .rel.iplt      0x00000000002052c8        0x0 build/obj/boot.o

.ARM.extab
 *(.ARM.extab* .gnu.linkonce.armextab.*)

.ARM.exidx      0x00000000002052c6        0x0
                [!provide]                        PROVIDE (__exidx_start, .)
 *(.ARM.exidx* .gnu.linkonce.armexidx.*)
                [!provide]                        PROVIDE (__exidx_end, .)

.eh_frame_hdr
 *(.eh_frame_hdr)

.eh_frame
 *(.eh_frame)

.textalign      0x00000000002052c6        0x2
                0x00000000002052c8                . = ALIGN (0x8)
 *fill*         0x00000000002052c6        0x2 
                0x00000000002052c8                . = ALIGN (0x4)
                0x00000000002052c8                _etext = .
                0x00000000002052c8                _textdata = _etext

.stacks         0x0000000000210000      0x858
                0x0000000000210000                . = ALIGN (0x8)
                0x0000000000210000                __stacks_base__ = .
                0x0000000000210000                __main_thread_stack_base__ = .
                0x0000000000210858                . = (. + __stacks_total_size__)
 *fill*         0x0000000000210000      0x858 
                0x0000000000210858                . = ALIGN (0x8)
                0x0000000000210858                __stacks_end__ = .

.data           0x0000000000210858       0x28 load address 0x00000000002052c8
                0x0000000000210858                . = ALIGN (0x4)
                0x0000000000210858                PROVIDE (_data, .)
 *(.data)
 *(.data.*)
 .data.uart_cfg_1
                0x0000000000210858       0x28 /tmp/ccMOdMFD.ltrans0.ltrans.o
 *(.ramtext)
                0x0000000000210880                . = ALIGN (0x4)
                0x0000000000210880                PROVIDE (_edata, .)

.igot.plt       0x0000000000210880        0x0 load address 0x00000000002052f0
 .igot.plt      0x0000000000210880        0x0 build/obj/boot.o

.bss            0x0000000000210880      0x46c load address 0x00000000002052f0
                0x0000000000210880                . = ALIGN (0x4)
                0x0000000000210880                PROVIDE (_bss_start, .)
 *(.bss)
 *(.bss.*)
 .bss.ch_idle_thread_wa
                0x0000000000210880       0xd0 /tmp/ccMOdMFD.ltrans0.ltrans.o
                0x0000000000210880                ch_idle_thread_wa
 .bss.ch        0x0000000000210950       0x78 /tmp/ccMOdMFD.ltrans0.ltrans.o
                0x0000000000210950                ch
 .bss.ch_memcore
                0x00000000002109c8        0x8 /tmp/ccMOdMFD.ltrans0.ltrans.o
                0x00000000002109c8                ch_memcore
 .bss.default_heap.lto_priv.92
                0x00000000002109d0       0x20 /tmp/ccMOdMFD.ltrans0.ltrans.o
                0x00000000002109d0                default_heap.lto_priv.92
 .bss._sama_dma_channel_t
                0x00000000002109f0      0x200 /tmp/ccMOdMFD.ltrans0.ltrans.o
                0x00000000002109f0                _sama_dma_channel_t
 .bss.SD0       0x0000000000210bf0       0x64 /tmp/ccMOdMFD.ltrans0.ltrans.o
 .bss.sd_in_buf0
                0x0000000000210c54       0x10 /tmp/ccMOdMFD.ltrans0.ltrans.o
 .bss.sd_out_buf0
                0x0000000000210c64       0x10 /tmp/ccMOdMFD.ltrans0.ltrans.o
 .bss.FUARTD0   0x0000000000210c74       0x28 /tmp/ccMOdMFD.ltrans0.ltrans.o
 .bss.descriptor0
                0x0000000000210c9c        0xc /tmp/ccMOdMFD.ltrans0.ltrans.o
 .bss.vt3       0x0000000000210ca8       0x14 /tmp/ccMOdMFD.ltrans0.ltrans.o
 .bss.vt4       0x0000000000210cbc       0x14 /tmp/ccMOdMFD.ltrans0.ltrans.o
 .bss.vt5       0x0000000000210cd0       0x14 /tmp/ccMOdMFD.ltrans0.ltrans.o
 .bss.buffer    0x0000000000210ce4        0x5 /tmp/ccMOdMFD.ltrans0.ltrans.o
 *(COMMON)
                0x0000000000210cec                . = ALIGN (0x4)
 *fill*         0x0000000000210ce9        0x3 
                0x0000000000210cec                PROVIDE (_bss_end, .)
                [!provide]                        PROVIDE (end, .)

.ram0           0x0000000000210cec        0x0 load address 0x00000000002052f0
                0x0000000000210cec                . = ALIGN (0x4)
 *(.ram0)
 *(.ram0.*)
                0x0000000000210cec                . = ALIGN (0x4)
                0x0000000000210cec                __ram0_free__ = .

.ram1           0x0000000000000000        0x0
                0x0000000000000000                . = ALIGN (0x4)
 *(.ram1)
 *(.ram1.*)
                0x0000000000000000                . = ALIGN (0x4)
                0x0000000000000000                __ram1_free__ = .

.ram2           0x0000000000000000        0x0
                0x0000000000000000                . = ALIGN (0x4)
 *(.ram2)
 *(.ram2.*)
                0x0000000000000000                . = ALIGN (0x4)
                0x0000000000000000                __ram2_free__ = .

.ram3           0x0000000000000000        0x0
                0x0000000000000000                . = ALIGN (0x4)
 *(.ram3)
 *(.ram3.*)
                0x0000000000000000                . = ALIGN (0x4)
                0x0000000000000000                __ram3_free__ = .

.ram4           0x0000000000000000        0x0
                0x0000000000000000                . = ALIGN (0x4)
 *(.ram4)
 *(.ram4.*)
                0x0000000000000000                . = ALIGN (0x4)
                0x0000000000000000                __ram4_free__ = .

.ram5           0x0000000000000000        0x0
                0x0000000000000000                . = ALIGN (0x4)
 *(.ram5)
 *(.ram5.*)
                0x0000000000000000                . = ALIGN (0x4)
                0x0000000000000000                __ram5_free__ = .

.ram6           0x0000000000000000        0x0
                0x0000000000000000                . = ALIGN (0x4)
 *(.ram6)
 *(.ram6.*)
                0x0000000000000000                . = ALIGN (0x4)
                0x0000000000000000                __ram6_free__ = .

.ram7           0x0000000000000000        0x0
                0x0000000000000000                . = ALIGN (0x4)
 *(.ram7)
 *(.ram7.*)
                0x0000000000000000                . = ALIGN (0x4)
                0x0000000000000000                __ram7_free__ = .
                0x0000000000210cec                __heap_base__ = __ram0_free__
                0x0000000000220000                __heap_end__ = __ram0_end__
                0x0000000000000008                __und_stack_size__ = 0x8
                0x0000000000000008                __abt_stack_size__ = 0x8
                0x0000000000000040                __fiq_stack_size__ = 0x40
                0x0000000000000400                __irq_stack_size__ = 0x400
                0x0000000000000008                __svc_stack_size__ = 0x8
                0x0000000000000400                __sys_stack_size__ = 0x400
START GROUP
LOAD /home/chibi/Atmel/arm-gnu-toolchain/bin/../lib/gcc/arm-none-eabi/5.3.1/armv7-a/arm-softfp-vfpv4-d16/libgcc.a
LOAD /home/chibi/Atmel/arm-gnu-toolchain/bin/../lib/gcc/arm-none-eabi/5.3.1/../../../../arm-none-eabi/lib/armv7-a/arm-softfp-vfpv4-d16/libg.a
LOAD /home/chibi/Atmel/arm-gnu-toolchain/bin/../lib/gcc/arm-none-eabi/5.3.1/../../../../arm-none-eabi/lib/armv7-a/arm-softfp-vfpv4-d16/libc.a
END GROUP
OUTPUT(build/ch.elf elf32-littlearm)

.ARM.attributes
                0x0000000000000000       0x37
 .ARM.attributes
                0x0000000000000000       0x27 build/obj/boot.o
 .ARM.attributes
                0x0000000000000027       0x27 build/obj/vectors.o
 .ARM.attributes
                0x000000000000004e       0x27 build/obj/crt0.o
 .ARM.attributes
                0x0000000000000075       0x27 build/obj/chcoreasm.o
 .ARM.attributes
                0x000000000000009c       0x37 /tmp/ccMOdMFD.ltrans0.ltrans.o
 .ARM.attributes
                0x00000000000000d3       0x37 /tmp/ccMOdMFD.ltrans1.ltrans.o
 .ARM.attributes
                0x000000000000010a       0x37 /tmp/ccMOdMFD.ltrans2.ltrans.o
 .ARM.attributes
                0x0000000000000141       0x37 /tmp/ccMOdMFD.ltrans3.ltrans.o
 .ARM.attributes
                0x0000000000000178       0x37 /tmp/ccMOdMFD.ltrans4.ltrans.o
 .ARM.attributes
                0x00000000000001af       0x21 /home/chibi/Atmel/arm-gnu-toolchain/bin/../lib/gcc/arm-none-eabi/5.3.1/armv7-a/arm-softfp-vfpv4-d16/libgcc.a(_udivsi3.o)
 .ARM.attributes
                0x00000000000001d0       0x21 /home/chibi/Atmel/arm-gnu-toolchain/bin/../lib/gcc/arm-none-eabi/5.3.1/armv7-a/arm-softfp-vfpv4-d16/libgcc.a(_dvmd_tls.o)

.comment        0x0000000000000000       0x59
 .comment       0x0000000000000000       0x59 /tmp/ccMOdMFD.ltrans0.ltrans.o
                                         0x5a (size before relaxing)
 .comment       0x0000000000000059       0x5a /tmp/ccMOdMFD.ltrans1.ltrans.o
 .comment       0x0000000000000059       0x5a /tmp/ccMOdMFD.ltrans2.ltrans.o
 .comment       0x0000000000000059       0x5a /tmp/ccMOdMFD.ltrans3.ltrans.o
 .comment       0x0000000000000059       0x5a /tmp/ccMOdMFD.ltrans4.ltrans.o

.debug_line     0x0000000000000000     0x44ee
 .debug_line    0x0000000000000000       0x86 build/obj/boot.o
 .debug_line    0x0000000000000086       0x80 build/obj/vectors.o
 .debug_line    0x0000000000000106       0xa0 build/obj/crt0.o
 .debug_line    0x00000000000001a6       0xd9 build/obj/chcoreasm.o
 .debug_line    0x000000000000027f      0x931 /tmp/ccMOdMFD.ltrans0.ltrans.o
 .debug_line    0x0000000000000bb0      0xf34 /tmp/ccMOdMFD.ltrans1.ltrans.o
 .debug_line    0x0000000000001ae4      0xa9a /tmp/ccMOdMFD.ltrans2.ltrans.o
 .debug_line    0x000000000000257e      0xc21 /tmp/ccMOdMFD.ltrans3.ltrans.o
 .debug_line    0x000000000000319f     0x134f /tmp/ccMOdMFD.ltrans4.ltrans.o

.debug_info     0x0000000000000000     0xc06f
 .debug_info    0x0000000000000000       0x9b build/obj/boot.o
 .debug_info    0x000000000000009b       0x98 build/obj/vectors.o
 .debug_info    0x0000000000000133       0x99 build/obj/crt0.o
 .debug_info    0x00000000000001cc       0xa2 build/obj/chcoreasm.o
 .debug_info    0x000000000000026e     0x220f /tmp/ccMOdMFD.ltrans0.ltrans.o
 .debug_info    0x000000000000247d     0x33b1 /tmp/ccMOdMFD.ltrans1.ltrans.o
 .debug_info    0x000000000000582e     0x1b78 /tmp/ccMOdMFD.ltrans2.ltrans.o
 .debug_info    0x00000000000073a6     0x21c1 /tmp/ccMOdMFD.ltrans3.ltrans.o
 .debug_info    0x0000000000009567     0x2b08 /tmp/ccMOdMFD.ltrans4.ltrans.o

.debug_abbrev   0x0000000000000000     0x1406
 .debug_abbrev  0x0000000000000000       0x14 build/obj/boot.o
 .debug_abbrev  0x0000000000000014       0x12 build/obj/vectors.o
 .debug_abbrev  0x0000000000000026       0x14 build/obj/crt0.o
 .debug_abbrev  0x000000000000003a       0x14 build/obj/chcoreasm.o
 .debug_abbrev  0x000000000000004e      0x3b8 /tmp/ccMOdMFD.ltrans0.ltrans.o
 .debug_abbrev  0x0000000000000406      0x450 /tmp/ccMOdMFD.ltrans1.ltrans.o
 .debug_abbrev  0x0000000000000856      0x3a4 /tmp/ccMOdMFD.ltrans2.ltrans.o
 .debug_abbrev  0x0000000000000bfa      0x3b7 /tmp/ccMOdMFD.ltrans3.ltrans.o
 .debug_abbrev  0x0000000000000fb1      0x455 /tmp/ccMOdMFD.ltrans4.ltrans.o

.debug_aranges  0x0000000000000000     0x1090
 .debug_aranges
                0x0000000000000000       0x20 build/obj/boot.o
 .debug_aranges
                0x0000000000000020       0x28 build/obj/vectors.o
 .debug_aranges
                0x0000000000000048       0x20 build/obj/crt0.o
 .debug_aranges
                0x0000000000000068       0x20 build/obj/chcoreasm.o
 .debug_aranges
                0x0000000000000088      0x160 /tmp/ccMOdMFD.ltrans0.ltrans.o
 .debug_aranges
                0x00000000000001e8      0x358 /tmp/ccMOdMFD.ltrans1.ltrans.o
 .debug_aranges
                0x0000000000000540      0x298 /tmp/ccMOdMFD.ltrans2.ltrans.o
 .debug_aranges
                0x00000000000007d8      0x310 /tmp/ccMOdMFD.ltrans3.ltrans.o
 .debug_aranges
                0x0000000000000ae8      0x5a8 /tmp/ccMOdMFD.ltrans4.ltrans.o

.debug_ranges   0x0000000000000000      0xfd8
 .debug_ranges  0x0000000000000000       0x20 build/obj/vectors.o
 .debug_ranges  0x0000000000000020      0x150 /tmp/ccMOdMFD.ltrans0.ltrans.o
 .debug_ranges  0x0000000000000170      0x348 /tmp/ccMOdMFD.ltrans1.ltrans.o
 .debug_ranges  0x00000000000004b8      0x288 /tmp/ccMOdMFD.ltrans2.ltrans.o
 .debug_ranges  0x0000000000000740      0x300 /tmp/ccMOdMFD.ltrans3.ltrans.o
 .debug_ranges  0x0000000000000a40      0x598 /tmp/ccMOdMFD.ltrans4.ltrans.o

.debug_loc      0x0000000000000000     0x5280
 .debug_loc     0x0000000000000000      0x750 /tmp/ccMOdMFD.ltrans0.ltrans.o
 .debug_loc     0x0000000000000750     0x1194 /tmp/ccMOdMFD.ltrans1.ltrans.o
 .debug_loc     0x00000000000018e4      0xdcc /tmp/ccMOdMFD.ltrans2.ltrans.o
 .debug_loc     0x00000000000026b0      0xff0 /tmp/ccMOdMFD.ltrans3.ltrans.o
 .debug_loc     0x00000000000036a0     0x1be0 /tmp/ccMOdMFD.ltrans4.ltrans.o

.debug_str      0x0000000000000000     0x3078
 .debug_str     0x0000000000000000      0xfb1 /tmp/ccMOdMFD.ltrans0.ltrans.o
                                       0x10c5 (size before relaxing)
 .debug_str     0x0000000000000fb1      0xb1e /tmp/ccMOdMFD.ltrans1.ltrans.o
                                       0x15e8 (size before relaxing)
 .debug_str     0x0000000000001acf      0x6d9 /tmp/ccMOdMFD.ltrans2.ltrans.o
                                        0xc70 (size before relaxing)
 .debug_str     0x00000000000021a8      0x67c /tmp/ccMOdMFD.ltrans3.ltrans.o
                                        0xca6 (size before relaxing)
 .debug_str     0x0000000000002824      0x854 /tmp/ccMOdMFD.ltrans4.ltrans.o
                                        0xe1c (size before relaxing)

.debug_frame    0x0000000000000000     0x3130
 .debug_frame   0x0000000000000000      0x430 /tmp/ccMOdMFD.ltrans0.ltrans.o
 .debug_frame   0x0000000000000430      0xa54 /tmp/ccMOdMFD.ltrans1.ltrans.o
 .debug_frame   0x0000000000000e84      0x810 /tmp/ccMOdMFD.ltrans2.ltrans.o
 .debug_frame   0x0000000000001694      0x970 /tmp/ccMOdMFD.ltrans3.ltrans.o
 .debug_frame   0x0000000000002004     0x110c /tmp/ccMOdMFD.ltrans4.ltrans.o
 .debug_frame   0x0000000000003110       0x20 /home/chibi/Atmel/arm-gnu-toolchain/bin/../lib/gcc/arm-none-eabi/5.3.1/armv7-a/arm-softfp-vfpv4-d16/libgcc.a(_udivsi3.o)

Cross Reference Table

Symbol                                            File
Abort_Handler                                     build/obj/vectors.o
Boot_Handler                                      build/obj/boot.o
FUARTD0                                           build/obj/hal_uart_lld.o (symbol from plugin)
                                                  build/obj/main.o (symbol from plugin)
Fiq_Handler                                       build/obj/chcoreasm.o
                                                  build/obj/vectors.o
Irq_Handler                                       build/obj/vectors.o
Mon_Fiq_Handler                                   build/obj/chcoreasm.o
Mon_Irq_Handler                                   build/obj/chcoreasm.o
PIT_Handler                                       build/obj/hal_st_lld.o (symbol from plugin)
Prefetch_Handler                                  build/obj/vectors.o
Reset_Handler                                     build/obj/crt0.o
                                                  build/obj/vectors.o
                                                  build/obj/boot.o
SAMA_UART0_HANDLER                                build/obj/hal_serial_lld.o (symbol from plugin)
SAMA_UART_FLEXCOM0_HANDLER                        build/obj/hal_uart_lld.o (symbol from plugin)
SD0                                               build/obj/hal_serial_lld.o (symbol from plugin)
                                                  build/obj/main.o (symbol from plugin)
Swi_Handler                                       build/obj/vectors.o
Und_Handler                                       build/obj/vectors.o
__abt_stack_size__                                build/obj/crt0.o
__aeabi_idiv0                                     /home/chibi/Atmel/arm-gnu-toolchain/bin/../lib/gcc/arm-none-eabi/5.3.1/armv7-a/arm-softfp-vfpv4-d16/libgcc.a(_dvmd_tls.o)
                                                  /home/chibi/Atmel/arm-gnu-toolchain/bin/../lib/gcc/arm-none-eabi/5.3.1/armv7-a/arm-softfp-vfpv4-d16/libgcc.a(_udivsi3.o)
__aeabi_ldiv0                                     /home/chibi/Atmel/arm-gnu-toolchain/bin/../lib/gcc/arm-none-eabi/5.3.1/armv7-a/arm-softfp-vfpv4-d16/libgcc.a(_dvmd_tls.o)
__aeabi_uidiv                                     /home/chibi/Atmel/arm-gnu-toolchain/bin/../lib/gcc/arm-none-eabi/5.3.1/armv7-a/arm-softfp-vfpv4-d16/libgcc.a(_udivsi3.o)
                                                  /tmp/ccMOdMFD.ltrans1.ltrans.o
                                                  /tmp/ccMOdMFD.ltrans0.ltrans.o
__aeabi_uidivmod                                  /home/chibi/Atmel/arm-gnu-toolchain/bin/../lib/gcc/arm-none-eabi/5.3.1/armv7-a/arm-softfp-vfpv4-d16/libgcc.a(_udivsi3.o)
                                                  /tmp/ccMOdMFD.ltrans1.ltrans.o
__default_exit                                    /tmp/ccMOdMFD.ltrans4.ltrans.o
                                                  build/obj/crt1.o (symbol from plugin)
                                                  build/obj/crt0.o
__early_init                                      /tmp/ccMOdMFD.ltrans0.ltrans.o
                                                  build/obj/board.o (symbol from plugin)
                                                  build/obj/crt1.o (symbol from plugin)
                                                  build/obj/crt0.o
__fiq_stack_size__                                build/obj/crt0.o
__heap_base__                                     /tmp/ccMOdMFD.ltrans3.ltrans.o
                                                  build/obj/chmemcore.o (symbol from plugin)
__heap_end__                                      /tmp/ccMOdMFD.ltrans3.ltrans.o
                                                  build/obj/chmemcore.o (symbol from plugin)
__irq_stack_size__                                build/obj/crt0.o
__late_init                                       /tmp/ccMOdMFD.ltrans4.ltrans.o
                                                  build/obj/crt1.o (symbol from plugin)
                                                  build/obj/crt0.o
__stacks_end__                                    build/obj/crt0.o
__svc_stack_size__                                build/obj/crt0.o
__udivsi3                                         /home/chibi/Atmel/arm-gnu-toolchain/bin/../lib/gcc/arm-none-eabi/5.3.1/armv7-a/arm-softfp-vfpv4-d16/libgcc.a(_udivsi3.o)
__und_stack_size__                                build/obj/crt0.o
_bss_end                                          build/obj/crt0.o
_bss_start                                        build/obj/crt0.o
_core_init                                        /tmp/ccMOdMFD.ltrans3.ltrans.o
                                                  build/obj/chmemcore.o (symbol from plugin)
                                                  /tmp/ccMOdMFD.ltrans4.ltrans.o
                                                  build/obj/chsys.o (symbol from plugin)
_ctl.lto_priv.8                                   /tmp/ccMOdMFD.ltrans1.ltrans.o
                                                  /tmp/ccMOdMFD.ltrans0.ltrans.o
_data                                             build/obj/crt0.o
_edata                                            build/obj/crt0.o
_factory_init                                     build/obj/chfactory.o (symbol from plugin)
_get.lto_priv.3                                   /tmp/ccMOdMFD.ltrans1.ltrans.o
                                                  /tmp/ccMOdMFD.ltrans0.ltrans.o
_gett.lto_priv.5                                  /tmp/ccMOdMFD.ltrans1.ltrans.o
                                                  /tmp/ccMOdMFD.ltrans0.ltrans.o
_heap_init                                        /tmp/ccMOdMFD.ltrans3.ltrans.o
                                                  build/obj/chheap.o (symbol from plugin)
                                                  /tmp/ccMOdMFD.ltrans4.ltrans.o
                                                  build/obj/chsys.o (symbol from plugin)
_idle_thread.lto_priv.9                           /tmp/ccMOdMFD.ltrans4.ltrans.o
                                                  /tmp/ccMOdMFD.ltrans0.ltrans.o
_pal_lld_setgroupmode                             /tmp/ccMOdMFD.ltrans1.ltrans.o
                                                  build/obj/hal_pal_lld.o (symbol from plugin)
                                                  /tmp/ccMOdMFD.ltrans0.ltrans.o
                                                  build/obj/main.o (symbol from plugin)
                                                  build/obj/hal_pal.o (symbol from plugin)
_port_switch_arm                                  build/obj/chcoreasm.o
                                                  /tmp/ccMOdMFD.ltrans4.ltrans.o
                                                  build/obj/chschd.o (symbol from plugin)
_port_thread_start                                build/obj/chcoreasm.o
                                                  /tmp/ccMOdMFD.ltrans4.ltrans.o
                                                  build/obj/chthreads.o (symbol from plugin)
_put.lto_priv.2                                   /tmp/ccMOdMFD.ltrans1.ltrans.o
                                                  /tmp/ccMOdMFD.ltrans0.ltrans.o
_putt.lto_priv.4                                  /tmp/ccMOdMFD.ltrans1.ltrans.o
                                                  /tmp/ccMOdMFD.ltrans0.ltrans.o
_read.lto_priv.1                                  /tmp/ccMOdMFD.ltrans1.ltrans.o
                                                  /tmp/ccMOdMFD.ltrans0.ltrans.o
_readt.lto_priv.7                                 /tmp/ccMOdMFD.ltrans1.ltrans.o
                                                  /tmp/ccMOdMFD.ltrans0.ltrans.o
_sama_dma_channel_t                               /tmp/ccMOdMFD.ltrans0.ltrans.o
                                                  build/obj/sama_xdmac.o (symbol from plugin)
                                                  /tmp/ccMOdMFD.ltrans1.ltrans.o
_scheduler_init                                   build/obj/chschd.o (symbol from plugin)
                                                  build/obj/chsys.o (symbol from plugin)
_start                                            build/obj/vectors.o
                                                  build/obj/boot.o
_textdata                                         build/obj/crt0.o
_thread_init                                      build/obj/chthreads.o (symbol from plugin)
                                                  build/obj/chsys.o (symbol from plugin)
_unhandled_exception                              build/obj/vectors.o
_vt_init                                          build/obj/chvt.o (symbol from plugin)
                                                  build/obj/chsys.o (symbol from plugin)
_write.lto_priv.0                                 /tmp/ccMOdMFD.ltrans1.ltrans.o
                                                  /tmp/ccMOdMFD.ltrans0.ltrans.o
_writet.lto_priv.6                                /tmp/ccMOdMFD.ltrans1.ltrans.o
                                                  /tmp/ccMOdMFD.ltrans0.ltrans.o
aicClearInt                                       build/obj/aic.o (symbol from plugin)
aicDisableInt                                     build/obj/aic.o (symbol from plugin)
                                                  build/obj/sama_xdmac.o (symbol from plugin)
aicEnableInt                                      /tmp/ccMOdMFD.ltrans1.ltrans.o
                                                  build/obj/aic.o (symbol from plugin)
                                                  /tmp/ccMOdMFD.ltrans0.ltrans.o
                                                  build/obj/hal_uart_lld.o (symbol from plugin)
                                                  build/obj/hal_serial_lld.o (symbol from plugin)
                                                  build/obj/sama_xdmac.o (symbol from plugin)
                                                  build/obj/hal_st_lld.o (symbol from plugin)
aicInit                                           build/obj/aic.o (symbol from plugin)
                                                  build/obj/hal_lld.o (symbol from plugin)
aicSetInt                                         build/obj/aic.o (symbol from plugin)
aicSetSourceHandler                               /tmp/ccMOdMFD.ltrans1.ltrans.o
                                                  build/obj/aic.o (symbol from plugin)
                                                  /tmp/ccMOdMFD.ltrans0.ltrans.o
                                                  build/obj/hal_uart_lld.o (symbol from plugin)
                                                  build/obj/hal_serial_lld.o (symbol from plugin)
                                                  build/obj/sama_xdmac.o (symbol from plugin)
                                                  build/obj/hal_st_lld.o (symbol from plugin)
aicSetSourcePriority                              /tmp/ccMOdMFD.ltrans1.ltrans.o
                                                  build/obj/aic.o (symbol from plugin)
                                                  /tmp/ccMOdMFD.ltrans0.ltrans.o
                                                  build/obj/hal_uart_lld.o (symbol from plugin)
                                                  build/obj/hal_serial_lld.o (symbol from plugin)
                                                  build/obj/sama_xdmac.o (symbol from plugin)
                                                  build/obj/hal_st_lld.o (symbol from plugin)
aicSetSpuriousHandler                             build/obj/aic.o (symbol from plugin)
boardInit                                         /tmp/ccMOdMFD.ltrans0.ltrans.o
                                                  build/obj/board.o (symbol from plugin)
                                                  /tmp/ccMOdMFD.ltrans2.ltrans.o
                                                  build/obj/hal.o (symbol from plugin)
cacheCleanRegion                                  build/obj/sama_cache.o (symbol from plugin)
                                                  build/obj/sama_matrix.o (symbol from plugin)
cacheInvalidateRegion                             build/obj/sama_cache.o (symbol from plugin)
                                                  build/obj/sama_matrix.o (symbol from plugin)
ch                                                /tmp/ccMOdMFD.ltrans0.ltrans.o
                                                  build/obj/chschd.o (symbol from plugin)
                                                  /tmp/ccMOdMFD.ltrans4.ltrans.o
                                                  /tmp/ccMOdMFD.ltrans3.ltrans.o
                                                  /tmp/ccMOdMFD.ltrans2.ltrans.o
                                                  build/obj/hal_queues.o (symbol from plugin)
                                                  build/obj/hal_buffers.o (symbol from plugin)
                                                  build/obj/chmsg.o (symbol from plugin)
                                                  build/obj/chevents.o (symbol from plugin)
                                                  build/obj/chcond.o (symbol from plugin)
                                                  build/obj/chmtx.o (symbol from plugin)
                                                  build/obj/chsem.o (symbol from plugin)
                                                  build/obj/chregistry.o (symbol from plugin)
                                                  build/obj/chthreads.o (symbol from plugin)
                                                  build/obj/chvt.o (symbol from plugin)
                                                  build/obj/chsys.o (symbol from plugin)
chCondBroadcast                                   build/obj/chcond.o (symbol from plugin)
chCondBroadcastI                                  build/obj/chcond.o (symbol from plugin)
chCondObjectInit                                  build/obj/chcond.o (symbol from plugin)
chCondSignal                                      build/obj/chcond.o (symbol from plugin)
chCondSignalI                                     build/obj/chcond.o (symbol from plugin)
chCondWait                                        build/obj/chcond.o (symbol from plugin)
chCondWaitS                                       build/obj/chcond.o (symbol from plugin)
chCondWaitTimeout                                 build/obj/chcond.o (symbol from plugin)
chCondWaitTimeoutS                                build/obj/chcond.o (symbol from plugin)
chCoreAllocAlignedI.lto_priv.59                   /tmp/ccMOdMFD.ltrans3.ltrans.o
                                                  /tmp/ccMOdMFD.ltrans2.ltrans.o
chCoreAllocAlignedWithOffset                      build/obj/chmemcore.o (symbol from plugin)
                                                  build/obj/chheap.o (symbol from plugin)
chCoreAllocAlignedWithOffsetI                     build/obj/chmemcore.o (symbol from plugin)
                                                  build/obj/chfactory.o (symbol from plugin)
chCoreGetStatusX                                  build/obj/chmemcore.o (symbol from plugin)
chEvtAddEvents                                    build/obj/chevents.o (symbol from plugin)
chEvtBroadcastFlags                               build/obj/chevents.o (symbol from plugin)
chEvtBroadcastFlagsI                              /tmp/ccMOdMFD.ltrans4.ltrans.o
                                                  build/obj/chevents.o (symbol from plugin)
                                                  /tmp/ccMOdMFD.ltrans3.ltrans.o
                                                  /tmp/ccMOdMFD.ltrans1.ltrans.o
                                                  build/obj/hal_serial_lld.o (symbol from plugin)
                                                  build/obj/hal_serial.o (symbol from plugin)
chEvtDispatch                                     build/obj/chevents.o (symbol from plugin)
chEvtGetAndClearEvents                            build/obj/chevents.o (symbol from plugin)
chEvtGetAndClearEventsI                           build/obj/chevents.o (symbol from plugin)
chEvtGetAndClearFlags                             build/obj/chevents.o (symbol from plugin)
chEvtGetAndClearFlagsI                            build/obj/chevents.o (symbol from plugin)
chEvtRegisterMaskWithFlags                        build/obj/chevents.o (symbol from plugin)
chEvtSignal                                       build/obj/chevents.o (symbol from plugin)
chEvtSignalI                                      /tmp/ccMOdMFD.ltrans3.ltrans.o
                                                  build/obj/chevents.o (symbol from plugin)
                                                  /tmp/ccMOdMFD.ltrans4.ltrans.o
chEvtUnregister                                   build/obj/chevents.o (symbol from plugin)
chEvtWaitAll                                      build/obj/chevents.o (symbol from plugin)
chEvtWaitAllTimeout                               build/obj/chevents.o (symbol from plugin)
chEvtWaitAny                                      build/obj/chevents.o (symbol from plugin)
chEvtWaitAnyTimeout                               build/obj/chevents.o (symbol from plugin)
chEvtWaitOne                                      build/obj/chevents.o (symbol from plugin)
chEvtWaitOneTimeout                               build/obj/chevents.o (symbol from plugin)
chFactoryCreateBuffer                             build/obj/chfactory.o (symbol from plugin)
chFactoryCreateMailbox                            build/obj/chfactory.o (symbol from plugin)
chFactoryCreateObjectsFIFO                        build/obj/chfactory.o (symbol from plugin)
chFactoryCreateSemaphore                          build/obj/chfactory.o (symbol from plugin)
chFactoryFindBuffer                               build/obj/chfactory.o (symbol from plugin)
chFactoryFindMailbox                              build/obj/chfactory.o (symbol from plugin)
chFactoryFindObject                               build/obj/chfactory.o (symbol from plugin)
chFactoryFindObjectsFIFO                          build/obj/chfactory.o (symbol from plugin)
chFactoryFindSemaphore                            build/obj/chfactory.o (symbol from plugin)
chFactoryRegisterObject                           build/obj/chfactory.o (symbol from plugin)
chFactoryReleaseBuffer                            build/obj/chfactory.o (symbol from plugin)
chFactoryReleaseMailbox                           build/obj/chfactory.o (symbol from plugin)
chFactoryReleaseObject                            build/obj/chfactory.o (symbol from plugin)
chFactoryReleaseObjectsFIFO                       build/obj/chfactory.o (symbol from plugin)
chFactoryReleaseSemaphore                         build/obj/chfactory.o (symbol from plugin)
chFifoObjectInit.lto_priv.62                      /tmp/ccMOdMFD.ltrans3.ltrans.o
                                                  /tmp/ccMOdMFD.ltrans2.ltrans.o
chGuardedPoolAllocTimeout                         build/obj/chmempools.o (symbol from plugin)
chGuardedPoolAllocTimeoutS                        build/obj/chmempools.o (symbol from plugin)
chGuardedPoolFree                                 build/obj/chmempools.o (symbol from plugin)
chGuardedPoolFreeI                                build/obj/chmempools.o (symbol from plugin)
chGuardedPoolLoadArray                            build/obj/chmempools.o (symbol from plugin)
                                                  build/obj/chfactory.o (symbol from plugin)
chGuardedPoolObjectInitAligned                    build/obj/chmempools.o (symbol from plugin)
                                                  build/obj/chfactory.o (symbol from plugin)
chHeapAllocAligned                                build/obj/chheap.o (symbol from plugin)
                                                  build/obj/chfactory.o (symbol from plugin)
                                                  build/obj/chdynamic.o (symbol from plugin)
chHeapFree                                        /tmp/ccMOdMFD.ltrans3.ltrans.o
                                                  build/obj/chheap.o (symbol from plugin)
                                                  /tmp/ccMOdMFD.ltrans4.ltrans.o
                                                  build/obj/chfactory.o (symbol from plugin)
                                                  build/obj/chthreads.o (symbol from plugin)
chHeapObjectInit                                  build/obj/chheap.o (symbol from plugin)
chHeapStatus                                      build/obj/chheap.o (symbol from plugin)
chMBFetchI                                        build/obj/chmboxes.o (symbol from plugin)
chMBFetchTimeout                                  build/obj/chmboxes.o (symbol from plugin)
chMBFetchTimeoutS                                 build/obj/chmboxes.o (symbol from plugin)
chMBObjectInit                                    /tmp/ccMOdMFD.ltrans3.ltrans.o
                                                  build/obj/chmboxes.o (symbol from plugin)
                                                  /tmp/ccMOdMFD.ltrans2.ltrans.o
                                                  build/obj/chfactory.o (symbol from plugin)
chMBPostAheadI                                    build/obj/chmboxes.o (symbol from plugin)
chMBPostAheadTimeout                              build/obj/chmboxes.o (symbol from plugin)
chMBPostAheadTimeoutS                             build/obj/chmboxes.o (symbol from plugin)
chMBPostI                                         build/obj/chmboxes.o (symbol from plugin)
chMBPostTimeout                                   build/obj/chmboxes.o (symbol from plugin)
chMBPostTimeoutS                                  build/obj/chmboxes.o (symbol from plugin)
chMBReset                                         build/obj/chmboxes.o (symbol from plugin)
chMBResetI                                        build/obj/chmboxes.o (symbol from plugin)
chMsgRelease                                      build/obj/chmsg.o (symbol from plugin)
chMsgSend                                         build/obj/chmsg.o (symbol from plugin)
chMsgWait                                         build/obj/chmsg.o (symbol from plugin)
chMtxLock                                         /tmp/ccMOdMFD.ltrans4.ltrans.o
                                                  build/obj/chmtx.o (symbol from plugin)
                                                  /tmp/ccMOdMFD.ltrans3.ltrans.o
                                                  build/obj/chheap.o (symbol from plugin)
chMtxLockS                                        build/obj/chmtx.o (symbol from plugin)
                                                  build/obj/chcond.o (symbol from plugin)
chMtxObjectInit                                   /tmp/ccMOdMFD.ltrans4.ltrans.o
                                                  build/obj/chmtx.o (symbol from plugin)
                                                  /tmp/ccMOdMFD.ltrans3.ltrans.o
                                                  build/obj/chheap.o (symbol from plugin)
chMtxTryLock                                      build/obj/chmtx.o (symbol from plugin)
chMtxTryLockS                                     build/obj/chmtx.o (symbol from plugin)
chMtxUnlock                                       /tmp/ccMOdMFD.ltrans4.ltrans.o
                                                  build/obj/chmtx.o (symbol from plugin)
                                                  /tmp/ccMOdMFD.ltrans3.ltrans.o
                                                  build/obj/chheap.o (symbol from plugin)
chMtxUnlockAll                                    build/obj/chmtx.o (symbol from plugin)
chMtxUnlockAllS                                   build/obj/chmtx.o (symbol from plugin)
chMtxUnlockS                                      build/obj/chmtx.o (symbol from plugin)
                                                  build/obj/chcond.o (symbol from plugin)
chPoolAlloc                                       build/obj/chmempools.o (symbol from plugin)
                                                  build/obj/chfactory.o (symbol from plugin)
                                                  build/obj/chdynamic.o (symbol from plugin)
chPoolAllocI                                      build/obj/chmempools.o (symbol from plugin)
chPoolFree                                        /tmp/ccMOdMFD.ltrans3.ltrans.o
                                                  build/obj/chmempools.o (symbol from plugin)
                                                  /tmp/ccMOdMFD.ltrans4.ltrans.o
                                                  build/obj/chfactory.o (symbol from plugin)
                                                  build/obj/chthreads.o (symbol from plugin)
chPoolFreeI                                       build/obj/chmempools.o (symbol from plugin)
chPoolLoadArray                                   build/obj/chmempools.o (symbol from plugin)
chPoolObjectInit.lto_priv.67                      /tmp/ccMOdMFD.ltrans3.ltrans.o
                                                  /tmp/ccMOdMFD.ltrans2.ltrans.o
chPoolObjectInitAligned                           build/obj/chmempools.o (symbol from plugin)
                                                  build/obj/chfactory.o (symbol from plugin)
chRegFindThreadByName                             build/obj/chregistry.o (symbol from plugin)
chRegFindThreadByPointer                          build/obj/chregistry.o (symbol from plugin)
chRegFindThreadByWorkingArea                      build/obj/chregistry.o (symbol from plugin)
chRegFirstThread                                  build/obj/chregistry.o (symbol from plugin)
chRegNextThread                                   build/obj/chregistry.o (symbol from plugin)
chSchDoReschedule                                 /tmp/ccMOdMFD.ltrans4.ltrans.o
                                                  build/obj/chschd.o (symbol from plugin)
                                                  build/obj/chcoreasm.o
chSchDoRescheduleAhead                            build/obj/chschd.o (symbol from plugin)
chSchDoRescheduleBehind                           build/obj/chschd.o (symbol from plugin)
                                                  build/obj/chthreads.o (symbol from plugin)
chSchGoSleepS                                     /tmp/ccMOdMFD.ltrans4.ltrans.o
                                                  build/obj/chschd.o (symbol from plugin)
                                                  /tmp/ccMOdMFD.ltrans3.ltrans.o
                                                  build/obj/chmsg.o (symbol from plugin)
                                                  build/obj/chevents.o (symbol from plugin)
                                                  build/obj/chcond.o (symbol from plugin)
                                                  build/obj/chmtx.o (symbol from plugin)
                                                  build/obj/chsem.o (symbol from plugin)
                                                  build/obj/chthreads.o (symbol from plugin)
chSchGoSleepTimeoutS                              /tmp/ccMOdMFD.ltrans4.ltrans.o
                                                  build/obj/chschd.o (symbol from plugin)
                                                  /tmp/ccMOdMFD.ltrans3.ltrans.o
                                                  build/obj/chevents.o (symbol from plugin)
                                                  build/obj/chcond.o (symbol from plugin)
                                                  build/obj/chsem.o (symbol from plugin)
                                                  build/obj/chthreads.o (symbol from plugin)
chSchIsPreemptionRequired                         /tmp/ccMOdMFD.ltrans4.ltrans.o
                                                  build/obj/chschd.o (symbol from plugin)
                                                  /tmp/ccMOdMFD.ltrans1.ltrans.o
                                                  /tmp/ccMOdMFD.ltrans0.ltrans.o
                                                  build/obj/hal_uart_lld.o (symbol from plugin)
                                                  build/obj/hal_serial_lld.o (symbol from plugin)
                                                  build/obj/sama_xdmac.o (symbol from plugin)
                                                  build/obj/hal_st_lld.o (symbol from plugin)
chSchReadyAheadI                                  build/obj/chschd.o (symbol from plugin)
chSchReadyI                                       /tmp/ccMOdMFD.ltrans4.ltrans.o
                                                  build/obj/chschd.o (symbol from plugin)
                                                  /tmp/ccMOdMFD.ltrans3.ltrans.o
                                                  build/obj/chmsg.o (symbol from plugin)
                                                  build/obj/chevents.o (symbol from plugin)
                                                  build/obj/chcond.o (symbol from plugin)
                                                  build/obj/chmtx.o (symbol from plugin)
                                                  build/obj/chsem.o (symbol from plugin)
                                                  build/obj/chthreads.o (symbol from plugin)
chSchRescheduleS                                  /tmp/ccMOdMFD.ltrans4.ltrans.o
                                                  build/obj/chschd.o (symbol from plugin)
                                                  /tmp/ccMOdMFD.ltrans3.ltrans.o
                                                  /tmp/ccMOdMFD.ltrans1.ltrans.o
                                                  build/obj/hal_serial.o (symbol from plugin)
                                                  build/obj/chmempools.o (symbol from plugin)
                                                  build/obj/chmboxes.o (symbol from plugin)
                                                  build/obj/chevents.o (symbol from plugin)
                                                  build/obj/chcond.o (symbol from plugin)
                                                  build/obj/chmtx.o (symbol from plugin)
                                                  build/obj/chsem.o (symbol from plugin)
                                                  build/obj/chthreads.o (symbol from plugin)
                                                  build/obj/chsys.o (symbol from plugin)
chSchWakeupS                                      /tmp/ccMOdMFD.ltrans4.ltrans.o
                                                  build/obj/chschd.o (symbol from plugin)
                                                  /tmp/ccMOdMFD.ltrans3.ltrans.o
                                                  build/obj/chdynamic.o (symbol from plugin)
                                                  build/obj/chmsg.o (symbol from plugin)
                                                  build/obj/chcond.o (symbol from plugin)
                                                  build/obj/chsem.o (symbol from plugin)
                                                  build/obj/chthreads.o (symbol from plugin)
chSemAddCounterI                                  build/obj/chsem.o (symbol from plugin)
chSemObjectInit                                   /tmp/ccMOdMFD.ltrans4.ltrans.o
                                                  build/obj/chsem.o (symbol from plugin)
                                                  /tmp/ccMOdMFD.ltrans3.ltrans.o
                                                  /tmp/ccMOdMFD.ltrans2.ltrans.o
                                                  build/obj/chfactory.o (symbol from plugin)
                                                  build/obj/chmempools.o (symbol from plugin)
chSemReset                                        build/obj/chsem.o (symbol from plugin)
chSemResetI                                       build/obj/chsem.o (symbol from plugin)
chSemSignal                                       build/obj/chsem.o (symbol from plugin)
chSemSignalI                                      /tmp/ccMOdMFD.ltrans4.ltrans.o
                                                  build/obj/chsem.o (symbol from plugin)
                                                  /tmp/ccMOdMFD.ltrans3.ltrans.o
                                                  build/obj/chmempools.o (symbol from plugin)
chSemSignalWait                                   build/obj/chsem.o (symbol from plugin)
chSemWait                                         build/obj/chsem.o (symbol from plugin)
chSemWaitS                                        build/obj/chsem.o (symbol from plugin)
chSemWaitTimeout                                  build/obj/chsem.o (symbol from plugin)
chSemWaitTimeoutS                                 /tmp/ccMOdMFD.ltrans4.ltrans.o
                                                  build/obj/chsem.o (symbol from plugin)
                                                  /tmp/ccMOdMFD.ltrans3.ltrans.o
                                                  build/obj/chmempools.o (symbol from plugin)
chSysGetStatusAndLockX                            build/obj/chsys.o (symbol from plugin)
chSysHalt                                         /tmp/ccMOdMFD.ltrans4.ltrans.o
                                                  build/obj/chsys.o (symbol from plugin)
                                                  /tmp/ccMOdMFD.ltrans0.ltrans.o
                                                  build/obj/hal_uart_lld.o (symbol from plugin)
chSysInit                                         /tmp/ccMOdMFD.ltrans4.ltrans.o
                                                  build/obj/chsys.o (symbol from plugin)
                                                  /tmp/ccMOdMFD.ltrans0.ltrans.o
                                                  build/obj/main.o (symbol from plugin)
chSysIntegrityCheckI                              build/obj/chsys.o (symbol from plugin)
chSysLock.lto_priv.50                             /tmp/ccMOdMFD.ltrans3.ltrans.o
                                                  /tmp/ccMOdMFD.ltrans2.ltrans.o
chSysLock.lto_priv.86                             /tmp/ccMOdMFD.ltrans4.ltrans.o
                                                  /tmp/ccMOdMFD.ltrans3.ltrans.o
chSysRestoreStatusX                               build/obj/chsys.o (symbol from plugin)
chSysTimerHandlerI                                /tmp/ccMOdMFD.ltrans4.ltrans.o
                                                  build/obj/chsys.o (symbol from plugin)
                                                  /tmp/ccMOdMFD.ltrans1.ltrans.o
                                                  build/obj/hal_st_lld.o (symbol from plugin)
chSysUnlock.lto_priv.47                           /tmp/ccMOdMFD.ltrans3.ltrans.o
                                                  /tmp/ccMOdMFD.ltrans2.ltrans.o
chSysUnlock.lto_priv.80                           /tmp/ccMOdMFD.ltrans4.ltrans.o
                                                  /tmp/ccMOdMFD.ltrans3.ltrans.o
chThdAddRef                                       build/obj/chthreads.o (symbol from plugin)
chThdCreate                                       build/obj/chthreads.o (symbol from plugin)
                                                  build/obj/chsys.o (symbol from plugin)
chThdCreateFromHeap                               build/obj/chdynamic.o (symbol from plugin)
chThdCreateFromMemoryPool                         build/obj/chdynamic.o (symbol from plugin)
chThdCreateI                                      build/obj/chthreads.o (symbol from plugin)
chThdCreateStatic                                 build/obj/chthreads.o (symbol from plugin)
chThdCreateSuspended                              build/obj/chthreads.o (symbol from plugin)
chThdCreateSuspendedI                             /tmp/ccMOdMFD.ltrans4.ltrans.o
                                                  build/obj/chthreads.o (symbol from plugin)
                                                  /tmp/ccMOdMFD.ltrans3.ltrans.o
                                                  build/obj/chdynamic.o (symbol from plugin)
chThdDequeueAllI                                  /tmp/ccMOdMFD.ltrans4.ltrans.o
                                                  build/obj/chthreads.o (symbol from plugin)
                                                  /tmp/ccMOdMFD.ltrans3.ltrans.o
                                                  /tmp/ccMOdMFD.ltrans2.ltrans.o
                                                  build/obj/hal_queues.o (symbol from plugin)
                                                  build/obj/hal_buffers.o (symbol from plugin)
                                                  build/obj/chmboxes.o (symbol from plugin)
chThdDequeueNextI                                 /tmp/ccMOdMFD.ltrans4.ltrans.o
                                                  build/obj/chthreads.o (symbol from plugin)
                                                  /tmp/ccMOdMFD.ltrans3.ltrans.o
                                                  /tmp/ccMOdMFD.ltrans2.ltrans.o
                                                  build/obj/hal_queues.o (symbol from plugin)
                                                  build/obj/hal_buffers.o (symbol from plugin)
                                                  build/obj/chmboxes.o (symbol from plugin)
chThdEnqueueTimeoutS                              /tmp/ccMOdMFD.ltrans4.ltrans.o
                                                  build/obj/chthreads.o (symbol from plugin)
                                                  /tmp/ccMOdMFD.ltrans3.ltrans.o
                                                  /tmp/ccMOdMFD.ltrans2.ltrans.o
                                                  build/obj/hal_queues.o (symbol from plugin)
                                                  build/obj/hal_buffers.o (symbol from plugin)
                                                  build/obj/chmboxes.o (symbol from plugin)
chThdExit                                         /tmp/ccMOdMFD.ltrans4.ltrans.o
                                                  build/obj/chthreads.o (symbol from plugin)
                                                  build/obj/chcoreasm.o
chThdExitS                                        build/obj/chthreads.o (symbol from plugin)
chThdRelease                                      build/obj/chthreads.o (symbol from plugin)
                                                  build/obj/chregistry.o (symbol from plugin)
chThdResume                                       build/obj/chthreads.o (symbol from plugin)
chThdResumeI                                      build/obj/chthreads.o (symbol from plugin)
chThdResumeS                                      build/obj/chthreads.o (symbol from plugin)
chThdSetPriority                                  build/obj/chthreads.o (symbol from plugin)
chThdSleep                                        /tmp/ccMOdMFD.ltrans4.ltrans.o
                                                  build/obj/chthreads.o (symbol from plugin)
                                                  /tmp/ccMOdMFD.ltrans0.ltrans.o
                                                  build/obj/main.o (symbol from plugin)